Archive member included to satisfy reference by file (symbol)

/Applications/STM32CubeIDE.app/Contents/Eclipse/plugins/com.st.stm32cube.ide.mcu.externaltools.gnu-tools-for-stm32.11.3.rel1.macos64_1.1.100.202310310803/tools/bin/../lib/gcc/arm-none-eabi/11.3.1/../../../../arm-none-eabi/lib/thumb/v7-m/nofp/libc_nano.a(libc_a-exit.o)
                              /Applications/STM32CubeIDE.app/Contents/Eclipse/plugins/com.st.stm32cube.ide.mcu.externaltools.gnu-tools-for-stm32.11.3.rel1.macos64_1.1.100.202310310803/tools/bin/../lib/gcc/arm-none-eabi/11.3.1/../../../../arm-none-eabi/lib/thumb/v7-m/nofp/crt0.o (exit)
/Applications/STM32CubeIDE.app/Contents/Eclipse/plugins/com.st.stm32cube.ide.mcu.externaltools.gnu-tools-for-stm32.11.3.rel1.macos64_1.1.100.202310310803/tools/bin/../lib/gcc/arm-none-eabi/11.3.1/../../../../arm-none-eabi/lib/thumb/v7-m/nofp/libc_nano.a(libc_a-malloc.o)
                              ./Core/Src/can_rx_queue.o (malloc)
/Applications/STM32CubeIDE.app/Contents/Eclipse/plugins/com.st.stm32cube.ide.mcu.externaltools.gnu-tools-for-stm32.11.3.rel1.macos64_1.1.100.202310310803/tools/bin/../lib/gcc/arm-none-eabi/11.3.1/../../../../arm-none-eabi/lib/thumb/v7-m/nofp/libc_nano.a(libc_a-mallocr.o)
                              /Applications/STM32CubeIDE.app/Contents/Eclipse/plugins/com.st.stm32cube.ide.mcu.externaltools.gnu-tools-for-stm32.11.3.rel1.macos64_1.1.100.202310310803/tools/bin/../lib/gcc/arm-none-eabi/11.3.1/../../../../arm-none-eabi/lib/thumb/v7-m/nofp/libc_nano.a(libc_a-malloc.o) (_malloc_r)
/Applications/STM32CubeIDE.app/Contents/Eclipse/plugins/com.st.stm32cube.ide.mcu.externaltools.gnu-tools-for-stm32.11.3.rel1.macos64_1.1.100.202310310803/tools/bin/../lib/gcc/arm-none-eabi/11.3.1/../../../../arm-none-eabi/lib/thumb/v7-m/nofp/libc_nano.a(libc_a-mlock.o)
                              /Applications/STM32CubeIDE.app/Contents/Eclipse/plugins/com.st.stm32cube.ide.mcu.externaltools.gnu-tools-for-stm32.11.3.rel1.macos64_1.1.100.202310310803/tools/bin/../lib/gcc/arm-none-eabi/11.3.1/../../../../arm-none-eabi/lib/thumb/v7-m/nofp/libc_nano.a(libc_a-mallocr.o) (__malloc_lock)
/Applications/STM32CubeIDE.app/Contents/Eclipse/plugins/com.st.stm32cube.ide.mcu.externaltools.gnu-tools-for-stm32.11.3.rel1.macos64_1.1.100.202310310803/tools/bin/../lib/gcc/arm-none-eabi/11.3.1/../../../../arm-none-eabi/lib/thumb/v7-m/nofp/libc_nano.a(libc_a-findfp.o)
                              /Applications/STM32CubeIDE.app/Contents/Eclipse/plugins/com.st.stm32cube.ide.mcu.externaltools.gnu-tools-for-stm32.11.3.rel1.macos64_1.1.100.202310310803/tools/bin/../lib/gcc/arm-none-eabi/11.3.1/../../../../arm-none-eabi/lib/thumb/v7-m/nofp/libc_nano.a(libc_a-exit.o) (__stdio_exit_handler)
/Applications/STM32CubeIDE.app/Contents/Eclipse/plugins/com.st.stm32cube.ide.mcu.externaltools.gnu-tools-for-stm32.11.3.rel1.macos64_1.1.100.202310310803/tools/bin/../lib/gcc/arm-none-eabi/11.3.1/../../../../arm-none-eabi/lib/thumb/v7-m/nofp/libc_nano.a(libc_a-fwalk.o)
                              /Applications/STM32CubeIDE.app/Contents/Eclipse/plugins/com.st.stm32cube.ide.mcu.externaltools.gnu-tools-for-stm32.11.3.rel1.macos64_1.1.100.202310310803/tools/bin/../lib/gcc/arm-none-eabi/11.3.1/../../../../arm-none-eabi/lib/thumb/v7-m/nofp/libc_nano.a(libc_a-findfp.o) (_fwalk_sglue)
/Applications/STM32CubeIDE.app/Contents/Eclipse/plugins/com.st.stm32cube.ide.mcu.externaltools.gnu-tools-for-stm32.11.3.rel1.macos64_1.1.100.202310310803/tools/bin/../lib/gcc/arm-none-eabi/11.3.1/../../../../arm-none-eabi/lib/thumb/v7-m/nofp/libc_nano.a(libc_a-memset.o)
                              /Applications/STM32CubeIDE.app/Contents/Eclipse/plugins/com.st.stm32cube.ide.mcu.externaltools.gnu-tools-for-stm32.11.3.rel1.macos64_1.1.100.202310310803/tools/bin/../lib/gcc/arm-none-eabi/11.3.1/../../../../arm-none-eabi/lib/thumb/v7-m/nofp/crt0.o (memset)
/Applications/STM32CubeIDE.app/Contents/Eclipse/plugins/com.st.stm32cube.ide.mcu.externaltools.gnu-tools-for-stm32.11.3.rel1.macos64_1.1.100.202310310803/tools/bin/../lib/gcc/arm-none-eabi/11.3.1/../../../../arm-none-eabi/lib/thumb/v7-m/nofp/libc_nano.a(libc_a-impure.o)
                              /Applications/STM32CubeIDE.app/Contents/Eclipse/plugins/com.st.stm32cube.ide.mcu.externaltools.gnu-tools-for-stm32.11.3.rel1.macos64_1.1.100.202310310803/tools/bin/../lib/gcc/arm-none-eabi/11.3.1/../../../../arm-none-eabi/lib/thumb/v7-m/nofp/libc_nano.a(libc_a-malloc.o) (_impure_ptr)
/Applications/STM32CubeIDE.app/Contents/Eclipse/plugins/com.st.stm32cube.ide.mcu.externaltools.gnu-tools-for-stm32.11.3.rel1.macos64_1.1.100.202310310803/tools/bin/../lib/gcc/arm-none-eabi/11.3.1/../../../../arm-none-eabi/lib/thumb/v7-m/nofp/libc_nano.a(libc_a-sbrkr.o)
[...]
Memory Configuration

Name             Origin             Length             Attributes
RAM              0x0000000020000000 0x0000000000002800 xrw
FLASH            0x0000000008000000 0x0000000000008000 xr
*default*        0x0000000000000000 0xffffffffffffffff

Linker script and memory map

LOAD /Applications/STM32CubeIDE.app/Contents/Eclipse/plugins/com.st.stm32cube.ide.mcu.externaltools.gnu-tools-for-stm32.11.3.rel1.macos64_1.1.100.202310310803/tools/bin/../lib/gcc/arm-none-eabi/11.3.1/thumb/v7-m/nofp/crti.o
LOAD /Applications/STM32CubeIDE.app/Contents/Eclipse/plugins/com.st.stm32cube.ide.mcu.externaltools.gnu-tools-for-stm32.11.3.rel1.macos64_1.1.100.202310310803/tools/bin/../lib/gcc/arm-none-eabi/11.3.1/thumb/v7-m/nofp/crtbegin.o
LOAD /Applications/STM32CubeIDE.app/Contents/Eclipse/plugins/com.st.stm32cube.ide.mcu.externaltools.gnu-tools-for-stm32.11.3.rel1.macos64_1.1.100.202310310803/tools/bin/../lib/gcc/arm-none-eabi/11.3.1/../../../../arm-none-eabi/lib/thumb/v7-m/nofp/crt0.o
LOAD ./Core/Src/adc.o
LOAD ./Core/Src/can.o
LOAD ./Core/Src/can_rx_queue.o
LOAD ./Core/Src/dma.o
LOAD ./Core/Src/gpio.o
LOAD ./Core/Src/main.o
LOAD ./Core/Src/rtc.o
LOAD ./Core/Src/smhome_errors.o
LOAD ./Core/Src/smhome_proto.o
LOAD ./Core/Src/smhome_sensors.o
LOAD ./Core/Src/stm32f1xx_hal_msp.o
LOAD ./Core/Src/stm32f1xx_it.o
LOAD ./Core/Src/syscalls.o
LOAD ./Core/Src/sysmem.o
LOAD ./Core/Src/system_stm32f1xx.o
LOAD ./Core/Src/tim.o
LOAD ./Core/Startup/startup_stm32f103c6tx.o
LOAD ./Drivers/STM32F1xx_HAL_Driver/Src/stm32f1xx_hal.o
LOAD ./Drivers/STM32F1xx_HAL_Driver/Src/stm32f1xx_hal_adc.o
LOAD ./Drivers/STM32F1xx_HAL_Driver/Src/stm32f1xx_hal_adc_ex.o
LOAD ./Drivers/STM32F1xx_HAL_Driver/Src/stm32f1xx_hal_can.o
LOAD ./Drivers/STM32F1xx_HAL_Driver/Src/stm32f1xx_hal_cortex.o
LOAD ./Drivers/STM32F1xx_HAL_Driver/Src/stm32f1xx_hal_dma.o
LOAD ./Drivers/STM32F1xx_HAL_Driver/Src/stm32f1xx_hal_exti.o
LOAD ./Drivers/STM32F1xx_HAL_Driver/Src/stm32f1xx_hal_flash.o
LOAD ./Drivers/STM32F1xx_HAL_Driver/Src/stm32f1xx_hal_flash_ex.o
LOAD ./Drivers/STM32F1xx_HAL_Driver/Src/stm32f1xx_hal_gpio.o
LOAD ./Drivers/STM32F1xx_HAL_Driver/Src/stm32f1xx_hal_gpio_ex.o
LOAD ./Drivers/STM32F1xx_HAL_Driver/Src/stm32f1xx_hal_pwr.o
LOAD ./Drivers/STM32F1xx_HAL_Driver/Src/stm32f1xx_hal_rcc.o
LOAD ./Drivers/STM32F1xx_HAL_Driver/Src/stm32f1xx_hal_rcc_ex.o
LOAD ./Drivers/STM32F1xx_HAL_Driver/Src/stm32f1xx_hal_rtc.o
LOAD ./Drivers/STM32F1xx_HAL_Driver/Src/stm32f1xx_hal_rtc_ex.o
LOAD ./Drivers/STM32F1xx_HAL_Driver/Src/stm32f1xx_hal_tim.o
LOAD ./Drivers/STM32F1xx_HAL_Driver/Src/stm32f1xx_hal_tim_ex.o
START GROUP
LOAD /Applications/STM32CubeIDE.app/Contents/Eclipse/plugins/com.st.stm32cube.ide.mcu.externaltools.gnu-tools-for-stm32.11.3.rel1.macos64_1.1.100.202310310803/tools/bin/../lib/gcc/arm-none-eabi/11.3.1/../../../../arm-none-eabi/lib/thumb/v7-m/nofp/libc_nano.a
LOAD /Applications/STM32CubeIDE.app/Contents/Eclipse/plugins/com.st.stm32cube.ide.mcu.externaltools.gnu-tools-for-stm32.11.3.rel1.macos64_1.1.100.202310310803/tools/bin/../lib/gcc/arm-none-eabi/11.3.1/../../../../arm-none-eabi/lib/thumb/v7-m/nofp/libm.a
END GROUP
START GROUP
LOAD /Applications/STM32CubeIDE.app/Contents/Eclipse/plugins/com.st.stm32cube.ide.mcu.externaltools.gnu-tools-for-stm32.11.3.rel1.macos64_1.1.100.202310310803/tools/bin/../lib/gcc/arm-none-eabi/11.3.1/thumb/v7-m/nofp/libgcc.a
LOAD /Applications/STM32CubeIDE.app/Contents/Eclipse/plugins/com.st.stm32cube.ide.mcu.externaltools.gnu-tools-for-stm32.11.3.rel1.macos64_1.1.100.202310310803/tools/bin/../lib/gcc/arm-none-eabi/11.3.1/../../../../arm-none-eabi/lib/thumb/v7-m/nofp/libc_nano.a
END GROUP
START GROUP
LOAD /Applications/STM32CubeIDE.app/Contents/Eclipse/plugins/com.st.stm32cube.ide.mcu.externaltools.gnu-tools-for-stm32.11.3.rel1.macos64_1.1.100.202310310803/tools/bin/../lib/gcc/arm-none-eabi/11.3.1/thumb/v7-m/nofp/libgcc.a
LOAD /Applications/STM32CubeIDE.app/Contents/Eclipse/plugins/com.st.stm32cube.ide.mcu.externaltools.gnu-tools-for-stm32.11.3.rel1.macos64_1.1.100.202310310803/tools/bin/../lib/gcc/arm-none-eabi/11.3.1/../../../../arm-none-eabi/lib/thumb/v7-m/nofp/libc_nano.a
LOAD /Applications/STM32CubeIDE.app/Contents/Eclipse/plugins/com.st.stm32cube.ide.mcu.externaltools.gnu-tools-for-stm32.11.3.rel1.macos64_1.1.100.202310310803/tools/bin/../lib/gcc/arm-none-eabi/11.3.1/../../../../arm-none-eabi/lib/thumb/v7-m/nofp/libnosys.a
END GROUP
START GROUP
LOAD /Applications/STM32CubeIDE.app/Contents/Eclipse/plugins/com.st.stm32cube.ide.mcu.externaltools.gnu-tools-for-stm32.11.3.rel1.macos64_1.1.100.202310310803/tools/bin/../lib/gcc/arm-none-eabi/11.3.1/thumb/v7-m/nofp/libgcc.a
LOAD /Applications/STM32CubeIDE.app/Contents/Eclipse/plugins/com.st.stm32cube.ide.mcu.externaltools.gnu-tools-for-stm32.11.3.rel1.macos64_1.1.100.202310310803/tools/bin/../lib/gcc/arm-none-eabi/11.3.1/../../../../arm-none-eabi/lib/thumb/v7-m/nofp/libc_nano.a
LOAD /Applications/STM32CubeIDE.app/Contents/Eclipse/plugins/com.st.stm32cube.ide.mcu.externaltools.gnu-tools-for-stm32.11.3.rel1.macos64_1.1.100.202310310803/tools/bin/../lib/gcc/arm-none-eabi/11.3.1/../../../../arm-none-eabi/lib/thumb/v7-m/nofp/libnosys.a
END GROUP
LOAD /Applications/STM32CubeIDE.app/Contents/Eclipse/plugins/com.st.stm32cube.ide.mcu.externaltools.gnu-tools-for-stm32.11.3.rel1.macos64_1.1.100.202310310803/tools/bin/../lib/gcc/arm-none-eabi/11.3.1/thumb/v7-m/nofp/crtend.o
LOAD /Applications/STM32CubeIDE.app/Contents/Eclipse/plugins/com.st.stm32cube.ide.mcu.externaltools.gnu-tools-for-stm32.11.3.rel1.macos64_1.1.100.202310310803/tools/bin/../lib/gcc/arm-none-eabi/11.3.1/thumb/v7-m/nofp/crtn.o
                0x0000000020002800                _estack = (ORIGIN (RAM) + LENGTH (RAM))
                0x0000000000000200                _Min_Heap_Size = 0x200
                0x0000000000000400                _Min_Stack_Size = 0x400

.isr_vector     0x0000000008000000      0x10c
                0x0000000008000000                . = ALIGN (0x4)
 *(.isr_vector)
 .isr_vector    0x0000000008000000      0x10c ./Core/Startup/startup_stm32f103c6tx.o
                0x0000000008000000                g_pfnVectors
                0x000000000800010c                . = ALIGN (0x4)

.text           0x000000000800010c     0x5e58
                0x000000000800010c                . = ALIGN (0x4)
 *(.text)
 .text          0x000000000800010c       0x40 /Applications/STM32CubeIDE.app/Contents/Eclipse/plugins/com.st.stm32cube.ide.mcu.externaltools.gnu-tools-for-stm32.11.3.rel1.macos64_1.1.100.202310310803/tools/bin/../lib/gcc/arm-none-eabi/11.3.1/thumb/v7-m/nofp/crtbegin.o
 .text          0x000000000800014c       0x10 /Applications/STM32CubeIDE.app/Contents/Eclipse/plugins/com.st.stm32cube.ide.mcu.externaltools.gnu-tools-for-stm32.11.3.rel1.macos64_1.1.100.202310310803/tools/bin/../lib/gcc/arm-none-eabi/11.3.1/../../../../arm-none-eabi/lib/thumb/v7-m/nofp/libc_nano.a(libc_a-strlen.o)
                0x000000000800014c                strlen
 *(.text*)
 .text.MX_ADC1_Init
                0x000000000800015c       0x9c ./Core/Src/adc.o
                0x000000000800015c                MX_ADC1_Init
 .text.HAL_ADC_MspInit
                0x00000000080001f8       0x94 ./Core/Src/adc.o
                0x00000000080001f8                HAL_ADC_MspInit
 .text.HAL_ADC_MspDeInit
                0x000000000800028c       0x38 ./Core/Src/adc.o
                0x000000000800028c                HAL_ADC_MspDeInit
 .text.MX_CAN_Init
                0x00000000080002c4       0x6c ./Core/Src/can.o
                0x00000000080002c4                MX_CAN_Init
 .text.HAL_CAN_MspInit
                0x0000000008000330       0xb8 ./Core/Src/can.o
                0x0000000008000330                HAL_CAN_MspInit
 .text.CAN_ListenFilter_Init
                0x00000000080003e8       0xce ./Core/Src/can.o
                0x00000000080003e8                CAN_ListenFilter_Init
 .text.HAL_CAN_ErrorCallback
                0x00000000080004b6       0x12 ./Core/Src/can.o
                0x00000000080004b6                HAL_CAN_ErrorCallback
 .text.HAL_CAN_RxFifo0MsgPendingCallback
                0x00000000080004c8       0xa0 ./Core/Src/can.o
                0x00000000080004c8                HAL_CAN_RxFifo0MsgPendingCallback
 .text.CAN_Send_Packet
                0x0000000008000568       0x44 ./Core/Src/can.o
                0x0000000008000568                CAN_Send_Packet
 .text.q_Init   0x00000000080005ac       0x30 ./Core/Src/can_rx_queue.o
                0x00000000080005ac                q_Init
 .text.q_CreateEl
                0x00000000080005dc       0x52 ./Core/Src/can_rx_queue.o
                0x00000000080005dc                q_CreateEl
 .text.q_ClearPkt
                0x000000000800062e       0x16 ./Core/Src/can_rx_queue.o
                0x000000000800062e                q_ClearPkt
 .text.q_Push   0x0000000008000644       0x64 ./Core/Src/can_rx_queue.o
                0x0000000008000644                q_Push
 .text.q_Pop    0x00000000080006a8       0x54 ./Core/Src/can_rx_queue.o
                0x00000000080006a8                q_Pop
 .text.q_isEmpty
                0x00000000080006fc       0x20 ./Core/Src/can_rx_queue.o
                0x00000000080006fc                q_isEmpty
 .text.MX_DMA_Init
                0x000000000800071c       0x3c ./Core/Src/dma.o
                0x000000000800071c                MX_DMA_Init
 .text.MX_GPIO_Init
                0x0000000008000758      0x100 ./Core/Src/gpio.o
                0x0000000008000758                MX_GPIO_Init
 .text.main     0x0000000008000858      0x1e8 ./Core/Src/main.o
                0x0000000008000858                main
 .text.SystemClock_Config
                0x0000000008000a40       0xc0 ./Core/Src/main.o
                0x0000000008000a40                SystemClock_Config
 .text.sleepMode
                0x0000000008000b00       0x3c ./Core/Src/main.o
                0x0000000008000b00                sleepMode
 .text.Error_Handler
                0x0000000008000b3c        0xa ./Core/Src/main.o
                0x0000000008000b3c                Error_Handler
 *fill*         0x0000000008000b46        0x2 
 .text.MX_RTC_Init
                0x0000000008000b48       0x38 ./Core/Src/rtc.o
                0x0000000008000b48                MX_RTC_Init
 .text.HAL_RTC_MspInit
                0x0000000008000b80       0x48 ./Core/Src/rtc.o
                0x0000000008000b80                HAL_RTC_MspInit
 .text.getUpTime
                0x0000000008000bc8       0x64 ./Core/Src/rtc.o
                0x0000000008000bc8                getUpTime
 .text.SMHome_error
                0x0000000008000c2c        0xa ./Core/Src/smhome_errors.o
                0x0000000008000c2c                SMHome_error
 *fill*         0x0000000008000c36        0x2 
 .text.SMHome_InputSelector
                0x0000000008000c38       0xec ./Core/Src/smhome_proto.o
                0x0000000008000c38                SMHome_InputSelector
 .text.CAN_TxHeader_Create
                0x0000000008000d24       0x94 ./Core/Src/smhome_proto.o
                0x0000000008000d24                CAN_TxHeader_Create
 .text.SMHome_SendUID
                0x0000000008000db8      0x1b0 ./Core/Src/smhome_proto.o
                0x0000000008000db8                SMHome_SendUID
 .text.SMHome_SendUpTime
                0x0000000008000f68       0x74 ./Core/Src/smhome_proto.o
                0x0000000008000f68                SMHome_SendUpTime
 .text.SMHome_NetConf
                0x0000000008000fdc      0x1d0 ./Core/Src/smhome_proto.o
                0x0000000008000fdc                SMHome_NetConf
 .text.SMHome_SendSensorConf
                0x00000000080011ac      0x134 ./Core/Src/smhome_proto.o
                0x00000000080011ac                SMHome_SendSensorConf
 .text.SMHome_ReplySensorValue
                0x00000000080012e0       0x98 ./Core/Src/smhome_proto.o
                0x00000000080012e0                SMHome_ReplySensorValue
 .text.SMHome_SendSensorValue
                0x0000000008001378       0xa8 ./Core/Src/smhome_proto.o
                0x0000000008001378                SMHome_SendSensorValue
 .text.SMHome_SwitchSensorState
                0x0000000008001420       0x52 ./Core/Src/smhome_proto.o
                0x0000000008001420                SMHome_SwitchSensorState
 *fill*         0x0000000008001472        0x2 
 .text.SMHome_SendError
                0x0000000008001474       0x98 ./Core/Src/smhome_proto.o
                0x0000000008001474                SMHome_SendError
 .text.Sensor_DB_Init
                0x000000000800150c      0x1f0 ./Core/Src/smhome_sensors.o
                0x000000000800150c                Sensor_DB_Init
 .text.EXTI15_10_IRQHandler
                0x00000000080016fc       0x18 ./Core/Src/smhome_sensors.o
                0x00000000080016fc                EXTI15_10_IRQHandler
 .text.EXTI0_IRQHandler
                0x0000000008001714        0xe ./Core/Src/smhome_sensors.o
                0x0000000008001714                EXTI0_IRQHandler
 .text.EXTI1_IRQHandler
                0x0000000008001722        0xe ./Core/Src/smhome_sensors.o
                0x0000000008001722                EXTI1_IRQHandler
 .text.EXTI2_IRQHandler
                0x0000000008001730        0xe ./Core/Src/smhome_sensors.o
                0x0000000008001730                EXTI2_IRQHandler
 .text.HAL_GPIO_EXTI_Callback
                0x000000000800173e       0xa4 ./Core/Src/smhome_sensors.o
                0x000000000800173e                HAL_GPIO_EXTI_Callback
 *fill*         0x00000000080017e2        0x2 
 .text.GetPortNum
                0x00000000080017e4       0x40 ./Core/Src/smhome_sensors.o
                0x00000000080017e4                GetPortNum
 .text.SMH_SensorDB_Add
                0x0000000008001824       0x30 ./Core/Src/smhome_sensors.o
                0x0000000008001824                SMH_SensorDB_Add
 .text.Sensor_Init
                0x0000000008001854       0xe6 ./Core/Src/smhome_sensors.o
                0x0000000008001854                Sensor_Init
 .text.Sensor_SetPolling
                0x000000000800193a       0x52 ./Core/Src/smhome_sensors.o
                0x000000000800193a                Sensor_SetPolling
 .text.Sensor_OFF
                0x000000000800198c       0x5e ./Core/Src/smhome_sensors.o
                0x000000000800198c                Sensor_OFF
 *fill*         0x00000000080019ea        0x2 
 .text.Sensor_ON
                0x00000000080019ec      0x10c ./Core/Src/smhome_sensors.o
                0x00000000080019ec                Sensor_ON
 .text.GetSensorByID
                0x0000000008001af8       0x40 ./Core/Src/smhome_sensors.o
                0x0000000008001af8                GetSensorByID
 .text.GetSensorByPinNum
                0x0000000008001b38       0x4c ./Core/Src/smhome_sensors.o
                0x0000000008001b38                GetSensorByPinNum
 .text.SMH_ADC_RunConversation
                0x0000000008001b84      0x188 ./Core/Src/smhome_sensors.o
                0x0000000008001b84                SMH_ADC_RunConversation
 .text.SMH_SensorDOPolling
                0x0000000008001d0c      0x100 ./Core/Src/smhome_sensors.o
                0x0000000008001d0c                SMH_SensorDOPolling
 .text.SMH_SensorGetValue
                0x0000000008001e0c       0xf8 ./Core/Src/smhome_sensors.o
                0x0000000008001e0c                SMH_SensorGetValue
 .text.SMH_SensorSwitch
                0x0000000008001f04       0x66 ./Core/Src/smhome_sensors.o
                0x0000000008001f04                SMH_SensorSwitch
 *fill*         0x0000000008001f6a        0x2 
 .text.HAL_MspInit
                0x0000000008001f6c       0x64 ./Core/Src/stm32f1xx_hal_msp.o
                0x0000000008001f6c                HAL_MspInit
 .text.NMI_Handler
                0x0000000008001fd0        0x6 ./Core/Src/stm32f1xx_it.o
                0x0000000008001fd0                NMI_Handler
 .text.HardFault_Handler
                0x0000000008001fd6        0x6 ./Core/Src/stm32f1xx_it.o
                0x0000000008001fd6                HardFault_Handler
 .text.MemManage_Handler
                0x0000000008001fdc        0x6 ./Core/Src/stm32f1xx_it.o
                0x0000000008001fdc                MemManage_Handler
 .text.BusFault_Handler
                0x0000000008001fe2        0x6 ./Core/Src/stm32f1xx_it.o
                0x0000000008001fe2                BusFault_Handler
 .text.UsageFault_Handler
                0x0000000008001fe8        0x6 ./Core/Src/stm32f1xx_it.o
                0x0000000008001fe8                UsageFault_Handler
 .text.SVC_Handler
                0x0000000008001fee        0xc ./Core/Src/stm32f1xx_it.o
                0x0000000008001fee                SVC_Handler
 .text.DebugMon_Handler
                0x0000000008001ffa        0xc ./Core/Src/stm32f1xx_it.o
                0x0000000008001ffa                DebugMon_Handler
 .text.PendSV_Handler
                0x0000000008002006        0xc ./Core/Src/stm32f1xx_it.o
                0x0000000008002006                PendSV_Handler
 .text.SysTick_Handler
                0x0000000008002012        0xc ./Core/Src/stm32f1xx_it.o
                0x0000000008002012                SysTick_Handler
 *fill*         0x000000000800201e        0x2 
 .text.DMA1_Channel1_IRQHandler
                0x0000000008002020       0x14 ./Core/Src/stm32f1xx_it.o
                0x0000000008002020                DMA1_Channel1_IRQHandler
 .text.USB_LP_CAN1_RX0_IRQHandler
                0x0000000008002034       0x14 ./Core/Src/stm32f1xx_it.o
                0x0000000008002034                USB_LP_CAN1_RX0_IRQHandler
 .text.CAN1_SCE_IRQHandler
                0x0000000008002048       0x14 ./Core/Src/stm32f1xx_it.o
                0x0000000008002048                CAN1_SCE_IRQHandler
 .text.TIM2_IRQHandler
                0x000000000800205c       0x14 ./Core/Src/stm32f1xx_it.o
                0x000000000800205c                TIM2_IRQHandler
 .text._sbrk    0x0000000008002070       0x6c ./Core/Src/sysmem.o
                0x0000000008002070                _sbrk
 .text.SystemInit
                0x00000000080020dc        0xc ./Core/Src/system_stm32f1xx.o
                0x00000000080020dc                SystemInit
 .text.MX_TIM2_Init
                0x00000000080020e8       0x9c ./Core/Src/tim.o
                0x00000000080020e8                MX_TIM2_Init
 .text.HAL_TIM_Base_MspInit
                0x0000000008002184       0x48 ./Core/Src/tim.o
                0x0000000008002184                HAL_TIM_Base_MspInit
 .text.HAL_TIM_PeriodElapsedCallback
                0x00000000080021cc       0x28 ./Core/Src/tim.o
                0x00000000080021cc                HAL_TIM_PeriodElapsedCallback
 .text.Reset_Handler
                0x00000000080021f4       0x48 ./Core/Startup/startup_stm32f103c6tx.o
                0x00000000080021f4                Reset_Handler
 .text.Default_Handler
                0x000000000800223c        0x2 ./Core/Startup/startup_stm32f103c6tx.o
                0x000000000800223c                USBWakeUp_IRQHandler
                0x000000000800223c                TIM1_CC_IRQHandler
                0x000000000800223c                PVD_IRQHandler
                0x000000000800223c                EXTI3_IRQHandler
                0x000000000800223c                ADC1_2_IRQHandler
                0x000000000800223c                SPI1_IRQHandler
                0x000000000800223c                TAMPER_IRQHandler
                0x000000000800223c                DMA1_Channel4_IRQHandler
                0x000000000800223c                RTC_IRQHandler
                0x000000000800223c                DMA1_Channel7_IRQHandler
                0x000000000800223c                CAN1_RX1_IRQHandler
                0x000000000800223c                I2C1_EV_IRQHandler
                0x000000000800223c                DMA1_Channel6_IRQHandler
                0x000000000800223c                TIM3_IRQHandler
                0x000000000800223c                RCC_IRQHandler
                0x000000000800223c                TIM1_TRG_COM_IRQHandler
                0x000000000800223c                Default_Handler
                0x000000000800223c                EXTI9_5_IRQHandler
                0x000000000800223c                DMA1_Channel5_IRQHandler
                0x000000000800223c                EXTI4_IRQHandler
                0x000000000800223c                USB_HP_CAN1_TX_IRQHandler
                0x000000000800223c                DMA1_Channel3_IRQHandler
                0x000000000800223c                TIM1_UP_IRQHandler
                0x000000000800223c                WWDG_IRQHandler
                0x000000000800223c                TIM1_BRK_IRQHandler
                0x000000000800223c                USART2_IRQHandler
                0x000000000800223c                DMA1_Channel2_IRQHandler
                0x000000000800223c                FLASH_IRQHandler
                0x000000000800223c                USART1_IRQHandler
                0x000000000800223c                I2C1_ER_IRQHandler
                0x000000000800223c                RTC_Alarm_IRQHandler
 *fill*         0x000000000800223e        0x2 
 .text.HAL_Init
                0x0000000008002240       0x2c ./Drivers/STM32F1xx_HAL_Driver/Src/stm32f1xx_hal.o
                0x0000000008002240                HAL_Init
 .text.HAL_InitTick
                0x000000000800226c       0x60 ./Drivers/STM32F1xx_HAL_Driver/Src/stm32f1xx_hal.o
                0x000000000800226c                HAL_InitTick
 .text.HAL_IncTick
                0x00000000080022cc       0x24 ./Drivers/STM32F1xx_HAL_Driver/Src/stm32f1xx_hal.o
                0x00000000080022cc                HAL_IncTick
 .text.HAL_GetTick
                0x00000000080022f0       0x14 ./Drivers/STM32F1xx_HAL_Driver/Src/stm32f1xx_hal.o
                0x00000000080022f0                HAL_GetTick
 .text.HAL_SuspendTick
                0x0000000008002304       0x1c ./Drivers/STM32F1xx_HAL_Driver/Src/stm32f1xx_hal.o
                0x0000000008002304                HAL_SuspendTick
 .text.HAL_ResumeTick
                0x0000000008002320       0x1c ./Drivers/STM32F1xx_HAL_Driver/Src/stm32f1xx_hal.o
                0x0000000008002320                HAL_ResumeTick
 .text.HAL_ADC_Init
                0x000000000800233c      0x1b0 ./Drivers/STM32F1xx_HAL_Driver/Src/stm32f1xx_hal_adc.o
                0x000000000800233c                HAL_ADC_Init
 .text.HAL_ADC_DeInit
                0x00000000080024ec      0x184 ./Drivers/STM32F1xx_HAL_Driver/Src/stm32f1xx_hal_adc.o
                0x00000000080024ec                HAL_ADC_DeInit
 .text.HAL_ADC_Start_DMA
                0x0000000008002670      0x1bc ./Drivers/STM32F1xx_HAL_Driver/Src/stm32f1xx_hal_adc.o
                0x0000000008002670                HAL_ADC_Start_DMA
 .text.HAL_ADC_Stop_DMA
                0x000000000800282c       0x98 ./Drivers/STM32F1xx_HAL_Driver/Src/stm32f1xx_hal_adc.o
                0x000000000800282c                HAL_ADC_Stop_DMA
 .text.HAL_ADC_ConvCpltCallback
                0x00000000080028c4       0x12 ./Drivers/STM32F1xx_HAL_Driver/Src/stm32f1xx_hal_adc.o
                0x00000000080028c4                HAL_ADC_ConvCpltCallback
 .text.HAL_ADC_ConvHalfCpltCallback
                0x00000000080028d6       0x12 ./Drivers/STM32F1xx_HAL_Driver/Src/stm32f1xx_hal_adc.o
                0x00000000080028d6                HAL_ADC_ConvHalfCpltCallback
 .text.HAL_ADC_ErrorCallback
                0x00000000080028e8       0x12 ./Drivers/STM32F1xx_HAL_Driver/Src/stm32f1xx_hal_adc.o
                0x00000000080028e8                HAL_ADC_ErrorCallback
 *fill*         0x00000000080028fa        0x2 
 .text.HAL_ADC_ConfigChannel
                0x00000000080028fc      0x1f0 ./Drivers/STM32F1xx_HAL_Driver/Src/stm32f1xx_hal_adc.o
                0x00000000080028fc                HAL_ADC_ConfigChannel
 .text.ADC_Enable
                0x0000000008002aec       0xb4 ./Drivers/STM32F1xx_HAL_Driver/Src/stm32f1xx_hal_adc.o
                0x0000000008002aec                ADC_Enable
 .text.ADC_ConversionStop_Disable
                0x0000000008002ba0       0x82 ./Drivers/STM32F1xx_HAL_Driver/Src/stm32f1xx_hal_adc.o
                0x0000000008002ba0                ADC_ConversionStop_Disable
 .text.ADC_DMAConvCplt
                0x0000000008002c22       0x7c ./Drivers/STM32F1xx_HAL_Driver/Src/stm32f1xx_hal_adc.o
                0x0000000008002c22                ADC_DMAConvCplt
 .text.ADC_DMAHalfConvCplt
                0x0000000008002c9e       0x1c ./Drivers/STM32F1xx_HAL_Driver/Src/stm32f1xx_hal_adc.o
                0x0000000008002c9e                ADC_DMAHalfConvCplt
 .text.ADC_DMAError
                0x0000000008002cba       0x34 ./Drivers/STM32F1xx_HAL_Driver/Src/stm32f1xx_hal_adc.o
                0x0000000008002cba                ADC_DMAError
 *fill*         0x0000000008002cee        0x2 
 .text.HAL_ADCEx_Calibration_Start
                0x0000000008002cf0      0x15c ./Drivers/STM32F1xx_HAL_Driver/Src/stm32f1xx_hal_adc_ex.o
                0x0000000008002cf0                HAL_ADCEx_Calibration_Start
 .text.HAL_CAN_Init
                0x0000000008002e4c      0x1f6 ./Drivers/STM32F1xx_HAL_Driver/Src/stm32f1xx_hal_can.o
                0x0000000008002e4c                HAL_CAN_Init
 .text.HAL_CAN_ConfigFilter
                0x0000000008003042      0x192 ./Drivers/STM32F1xx_HAL_Driver/Src/stm32f1xx_hal_can.o
                0x0000000008003042                HAL_CAN_ConfigFilter
 .text.HAL_CAN_Start
                0x00000000080031d4       0x88 ./Drivers/STM32F1xx_HAL_Driver/Src/stm32f1xx_hal_can.o
                0x00000000080031d4                HAL_CAN_Start
 .text.HAL_CAN_AddTxMessage
                0x000000000800325c      0x19e ./Drivers/STM32F1xx_HAL_Driver/Src/stm32f1xx_hal_can.o
                0x000000000800325c                HAL_CAN_AddTxMessage
 .text.HAL_CAN_GetTxMailboxesFreeLevel
                0x00000000080033fa       0x68 ./Drivers/STM32F1xx_HAL_Driver/Src/stm32f1xx_hal_can.o
                0x00000000080033fa                HAL_CAN_GetTxMailboxesFreeLevel
 .text.HAL_CAN_GetRxMessage
                0x0000000008003462      0x242 ./Drivers/STM32F1xx_HAL_Driver/Src/stm32f1xx_hal_can.o
                0x0000000008003462                HAL_CAN_GetRxMessage
 .text.HAL_CAN_ActivateNotification
                0x00000000080036a4       0x4a ./Drivers/STM32F1xx_HAL_Driver/Src/stm32f1xx_hal_can.o
                0x00000000080036a4                HAL_CAN_ActivateNotification
 .text.HAL_CAN_IRQHandler
                0x00000000080036ee      0x36e ./Drivers/STM32F1xx_HAL_Driver/Src/stm32f1xx_hal_can.o
                0x00000000080036ee                HAL_CAN_IRQHandler
 .text.HAL_CAN_TxMailbox0CompleteCallback
                0x0000000008003a5c       0x12 ./Drivers/STM32F1xx_HAL_Driver/Src/stm32f1xx_hal_can.o
                0x0000000008003a5c                HAL_CAN_TxMailbox0CompleteCallback
 .text.HAL_CAN_TxMailbox1CompleteCallback
                0x0000000008003a6e       0x12 ./Drivers/STM32F1xx_HAL_Driver/Src/stm32f1xx_hal_can.o
                0x0000000008003a6e                HAL_CAN_TxMailbox1CompleteCallback
 .text.HAL_CAN_TxMailbox2CompleteCallback
                0x0000000008003a80       0x12 ./Drivers/STM32F1xx_HAL_Driver/Src/stm32f1xx_hal_can.o
                0x0000000008003a80                HAL_CAN_TxMailbox2CompleteCallback
 .text.HAL_CAN_TxMailbox0AbortCallback
                0x0000000008003a92       0x12 ./Drivers/STM32F1xx_HAL_Driver/Src/stm32f1xx_hal_can.o
                0x0000000008003a92                HAL_CAN_TxMailbox0AbortCallback
 .text.HAL_CAN_TxMailbox1AbortCallback
                0x0000000008003aa4       0x12 ./Drivers/STM32F1xx_HAL_Driver/Src/stm32f1xx_hal_can.o
                0x0000000008003aa4                HAL_CAN_TxMailbox1AbortCallback
 .text.HAL_CAN_TxMailbox2AbortCallback
                0x0000000008003ab6       0x12 ./Drivers/STM32F1xx_HAL_Driver/Src/stm32f1xx_hal_can.o
                0x0000000008003ab6                HAL_CAN_TxMailbox2AbortCallback
 .text.HAL_CAN_RxFifo0FullCallback
                0x0000000008003ac8       0x12 ./Drivers/STM32F1xx_HAL_Driver/Src/stm32f1xx_hal_can.o
                0x0000000008003ac8                HAL_CAN_RxFifo0FullCallback
 .text.HAL_CAN_RxFifo1MsgPendingCallback
                0x0000000008003ada       0x12 ./Drivers/STM32F1xx_HAL_Driver/Src/stm32f1xx_hal_can.o
                0x0000000008003ada                HAL_CAN_RxFifo1MsgPendingCallback
 .text.HAL_CAN_RxFifo1FullCallback
                0x0000000008003aec       0x12 ./Drivers/STM32F1xx_HAL_Driver/Src/stm32f1xx_hal_can.o
                0x0000000008003aec                HAL_CAN_RxFifo1FullCallback
 .text.HAL_CAN_SleepCallback
                0x0000000008003afe       0x12 ./Drivers/STM32F1xx_HAL_Driver/Src/stm32f1xx_hal_can.o
                0x0000000008003afe                HAL_CAN_SleepCallback
 .text.HAL_CAN_WakeUpFromRxMsgCallback
                0x0000000008003b10       0x12 ./Drivers/STM32F1xx_HAL_Driver/Src/stm32f1xx_hal_can.o
                0x0000000008003b10                HAL_CAN_WakeUpFromRxMsgCallback
 *fill*         0x0000000008003b22        0x2 
 .text.__NVIC_SetPriorityGrouping
                0x0000000008003b24       0x48 ./Drivers/STM32F1xx_HAL_Driver/Src/stm32f1xx_hal_cortex.o
 .text.__NVIC_GetPriorityGrouping
                0x0000000008003b6c       0x1c ./Drivers/STM32F1xx_HAL_Driver/Src/stm32f1xx_hal_cortex.o
 .text.__NVIC_EnableIRQ
                0x0000000008003b88       0x38 ./Drivers/STM32F1xx_HAL_Driver/Src/stm32f1xx_hal_cortex.o
 .text.__NVIC_DisableIRQ
                0x0000000008003bc0       0x48 ./Drivers/STM32F1xx_HAL_Driver/Src/stm32f1xx_hal_cortex.o
 .text.__NVIC_SetPriority
                0x0000000008003c08       0x54 ./Drivers/STM32F1xx_HAL_Driver/Src/stm32f1xx_hal_cortex.o
 .text.NVIC_EncodePriority
                0x0000000008003c5c       0x64 ./Drivers/STM32F1xx_HAL_Driver/Src/stm32f1xx_hal_cortex.o
 .text.SysTick_Config
                0x0000000008003cc0       0x44 ./Drivers/STM32F1xx_HAL_Driver/Src/stm32f1xx_hal_cortex.o
 .text.HAL_NVIC_SetPriorityGrouping
                0x0000000008003d04       0x16 ./Drivers/STM32F1xx_HAL_Driver/Src/stm32f1xx_hal_cortex.o
                0x0000000008003d04                HAL_NVIC_SetPriorityGrouping
 .text.HAL_NVIC_SetPriority
                0x0000000008003d1a       0x38 ./Drivers/STM32F1xx_HAL_Driver/Src/stm32f1xx_hal_cortex.o
                0x0000000008003d1a                HAL_NVIC_SetPriority
 .text.HAL_NVIC_EnableIRQ
                0x0000000008003d52       0x1c ./Drivers/STM32F1xx_HAL_Driver/Src/stm32f1xx_hal_cortex.o
                0x0000000008003d52                HAL_NVIC_EnableIRQ
 .text.HAL_NVIC_DisableIRQ
                0x0000000008003d6e       0x1c ./Drivers/STM32F1xx_HAL_Driver/Src/stm32f1xx_hal_cortex.o
                0x0000000008003d6e                HAL_NVIC_DisableIRQ
 .text.HAL_SYSTICK_Config
                0x0000000008003d8a       0x18 ./Drivers/STM32F1xx_HAL_Driver/Src/stm32f1xx_hal_cortex.o
                0x0000000008003d8a                HAL_SYSTICK_Config
 *fill*         0x0000000008003da2        0x2 
 .text.HAL_DMA_Init
                0x0000000008003da4       0xb4 ./Drivers/STM32F1xx_HAL_Driver/Src/stm32f1xx_hal_dma.o
                0x0000000008003da4                HAL_DMA_Init
 .text.HAL_DMA_DeInit
                0x0000000008003e58       0xb8 ./Drivers/STM32F1xx_HAL_Driver/Src/stm32f1xx_hal_dma.o
                0x0000000008003e58                HAL_DMA_DeInit
 .text.HAL_DMA_Start_IT
                0x0000000008003f10       0xc0 ./Drivers/STM32F1xx_HAL_Driver/Src/stm32f1xx_hal_dma.o
                0x0000000008003f10                HAL_DMA_Start_IT
 .text.HAL_DMA_Abort
                0x0000000008003fd0       0x76 ./Drivers/STM32F1xx_HAL_Driver/Src/stm32f1xx_hal_dma.o
                0x0000000008003fd0                HAL_DMA_Abort
 *fill*         0x0000000008004046        0x2 
 .text.HAL_DMA_IRQHandler
                0x0000000008004048      0x20c ./Drivers/STM32F1xx_HAL_Driver/Src/stm32f1xx_hal_dma.o
                0x0000000008004048                HAL_DMA_IRQHandler
 .text.DMA_SetConfig
                0x0000000008004254       0x5a ./Drivers/STM32F1xx_HAL_Driver/Src/stm32f1xx_hal_dma.o
 *fill*         0x00000000080042ae        0x2 
 .text.HAL_GPIO_Init
                0x00000000080042b0      0x2f8 ./Drivers/STM32F1xx_HAL_Driver/Src/stm32f1xx_hal_gpio.o
                0x00000000080042b0                HAL_GPIO_Init
 .text.HAL_GPIO_DeInit
                0x00000000080045a8      0x168 ./Drivers/STM32F1xx_HAL_Driver/Src/stm32f1xx_hal_gpio.o
                0x00000000080045a8                HAL_GPIO_DeInit
 .text.HAL_GPIO_ReadPin
                0x0000000008004710       0x2e ./Drivers/STM32F1xx_HAL_Driver/Src/stm32f1xx_hal_gpio.o
                0x0000000008004710                HAL_GPIO_ReadPin
 .text.HAL_GPIO_WritePin
                0x000000000800473e       0x30 ./Drivers/STM32F1xx_HAL_Driver/Src/stm32f1xx_hal_gpio.o
                0x000000000800473e                HAL_GPIO_WritePin
 *fill*         0x000000000800476e        0x2 
 .text.HAL_GPIO_EXTI_IRQHandler
                0x0000000008004770       0x30 ./Drivers/STM32F1xx_HAL_Driver/Src/stm32f1xx_hal_gpio.o
                0x0000000008004770                HAL_GPIO_EXTI_IRQHandler
 .text.HAL_PWR_EnableBkUpAccess
                0x00000000080047a0       0x18 ./Drivers/STM32F1xx_HAL_Driver/Src/stm32f1xx_hal_pwr.o
                0x00000000080047a0                HAL_PWR_EnableBkUpAccess
 .text.HAL_PWR_EnterSLEEPMode
                0x00000000080047b8       0x38 ./Drivers/STM32F1xx_HAL_Driver/Src/stm32f1xx_hal_pwr.o
                0x00000000080047b8                HAL_PWR_EnterSLEEPMode
 .text.HAL_RCC_OscConfig
                0x00000000080047f0      0x504 ./Drivers/STM32F1xx_HAL_Driver/Src/stm32f1xx_hal_rcc.o
                0x00000000080047f0                HAL_RCC_OscConfig
 .text.HAL_RCC_ClockConfig
                0x0000000008004cf4      0x1d4 ./Drivers/STM32F1xx_HAL_Driver/Src/stm32f1xx_hal_rcc.o
                0x0000000008004cf4                HAL_RCC_ClockConfig
 .text.HAL_RCC_GetSysClockFreq
                0x0000000008004ec8       0xa8 ./Drivers/STM32F1xx_HAL_Driver/Src/stm32f1xx_hal_rcc.o
                0x0000000008004ec8                HAL_RCC_GetSysClockFreq
 .text.HAL_RCC_GetHCLKFreq
                0x0000000008004f70       0x14 ./Drivers/STM32F1xx_HAL_Driver/Src/stm32f1xx_hal_rcc.o
                0x0000000008004f70                HAL_RCC_GetHCLKFreq
 .text.HAL_RCC_GetPCLK2Freq
                0x0000000008004f84       0x28 ./Drivers/STM32F1xx_HAL_Driver/Src/stm32f1xx_hal_rcc.o
                0x0000000008004f84                HAL_RCC_GetPCLK2Freq
 .text.RCC_Delay
                0x0000000008004fac       0x3c ./Drivers/STM32F1xx_HAL_Driver/Src/stm32f1xx_hal_rcc.o
 .text.HAL_RCCEx_PeriphCLKConfig
                0x0000000008004fe8      0x16c ./Drivers/STM32F1xx_HAL_Driver/Src/stm32f1xx_hal_rcc_ex.o
                0x0000000008004fe8                HAL_RCCEx_PeriphCLKConfig
 .text.HAL_RCCEx_GetPeriphCLKFreq
                0x0000000008005154      0x16c ./Drivers/STM32F1xx_HAL_Driver/Src/stm32f1xx_hal_rcc_ex.o
                0x0000000008005154                HAL_RCCEx_GetPeriphCLKFreq
 .text.HAL_RTC_Init
                0x00000000080052c0      0x118 ./Drivers/STM32F1xx_HAL_Driver/Src/stm32f1xx_hal_rtc.o
                0x00000000080052c0                HAL_RTC_Init
 .text.HAL_RTC_WaitForSynchro
                0x00000000080053d8       0x5a ./Drivers/STM32F1xx_HAL_Driver/Src/stm32f1xx_hal_rtc.o
                0x00000000080053d8                HAL_RTC_WaitForSynchro
 .text.RTC_EnterInitMode
                0x0000000008005432       0x50 ./Drivers/STM32F1xx_HAL_Driver/Src/stm32f1xx_hal_rtc.o
 .text.RTC_ExitInitMode
                0x0000000008005482       0x50 ./Drivers/STM32F1xx_HAL_Driver/Src/stm32f1xx_hal_rtc.o
 .text.HAL_TIM_Base_Init
                0x00000000080054d2       0x9e ./Drivers/STM32F1xx_HAL_Driver/Src/stm32f1xx_hal_tim.o
                0x00000000080054d2                HAL_TIM_Base_Init
 .text.HAL_TIM_Base_Start_IT
                0x0000000008005570       0x98 ./Drivers/STM32F1xx_HAL_Driver/Src/stm32f1xx_hal_tim.o
                0x0000000008005570                HAL_TIM_Base_Start_IT
 .text.HAL_TIM_IRQHandler
                0x0000000008005608      0x210 ./Drivers/STM32F1xx_HAL_Driver/Src/stm32f1xx_hal_tim.o
                0x0000000008005608                HAL_TIM_IRQHandler
 .text.HAL_TIM_ConfigClockSource
                0x0000000008005818      0x18e ./Drivers/STM32F1xx_HAL_Driver/Src/stm32f1xx_hal_tim.o
                0x0000000008005818                HAL_TIM_ConfigClockSource
 .text.HAL_TIM_OC_DelayElapsedCallback
                0x00000000080059a6       0x12 ./Drivers/STM32F1xx_HAL_Driver/Src/stm32f1xx_hal_tim.o
                0x00000000080059a6                HAL_TIM_OC_DelayElapsedCallback
 .text.HAL_TIM_IC_CaptureCallback
                0x00000000080059b8       0x12 ./Drivers/STM32F1xx_HAL_Driver/Src/stm32f1xx_hal_tim.o
                0x00000000080059b8                HAL_TIM_IC_CaptureCallback
 .text.HAL_TIM_PWM_PulseFinishedCallback
                0x00000000080059ca       0x12 ./Drivers/STM32F1xx_HAL_Driver/Src/stm32f1xx_hal_tim.o
                0x00000000080059ca                HAL_TIM_PWM_PulseFinishedCallback
 .text.HAL_TIM_TriggerCallback
                0x00000000080059dc       0x12 ./Drivers/STM32F1xx_HAL_Driver/Src/stm32f1xx_hal_tim.o
                0x00000000080059dc                HAL_TIM_TriggerCallback
 *fill*         0x00000000080059ee        0x2 
 .text.TIM_Base_SetConfig
                0x00000000080059f0       0xb0 ./Drivers/STM32F1xx_HAL_Driver/Src/stm32f1xx_hal_tim.o
                0x00000000080059f0                TIM_Base_SetConfig
 .text.TIM_TI1_ConfigInputStage
                0x0000000008005aa0       0x5c ./Drivers/STM32F1xx_HAL_Driver/Src/stm32f1xx_hal_tim.o
 .text.TIM_TI2_ConfigInputStage
                0x0000000008005afc       0x5e ./Drivers/STM32F1xx_HAL_Driver/Src/stm32f1xx_hal_tim.o
 .text.TIM_ITRx_SetConfig
                0x0000000008005b5a       0x34 ./Drivers/STM32F1xx_HAL_Driver/Src/stm32f1xx_hal_tim.o
 .text.TIM_ETR_SetConfig
                0x0000000008005b8e       0x3e ./Drivers/STM32F1xx_HAL_Driver/Src/stm32f1xx_hal_tim.o
                0x0000000008005b8e                TIM_ETR_SetConfig
 .text.HAL_TIMEx_MasterConfigSynchronization
                0x0000000008005bcc       0xb0 ./Drivers/STM32F1xx_HAL_Driver/Src/stm32f1xx_hal_tim_ex.o
                0x0000000008005bcc                HAL_TIMEx_MasterConfigSynchronization
 .text.HAL_TIMEx_CommutCallback
                0x0000000008005c7c       0x12 ./Drivers/STM32F1xx_HAL_Driver/Src/stm32f1xx_hal_tim_ex.o
                0x0000000008005c7c                HAL_TIMEx_CommutCallback
 .text.HAL_TIMEx_BreakCallback
                0x0000000008005c8e       0x12 ./Drivers/STM32F1xx_HAL_Driver/Src/stm32f1xx_hal_tim_ex.o
                0x0000000008005c8e                HAL_TIMEx_BreakCallback
 .text.malloc   0x0000000008005ca0       0x10 /Applications/STM32CubeIDE.app/Contents/Eclipse/plugins/com.st.stm32cube.ide.mcu.externaltools.gnu-tools-for-stm32.11.3.rel1.macos64_1.1.100.202310310803/tools/bin/../lib/gcc/arm-none-eabi/11.3.1/../../../../arm-none-eabi/lib/thumb/v7-m/nofp/libc_nano.a(libc_a-malloc.o)
                0x0000000008005ca0                malloc
 .text.free     0x0000000008005cb0       0x10 /Applications/STM32CubeIDE.app/Contents/Eclipse/plugins/com.st.stm32cube.ide.mcu.externaltools.gnu-tools-for-stm32.11.3.rel1.macos64_1.1.100.202310310803/tools/bin/../lib/gcc/arm-none-eabi/11.3.1/../../../../arm-none-eabi/lib/thumb/v7-m/nofp/libc_nano.a(libc_a-malloc.o)
                0x0000000008005cb0                free
 .text.sbrk_aligned
                0x0000000008005cc0       0x40 /Applications/STM32CubeIDE.app/Contents/Eclipse/plugins/com.st.stm32cube.ide.mcu.externaltools.gnu-tools-for-stm32.11.3.rel1.macos64_1.1.100.202310310803/tools/bin/../lib/gcc/arm-none-eabi/11.3.1/../../../../arm-none-eabi/lib/thumb/v7-m/nofp/libc_nano.a(libc_a-mallocr.o)
 .text._malloc_r
                0x0000000008005d00      0x100 /Applications/STM32CubeIDE.app/Contents/Eclipse/plugins/com.st.stm32cube.ide.mcu.externaltools.gnu-tools-for-stm32.11.3.rel1.macos64_1.1.100.202310310803/tools/bin/../lib/gcc/arm-none-eabi/11.3.1/../../../../arm-none-eabi/lib/thumb/v7-m/nofp/libc_nano.a(libc_a-mallocr.o)
                0x0000000008005d00                _malloc_r
 .text.__malloc_lock
                0x0000000008005e00        0xc /Applications/STM32CubeIDE.app/Contents/Eclipse/plugins/com.st.stm32cube.ide.mcu.externaltools.gnu-tools-for-stm32.11.3.rel1.macos64_1.1.100.202310310803/tools/bin/../lib/gcc/arm-none-eabi/11.3.1/../../../../arm-none-eabi/lib/thumb/v7-m/nofp/libc_nano.a(libc_a-mlock.o)
                0x0000000008005e00                __malloc_lock
 .text.__malloc_unlock
                0x0000000008005e0c        0xc /Applications/STM32CubeIDE.app/Contents/Eclipse/plugins/com.st.stm32cube.ide.mcu.externaltools.gnu-tools-for-stm32.11.3.rel1.macos64_1.1.100.202310310803/tools/bin/../lib/gcc/arm-none-eabi/11.3.1/../../../../arm-none-eabi/lib/thumb/v7-m/nofp/libc_nano.a(libc_a-mlock.o)
                0x0000000008005e0c                __malloc_unlock
 .text.memset   0x0000000008005e18       0x10 /Applications/STM32CubeIDE.app/Contents/Eclipse/plugins/com.st.stm32cube.ide.mcu.externaltools.gnu-tools-for-stm32.11.3.rel1.macos64_1.1.100.202310310803/tools/bin/../lib/gcc/arm-none-eabi/11.3.1/../../../../arm-none-eabi/lib/thumb/v7-m/nofp/libc_nano.a(libc_a-memset.o)
                0x0000000008005e18                memset
 .text._sbrk_r  0x0000000008005e28       0x20 /Applications/STM32CubeIDE.app/Contents/Eclipse/plugins/com.st.stm32cube.ide.mcu.externaltools.gnu-tools-for-stm32.11.3.rel1.macos64_1.1.100.202310310803/tools/bin/../lib/gcc/arm-none-eabi/11.3.1/../../../../arm-none-eabi/lib/thumb/v7-m/nofp/libc_nano.a(libc_a-sbrkr.o)
                0x0000000008005e28                _sbrk_r
 .text.__errno  0x0000000008005e48        0xc /Applications/STM32CubeIDE.app/Contents/Eclipse/plugins/com.st.stm32cube.ide.mcu.externaltools.gnu-tools-for-stm32.11.3.rel1.macos64_1.1.100.202310310803/tools/bin/../lib/gcc/arm-none-eabi/11.3.1/../../../../arm-none-eabi/lib/thumb/v7-m/nofp/libc_nano.a(libc_a-errno.o)
                0x0000000008005e48                __errno
 .text.__libc_init_array
                0x0000000008005e54       0x48 /Applications/STM32CubeIDE.app/Contents/Eclipse/plugins/com.st.stm32cube.ide.mcu.externaltools.gnu-tools-for-stm32.11.3.rel1.macos64_1.1.100.202310310803/tools/bin/../lib/gcc/arm-none-eabi/11.3.1/../../../../arm-none-eabi/lib/thumb/v7-m/nofp/libc_nano.a(libc_a-init.o)
                0x0000000008005e54                __libc_init_array
 .text.__retarget_lock_acquire_recursive
                0x0000000008005e9c        0x2 /Applications/STM32CubeIDE.app/Contents/Eclipse/plugins/com.st.stm32cube.ide.mcu.externaltools.gnu-tools-for-stm32.11.3.rel1.macos64_1.1.100.202310310803/tools/bin/../lib/gcc/arm-none-eabi/11.3.1/../../../../arm-none-eabi/lib/thumb/v7-m/nofp/libc_nano.a(libc_a-lock.o)
                0x0000000008005e9c                __retarget_lock_acquire_recursive
 .text.__retarget_lock_release_recursive
                0x0000000008005e9e        0x2 /Applications/STM32CubeIDE.app/Contents/Eclipse/plugins/com.st.stm32cube.ide.mcu.externaltools.gnu-tools-for-stm32.11.3.rel1.macos64_1.1.100.202310310803/tools/bin/../lib/gcc/arm-none-eabi/11.3.1/../../../../arm-none-eabi/lib/thumb/v7-m/nofp/libc_nano.a(libc_a-lock.o)
                0x0000000008005e9e                __retarget_lock_release_recursive
 .text.memcpy   0x0000000008005ea0       0x1c /Applications/STM32CubeIDE.app/Contents/Eclipse/plugins/com.st.stm32cube.ide.mcu.externaltools.gnu-tools-for-stm32.11.3.rel1.macos64_1.1.100.202310310803/tools/bin/../lib/gcc/arm-none-eabi/11.3.1/../../../../arm-none-eabi/lib/thumb/v7-m/nofp/libc_nano.a(libc_a-memcpy-stub.o)
                0x0000000008005ea0                memcpy
 .text._free_r  0x0000000008005ebc       0x90 /Applications/STM32CubeIDE.app/Contents/Eclipse/plugins/com.st.stm32cube.ide.mcu.externaltools.gnu-tools-for-stm32.11.3.rel1.macos64_1.1.100.202310310803/tools/bin/../lib/gcc/arm-none-eabi/11.3.1/../../../../arm-none-eabi/lib/thumb/v7-m/nofp/libc_nano.a(libc_a-freer.o)
                0x0000000008005ebc                _free_r
 *(.glue_7)
 .glue_7        0x0000000008005f4c        0x0 linker stubs
 *(.glue_7t)
 .glue_7t       0x0000000008005f4c        0x0 linker stubs
 *(.eh_frame)
 .eh_frame      0x0000000008005f4c        0x0 /Applications/STM32CubeIDE.app/Contents/Eclipse/plugins/com.st.stm32cube.ide.mcu.externaltools.gnu-tools-for-stm32.11.3.rel1.macos64_1.1.100.202310310803/tools/bin/../lib/gcc/arm-none-eabi/11.3.1/thumb/v7-m/nofp/crtbegin.o
 *(.init)
 .init          0x0000000008005f4c        0x4 /Applications/STM32CubeIDE.app/Contents/Eclipse/plugins/com.st.stm32cube.ide.mcu.externaltools.gnu-tools-for-stm32.11.3.rel1.macos64_1.1.100.202310310803/tools/bin/../lib/gcc/arm-none-eabi/11.3.1/thumb/v7-m/nofp/crti.o
                0x0000000008005f4c                _init
 .init          0x0000000008005f50        0x8 /Applications/STM32CubeIDE.app/Contents/Eclipse/plugins/com.st.stm32cube.ide.mcu.externaltools.gnu-tools-for-stm32.11.3.rel1.macos64_1.1.100.202310310803/tools/bin/../lib/gcc/arm-none-eabi/11.3.1/thumb/v7-m/nofp/crtn.o
 *(.fini)
 .fini          0x0000000008005f58        0x4 /Applications/STM32CubeIDE.app/Contents/Eclipse/plugins/com.st.stm32cube.ide.mcu.externaltools.gnu-tools-for-stm32.11.3.rel1.macos64_1.1.100.202310310803/tools/bin/../lib/gcc/arm-none-eabi/11.3.1/thumb/v7-m/nofp/crti.o
                0x0000000008005f58                _fini
 .fini          0x0000000008005f5c        0x8 /Applications/STM32CubeIDE.app/Contents/Eclipse/plugins/com.st.stm32cube.ide.mcu.externaltools.gnu-tools-for-stm32.11.3.rel1.macos64_1.1.100.202310310803/tools/bin/../lib/gcc/arm-none-eabi/11.3.1/thumb/v7-m/nofp/crtn.o
                0x0000000008005f64                . = ALIGN (0x4)
                0x0000000008005f64                _etext = .

.vfp11_veneer   0x0000000008005f64        0x0
 .vfp11_veneer  0x0000000008005f64        0x0 linker stubs

.v4_bx          0x0000000008005f64        0x0
 .v4_bx         0x0000000008005f64        0x0 linker stubs

.iplt           0x0000000008005f64        0x0
 .iplt          0x0000000008005f64        0x0 /Applications/STM32CubeIDE.app/Contents/Eclipse/plugins/com.st.stm32cube.ide.mcu.externaltools.gnu-tools-for-stm32.11.3.rel1.macos64_1.1.100.202310310803/tools/bin/../lib/gcc/arm-none-eabi/11.3.1/thumb/v7-m/nofp/crtbegin.o

.rodata         0x0000000008005f64       0x74
                0x0000000008005f64                . = ALIGN (0x4)
 *(.rodata)
 .rodata        0x0000000008005f64       0x31 ./Core/Src/smhome_sensors.o
 *(.rodata*)
 *fill*         0x0000000008005f95        0x3 
 .rodata.AHBPrescTable
                0x0000000008005f98       0x10 ./Core/Src/system_stm32f1xx.o
                0x0000000008005f98                AHBPrescTable
 .rodata.APBPrescTable
                0x0000000008005fa8        0x8 ./Core/Src/system_stm32f1xx.o
                0x0000000008005fa8                APBPrescTable
 .rodata.aPLLMULFactorTable.1
                0x0000000008005fb0       0x10 ./Drivers/STM32F1xx_HAL_Driver/Src/stm32f1xx_hal_rcc.o
 .rodata.aPredivFactorTable.0
                0x0000000008005fc0        0x2 ./Drivers/STM32F1xx_HAL_Driver/Src/stm32f1xx_hal_rcc.o
 *fill*         0x0000000008005fc2        0x2 
 .rodata.aPLLMULFactorTable.1
                0x0000000008005fc4       0x10 ./Drivers/STM32F1xx_HAL_Driver/Src/stm32f1xx_hal_rcc_ex.o
 .rodata.aPredivFactorTable.0
                0x0000000008005fd4        0x2 ./Drivers/STM32F1xx_HAL_Driver/Src/stm32f1xx_hal_rcc_ex.o
                0x0000000008005fd8                . = ALIGN (0x4)
 *fill*         0x0000000008005fd6        0x2 

.rel.dyn        0x0000000008005fd8        0x0
 .rel.iplt      0x0000000008005fd8        0x0 /Applications/STM32CubeIDE.app/Contents/Eclipse/plugins/com.st.stm32cube.ide.mcu.externaltools.gnu-tools-for-stm32.11.3.rel1.macos64_1.1.100.202310310803/tools/bin/../lib/gcc/arm-none-eabi/11.3.1/thumb/v7-m/nofp/crtbegin.o

.ARM.extab      0x0000000008005fd8        0x0
                0x0000000008005fd8                . = ALIGN (0x4)
 *(.ARM.extab* .gnu.linkonce.armextab.*)
                0x0000000008005fd8                . = ALIGN (0x4)

.ARM            0x0000000008005fd8        0x0
                0x0000000008005fd8                . = ALIGN (0x4)
                0x0000000008005fd8                __exidx_start = .
 *(.ARM.exidx*)
                0x0000000008005fd8                __exidx_end = .
                0x0000000008005fd8                . = ALIGN (0x4)

.preinit_array  0x0000000008005fd8        0x0
                0x0000000008005fd8                . = ALIGN (0x4)
                0x0000000008005fd8                PROVIDE (__preinit_array_start = .)
 *(.preinit_array*)
                0x0000000008005fd8                PROVIDE (__preinit_array_end = .)
                0x0000000008005fd8                . = ALIGN (0x4)

.init_array     0x0000000008005fd8        0x4
                0x0000000008005fd8                . = ALIGN (0x4)
                0x0000000008005fd8                PROVIDE (__init_array_start = .)
 *(SORT_BY_NAME(.init_array.*))
 *(.init_array*)
 .init_array    0x0000000008005fd8        0x4 /Applications/STM32CubeIDE.app/Contents/Eclipse/plugins/com.st.stm32cube.ide.mcu.externaltools.gnu-tools-for-stm32.11.3.rel1.macos64_1.1.100.202310310803/tools/bin/../lib/gcc/arm-none-eabi/11.3.1/thumb/v7-m/nofp/crtbegin.o
                0x0000000008005fdc                PROVIDE (__init_array_end = .)
                0x0000000008005fdc                . = ALIGN (0x4)

.fini_array     0x0000000008005fdc        0x4
                0x0000000008005fdc                . = ALIGN (0x4)
                [!provide]                        PROVIDE (__fini_array_start = .)
 *(SORT_BY_NAME(.fini_array.*))
 *(.fini_array*)
 .fini_array    0x0000000008005fdc        0x4 /Applications/STM32CubeIDE.app/Contents/Eclipse/plugins/com.st.stm32cube.ide.mcu.externaltools.gnu-tools-for-stm32.11.3.rel1.macos64_1.1.100.202310310803/tools/bin/../lib/gcc/arm-none-eabi/11.3.1/thumb/v7-m/nofp/crtbegin.o
                [!provide]                        PROVIDE (__fini_array_end = .)
                0x0000000008005fe0                . = ALIGN (0x4)
                0x0000000008005fe0                _sidata = LOADADDR (.data)

.data           0x0000000020000000       0x5c load address 0x0000000008005fe0
                0x0000000020000000                . = ALIGN (0x4)
                0x0000000020000000                _sdata = .
 *(.data)
 *(.data*)
 .data.SystemCoreClock
                0x0000000020000000        0x4 ./Core/Src/system_stm32f1xx.o
                0x0000000020000000                SystemCoreClock
 .data.uwTickPrio
                0x0000000020000004        0x4 ./Drivers/STM32F1xx_HAL_Driver/Src/stm32f1xx_hal.o
                0x0000000020000004                uwTickPrio
 .data.uwTickFreq
                0x0000000020000008        0x1 ./Drivers/STM32F1xx_HAL_Driver/Src/stm32f1xx_hal.o
                0x0000000020000008                uwTickFreq
 *fill*         0x0000000020000009        0x3 
 .data._impure_data
                0x000000002000000c       0x4c /Applications/STM32CubeIDE.app/Contents/Eclipse/plugins/com.st.stm32cube.ide.mcu.externaltools.gnu-tools-for-stm32.11.3.rel1.macos64_1.1.100.202310310803/tools/bin/../lib/gcc/arm-none-eabi/11.3.1/../../../../arm-none-eabi/lib/thumb/v7-m/nofp/libc_nano.a(libc_a-impure.o)
                0x000000002000000c                _impure_data
 .data._impure_ptr
                0x0000000020000058        0x4 /Applications/STM32CubeIDE.app/Contents/Eclipse/plugins/com.st.stm32cube.ide.mcu.externaltools.gnu-tools-for-stm32.11.3.rel1.macos64_1.1.100.202310310803/tools/bin/../lib/gcc/arm-none-eabi/11.3.1/../../../../arm-none-eabi/lib/thumb/v7-m/nofp/libc_nano.a(libc_a-impure.o)
                0x0000000020000058                _impure_ptr
 *(.RamFunc)
 *(.RamFunc*)
                0x000000002000005c                . = ALIGN (0x4)
                0x000000002000005c                _edata = .

.igot.plt       0x000000002000005c        0x0 load address 0x000000000800603c
 .igot.plt      0x000000002000005c        0x0 /Applications/STM32CubeIDE.app/Contents/Eclipse/plugins/com.st.stm32cube.ide.mcu.externaltools.gnu-tools-for-stm32.11.3.rel1.macos64_1.1.100.202310310803/tools/bin/../lib/gcc/arm-none-eabi/11.3.1/thumb/v7-m/nofp/crtbegin.o
                0x000000002000005c                . = ALIGN (0x4)

.bss            0x000000002000005c      0x2c4 load address 0x000000000800603c
                0x000000002000005c                _sbss = .
                0x000000002000005c                __bss_start__ = _sbss
 *(.bss)
 .bss           0x000000002000005c       0x1c /Applications/STM32CubeIDE.app/Contents/Eclipse/plugins/com.st.stm32cube.ide.mcu.externaltools.gnu-tools-for-stm32.11.3.rel1.macos64_1.1.100.202310310803/tools/bin/../lib/gcc/arm-none-eabi/11.3.1/thumb/v7-m/nofp/crtbegin.o
 *(.bss*)
 .bss.hadc1     0x0000000020000078       0x30 ./Core/Src/adc.o
                0x0000000020000078                hadc1
 .bss.hdma_adc1
                0x00000000200000a8       0x44 ./Core/Src/adc.o
                0x00000000200000a8                hdma_adc1
 .bss.TxMailbox
                0x00000000200000ec        0x4 ./Core/Src/can.o
                0x00000000200000ec                TxMailbox
 .bss.hcan      0x00000000200000f0       0x28 ./Core/Src/can.o
                0x00000000200000f0                hcan
 .bss.qpkt      0x0000000020000118       0x10 ./Core/Src/can_rx_queue.o
                0x0000000020000118                qpkt
 .bss.idBase0   0x0000000020000128        0x4 ./Core/Src/main.o
                0x0000000020000128                idBase0
 .bss.idBase1   0x000000002000012c        0x4 ./Core/Src/main.o
                0x000000002000012c                idBase1
 .bss.idBase2   0x0000000020000130        0x4 ./Core/Src/main.o
                0x0000000020000130                idBase2
 .bss.idBase3   0x0000000020000134        0x4 ./Core/Src/main.o
                0x0000000020000134                idBase3
 .bss.THIS_CANID
                0x0000000020000138        0x1 ./Core/Src/main.o
                0x0000000020000138                THIS_CANID
 .bss.doPolling
                0x0000000020000139        0x1 ./Core/Src/main.o
                0x0000000020000139                doPolling
 *fill*         0x000000002000013a        0x2 
 .bss.CAN_Masters
                0x000000002000013c        0x2 ./Core/Src/main.o
                0x000000002000013c                CAN_Masters
 *fill*         0x000000002000013e        0x2 
 .bss.hrtc      0x0000000020000140       0x14 ./Core/Src/rtc.o
                0x0000000020000140                hrtc
 .bss.TxHeader  0x0000000020000154       0x18 ./Core/Src/smhome_proto.o
                0x0000000020000154                TxHeader
 .bss.TxData    0x000000002000016c        0x8 ./Core/Src/smhome_proto.o
                0x000000002000016c                TxData
 .bss.SENSOR_DB
                0x0000000020000174        0x4 ./Core/Src/smhome_sensors.o
                0x0000000020000174                SENSOR_DB
 .bss.cur_sens_val
                0x0000000020000178        0x6 ./Core/Src/smhome_sensors.o
                0x0000000020000178                cur_sens_val
 *fill*         0x000000002000017e        0x2 
 .bss.SMH_ConvResultArray
                0x0000000020000180        0x4 ./Core/Src/smhome_sensors.o
                0x0000000020000180                SMH_ConvResultArray
 .bss.SMH_ADC_TotChannels
                0x0000000020000184        0x1 ./Core/Src/smhome_sensors.o
                0x0000000020000184                SMH_ADC_TotChannels
 *fill*         0x0000000020000185        0x3 
 .bss.__sbrk_heap_end
                0x0000000020000188        0x4 ./Core/Src/sysmem.o
 .bss.htim2     0x000000002000018c       0x48 ./Core/Src/tim.o
                0x000000002000018c                htim2
 .bss.uwTick    0x00000000200001d4        0x4 ./Drivers/STM32F1xx_HAL_Driver/Src/stm32f1xx_hal.o
                0x00000000200001d4                uwTick
 .bss.__malloc_free_list
                0x00000000200001d8        0x4 /Applications/STM32CubeIDE.app/Contents/Eclipse/plugins/com.st.stm32cube.ide.mcu.externaltools.gnu-tools-for-stm32.11.3.rel1.macos64_1.1.100.202310310803/tools/bin/../lib/gcc/arm-none-eabi/11.3.1/../../../../arm-none-eabi/lib/thumb/v7-m/nofp/libc_nano.a(libc_a-mallocr.o)
                0x00000000200001d8                __malloc_free_list
 .bss.__malloc_sbrk_start
                0x00000000200001dc        0x4 /Applications/STM32CubeIDE.app/Contents/Eclipse/plugins/com.st.stm32cube.ide.mcu.externaltools.gnu-tools-for-stm32.11.3.rel1.macos64_1.1.100.202310310803/tools/bin/../lib/gcc/arm-none-eabi/11.3.1/../../../../arm-none-eabi/lib/thumb/v7-m/nofp/libc_nano.a(libc_a-mallocr.o)
                0x00000000200001dc                __malloc_sbrk_start
 .bss.__sf      0x00000000200001e0      0x138 /Applications/STM32CubeIDE.app/Contents/Eclipse/plugins/com.st.stm32cube.ide.mcu.externaltools.gnu-tools-for-stm32.11.3.rel1.macos64_1.1.100.202310310803/tools/bin/../lib/gcc/arm-none-eabi/11.3.1/../../../../arm-none-eabi/lib/thumb/v7-m/nofp/libc_nano.a(libc_a-findfp.o)
                0x00000000200001e0                __sf
 .bss.__lock___malloc_recursive_mutex
                0x0000000020000318        0x1 /Applications/STM32CubeIDE.app/Contents/Eclipse/plugins/com.st.stm32cube.ide.mcu.externaltools.gnu-tools-for-stm32.11.3.rel1.macos64_1.1.100.202310310803/tools/bin/../lib/gcc/arm-none-eabi/11.3.1/../../../../arm-none-eabi/lib/thumb/v7-m/nofp/libc_nano.a(libc_a-lock.o)
                0x0000000020000318                __lock___malloc_recursive_mutex
 *fill*         0x0000000020000319        0x3 
 .bss.errno     0x000000002000031c        0x4 /Applications/STM32CubeIDE.app/Contents/Eclipse/plugins/com.st.stm32cube.ide.mcu.externaltools.gnu-tools-for-stm32.11.3.rel1.macos64_1.1.100.202310310803/tools/bin/../lib/gcc/arm-none-eabi/11.3.1/../../../../arm-none-eabi/lib/thumb/v7-m/nofp/libc_nano.a(libc_a-reent.o)
                0x000000002000031c                errno
 *(COMMON)
                0x0000000020000320                . = ALIGN (0x4)
                0x0000000020000320                _ebss = .
                0x0000000020000320                __bss_end__ = _ebss

._user_heap_stack
                0x0000000020000320      0x600 load address 0x000000000800603c
                0x0000000020000320                . = ALIGN (0x8)
                [!provide]                        PROVIDE (end = .)
                0x0000000020000320                PROVIDE (_end = .)
                0x0000000020000520                . = (. + _Min_Heap_Size)
 *fill*         0x0000000020000320      0x200 
                0x0000000020000920                . = (. + _Min_Stack_Size)
 *fill*         0x0000000020000520      0x400 
                0x0000000020000920                . = ALIGN (0x8)

/DISCARD/
 libc.a(*)
 libm.a(*)
 libgcc.a(*)

.ARM.attributes
                0x0000000000000000       0x29
 *(.ARM.attributes)
 .ARM.attributes
                0x0000000000000000       0x1d /Applications/STM32CubeIDE.app/Contents/Eclipse/plugins/com.st.stm32cube.ide.mcu.externaltools.gnu-tools-for-stm32.11.3.rel1.macos64_1.1.100.202310310803/tools/bin/../lib/gcc/arm-none-eabi/11.3.1/thumb/v7-m/nofp/crti.o
 .ARM.attributes
                0x000000000000001d       0x2d /Applications/STM32CubeIDE.app/Contents/Eclipse/plugins/com.st.stm32cube.ide.mcu.externaltools.gnu-tools-for-stm32.11.3.rel1.macos64_1.1.100.202310310803/tools/bin/../lib/gcc/arm-none-eabi/11.3.1/thumb/v7-m/nofp/crtbegin.o
 .ARM.attributes
                0x000000000000004a       0x2d ./Core/Src/adc.o
 .ARM.attributes
                0x0000000000000077       0x2d ./Core/Src/can.o
 .ARM.attributes
                0x00000000000000a4       0x2d ./Core/Src/can_rx_queue.o
 .ARM.attributes
                0x00000000000000d1       0x2d ./Core/Src/dma.o
 .ARM.attributes
                0x00000000000000fe       0x2d ./Core/Src/gpio.o
 .ARM.attributes
                0x000000000000012b       0x2d ./Core/Src/main.o
 .ARM.attributes
                0x0000000000000158       0x2d ./Core/Src/rtc.o
 .ARM.attributes
                0x0000000000000185       0x2d ./Core/Src/smhome_errors.o
 .ARM.attributes
                0x00000000000001b2       0x2d ./Core/Src/smhome_proto.o
 .ARM.attributes
                0x00000000000001df       0x2d ./Core/Src/smhome_sensors.o
 .ARM.attributes
                0x000000000000020c       0x2d ./Core/Src/stm32f1xx_hal_msp.o
 .ARM.attributes
                0x0000000000000239       0x2d ./Core/Src/stm32f1xx_it.o
 .ARM.attributes
                0x0000000000000266       0x2d ./Core/Src/sysmem.o
 .ARM.attributes
                0x0000000000000293       0x2d ./Core/Src/system_stm32f1xx.o
 .ARM.attributes
                0x00000000000002c0       0x2d ./Core/Src/tim.o
 .ARM.attributes
                0x00000000000002ed       0x21 ./Core/Startup/startup_stm32f103c6tx.o
 .ARM.attributes
                0x000000000000030e       0x2d ./Drivers/STM32F1xx_HAL_Driver/Src/stm32f1xx_hal.o
 .ARM.attributes
                0x000000000000033b       0x2d ./Drivers/STM32F1xx_HAL_Driver/Src/stm32f1xx_hal_adc.o
 .ARM.attributes
                0x0000000000000368       0x2d ./Drivers/STM32F1xx_HAL_Driver/Src/stm32f1xx_hal_adc_ex.o
 .ARM.attributes
                0x0000000000000395       0x2d ./Drivers/STM32F1xx_HAL_Driver/Src/stm32f1xx_hal_can.o
 .ARM.attributes
                0x00000000000003c2       0x2d ./Drivers/STM32F1xx_HAL_Driver/Src/stm32f1xx_hal_cortex.o
 .ARM.attributes
                0x00000000000003ef       0x2d ./Drivers/STM32F1xx_HAL_Driver/Src/stm32f1xx_hal_dma.o
 .ARM.attributes
                0x000000000000041c       0x2d ./Drivers/STM32F1xx_HAL_Driver/Src/stm32f1xx_hal_gpio.o
 .ARM.attributes
                0x0000000000000449       0x2d ./Drivers/STM32F1xx_HAL_Driver/Src/stm32f1xx_hal_pwr.o
 .ARM.attributes
                0x0000000000000476       0x2d ./Drivers/STM32F1xx_HAL_Driver/Src/stm32f1xx_hal_rcc.o
 .ARM.attributes
                0x00000000000004a3       0x2d ./Drivers/STM32F1xx_HAL_Driver/Src/stm32f1xx_hal_rcc_ex.o
 .ARM.attributes
                0x00000000000004d0       0x2d ./Drivers/STM32F1xx_HAL_Driver/Src/stm32f1xx_hal_rtc.o
 .ARM.attributes
                0x00000000000004fd       0x2d ./Drivers/STM32F1xx_HAL_Driver/Src/stm32f1xx_hal_tim.o
 .ARM.attributes
                0x000000000000052a       0x2d ./Drivers/STM32F1xx_HAL_Driver/Src/stm32f1xx_hal_tim_ex.o
 .ARM.attributes
                0x0000000000000557       0x2d /Applications/STM32CubeIDE.app/Contents/Eclipse/plugins/com.st.stm32cube.ide.mcu.externaltools.gnu-tools-for-stm32.11.3.rel1.macos64_1.1.100.202310310803/tools/bin/../lib/gcc/arm-none-eabi/11.3.1/../../../../arm-none-eabi/lib/thumb/v7-m/nofp/libc_nano.a(libc_a-malloc.o)
 .ARM.attributes
                0x0000000000000584       0x2d /Applications/STM32CubeIDE.app/Contents/Eclipse/plugins/com.st.stm32cube.ide.mcu.externaltools.gnu-tools-for-stm32.11.3.rel1.macos64_1.1.100.202310310803/tools/bin/../lib/gcc/arm-none-eabi/11.3.1/../../../../arm-none-eabi/lib/thumb/v7-m/nofp/libc_nano.a(libc_a-mallocr.o)
 .ARM.attributes
                0x00000000000005b1       0x2d /Applications/STM32CubeIDE.app/Contents/Eclipse/plugins/com.st.stm32cube.ide.mcu.externaltools.gnu-tools-for-stm32.11.3.rel1.macos64_1.1.100.202310310803/tools/bin/../lib/gcc/arm-none-eabi/11.3.1/../../../../arm-none-eabi/lib/thumb/v7-m/nofp/libc_nano.a(libc_a-mlock.o)
 .ARM.attributes
                0x00000000000005de       0x2d /Applications/STM32CubeIDE.app/Contents/Eclipse/plugins/com.st.stm32cube.ide.mcu.externaltools.gnu-tools-for-stm32.11.3.rel1.macos64_1.1.100.202310310803/tools/bin/../lib/gcc/arm-none-eabi/11.3.1/../../../../arm-none-eabi/lib/thumb/v7-m/nofp/libc_nano.a(libc_a-findfp.o)
 .ARM.attributes
                0x000000000000060b       0x2d /Applications/STM32CubeIDE.app/Contents/Eclipse/plugins/com.st.stm32cube.ide.mcu.externaltools.gnu-tools-for-stm32.11.3.rel1.macos64_1.1.100.202310310803/tools/bin/../lib/gcc/arm-none-eabi/11.3.1/../../../../arm-none-eabi/lib/thumb/v7-m/nofp/libc_nano.a(libc_a-memset.o)
 .ARM.attributes
                0x0000000000000638       0x2d /Applications/STM32CubeIDE.app/Contents/Eclipse/plugins/com.st.stm32cube.ide.mcu.externaltools.gnu-tools-for-stm32.11.3.rel1.macos64_1.1.100.202310310803/tools/bin/../lib/gcc/arm-none-eabi/11.3.1/../../../../arm-none-eabi/lib/thumb/v7-m/nofp/libc_nano.a(libc_a-impure.o)
 .ARM.attributes
                0x0000000000000665       0x2d /Applications/STM32CubeIDE.app/Contents/Eclipse/plugins/com.st.stm32cube.ide.mcu.externaltools.gnu-tools-for-stm32.11.3.rel1.macos64_1.1.100.202310310803/tools/bin/../lib/gcc/arm-none-eabi/11.3.1/../../../../arm-none-eabi/lib/thumb/v7-m/nofp/libc_nano.a(libc_a-sbrkr.o)
 .ARM.attributes
                0x0000000000000692       0x2d /Applications/STM32CubeIDE.app/Contents/Eclipse/plugins/com.st.stm32cube.ide.mcu.externaltools.gnu-tools-for-stm32.11.3.rel1.macos64_1.1.100.202310310803/tools/bin/../lib/gcc/arm-none-eabi/11.3.1/../../../../arm-none-eabi/lib/thumb/v7-m/nofp/libc_nano.a(libc_a-errno.o)
 .ARM.attributes
                0x00000000000006bf       0x2d /Applications/STM32CubeIDE.app/Contents/Eclipse/plugins/com.st.stm32cube.ide.mcu.externaltools.gnu-tools-for-stm32.11.3.rel1.macos64_1.1.100.202310310803/tools/bin/../lib/gcc/arm-none-eabi/11.3.1/../../../../arm-none-eabi/lib/thumb/v7-m/nofp/libc_nano.a(libc_a-init.o)
 .ARM.attributes
                0x00000000000006ec       0x2d /Applications/STM32CubeIDE.app/Contents/Eclipse/plugins/com.st.stm32cube.ide.mcu.externaltools.gnu-tools-for-stm32.11.3.rel1.macos64_1.1.100.202310310803/tools/bin/../lib/gcc/arm-none-eabi/11.3.1/../../../../arm-none-eabi/lib/thumb/v7-m/nofp/libc_nano.a(libc_a-lock.o)
 .ARM.attributes
                0x0000000000000719       0x2d /Applications/STM32CubeIDE.app/Contents/Eclipse/plugins/com.st.stm32cube.ide.mcu.externaltools.gnu-tools-for-stm32.11.3.rel1.macos64_1.1.100.202310310803/tools/bin/../lib/gcc/arm-none-eabi/11.3.1/../../../../arm-none-eabi/lib/thumb/v7-m/nofp/libc_nano.a(libc_a-memcpy-stub.o)
 .ARM.attributes
                0x0000000000000746       0x17 /Applications/STM32CubeIDE.app/Contents/Eclipse/plugins/com.st.stm32cube.ide.mcu.externaltools.gnu-tools-for-stm32.11.3.rel1.macos64_1.1.100.202310310803/tools/bin/../lib/gcc/arm-none-eabi/11.3.1/../../../../arm-none-eabi/lib/thumb/v7-m/nofp/libc_nano.a(libc_a-strlen.o)
 .ARM.attributes
                0x000000000000075d       0x2d /Applications/STM32CubeIDE.app/Contents/Eclipse/plugins/com.st.stm32cube.ide.mcu.externaltools.gnu-tools-for-stm32.11.3.rel1.macos64_1.1.100.202310310803/tools/bin/../lib/gcc/arm-none-eabi/11.3.1/../../../../arm-none-eabi/lib/thumb/v7-m/nofp/libc_nano.a(libc_a-freer.o)
 .ARM.attributes
                0x000000000000078a       0x2d /Applications/STM32CubeIDE.app/Contents/Eclipse/plugins/com.st.stm32cube.ide.mcu.externaltools.gnu-tools-for-stm32.11.3.rel1.macos64_1.1.100.202310310803/tools/bin/../lib/gcc/arm-none-eabi/11.3.1/../../../../arm-none-eabi/lib/thumb/v7-m/nofp/libc_nano.a(libc_a-reent.o)
 .ARM.attributes
                0x00000000000007b7       0x1d /Applications/STM32CubeIDE.app/Contents/Eclipse/plugins/com.st.stm32cube.ide.mcu.externaltools.gnu-tools-for-stm32.11.3.rel1.macos64_1.1.100.202310310803/tools/bin/../lib/gcc/arm-none-eabi/11.3.1/thumb/v7-m/nofp/crtn.o
OUTPUT(SMHome_2RelayBoardRound_v12_2.elf elf32-littlearm)
LOAD linker stubs
LOAD /Applications/STM32CubeIDE.app/Contents/Eclipse/plugins/com.st.stm32cube.ide.mcu.externaltools.gnu-tools-for-stm32.11.3.rel1.macos64_1.1.100.202310310803/tools/bin/../lib/gcc/arm-none-eabi/11.3.1/../../../../arm-none-eabi/lib/thumb/v7-m/nofp/libc.a
LOAD /Applications/STM32CubeIDE.app/Contents/Eclipse/plugins/com.st.stm32cube.ide.mcu.externaltools.gnu-tools-for-stm32.11.3.rel1.macos64_1.1.100.202310310803/tools/bin/../lib/gcc/arm-none-eabi/11.3.1/../../../../arm-none-eabi/lib/thumb/v7-m/nofp/libm.a
LOAD /Applications/STM32CubeIDE.app/Contents/Eclipse/plugins/com.st.stm32cube.ide.mcu.externaltools.gnu-tools-for-stm32.11.3.rel1.macos64_1.1.100.202310310803/tools/bin/../lib/gcc/arm-none-eabi/11.3.1/thumb/v7-m/nofp/libgcc.a

.comment        0x0000000000000000       0x43
 .comment       0x0000000000000000       0x43 /Applications/STM32CubeIDE.app/Contents/Eclipse/plugins/com.st.stm32cube.ide.mcu.externaltools.gnu-tools-for-stm32.11.3.rel1.macos64_1.1.100.202310310803/tools/bin/../lib/gcc/arm-none-eabi/11.3.1/thumb/v7-m/nofp/crtbegin.o
                                         0x44 (size before relaxing)
 .comment       0x0000000000000043       0x44 ./Core/Src/adc.o
 .comment       0x0000000000000043       0x44 ./Core/Src/can.o
 .comment       0x0000000000000043       0x44 ./Core/Src/can_rx_queue.o
 .comment       0x0000000000000043       0x44 ./Core/Src/dma.o
 .comment       0x0000000000000043       0x44 ./Core/Src/gpio.o
 .comment       0x0000000000000043       0x44 ./Core/Src/main.o
 .comment       0x0000000000000043       0x44 ./Core/Src/rtc.o
 .comment       0x0000000000000043       0x44 ./Core/Src/smhome_errors.o
 .comment       0x0000000000000043       0x44 ./Core/Src/smhome_proto.o
 .comment       0x0000000000000043       0x44 ./Core/Src/smhome_sensors.o
 .comment       0x0000000000000043       0x44 ./Core/Src/stm32f1xx_hal_msp.o
 .comment       0x0000000000000043       0x44 ./Core/Src/stm32f1xx_it.o
 .comment       0x0000000000000043       0x44 ./Core/Src/sysmem.o
 .comment       0x0000000000000043       0x44 ./Core/Src/system_stm32f1xx.o
 .comment       0x0000000000000043       0x44 ./Core/Src/tim.o
 .comment       0x0000000000000043       0x44 ./Drivers/STM32F1xx_HAL_Driver/Src/stm32f1xx_hal.o
 .comment       0x0000000000000043       0x44 ./Drivers/STM32F1xx_HAL_Driver/Src/stm32f1xx_hal_adc.o
 .comment       0x0000000000000043       0x44 ./Drivers/STM32F1xx_HAL_Driver/Src/stm32f1xx_hal_adc_ex.o
 .comment       0x0000000000000043       0x44 ./Drivers/STM32F1xx_HAL_Driver/Src/stm32f1xx_hal_can.o
 .comment       0x0000000000000043       0x44 ./Drivers/STM32F1xx_HAL_Driver/Src/stm32f1xx_hal_cortex.o
 .comment       0x0000000000000043       0x44 ./Drivers/STM32F1xx_HAL_Driver/Src/stm32f1xx_hal_dma.o
 .comment       0x0000000000000043       0x44 ./Drivers/STM32F1xx_HAL_Driver/Src/stm32f1xx_hal_gpio.o
 .comment       0x0000000000000043       0x44 ./Drivers/STM32F1xx_HAL_Driver/Src/stm32f1xx_hal_pwr.o
 .comment       0x0000000000000043       0x44 ./Drivers/STM32F1xx_HAL_Driver/Src/stm32f1xx_hal_rcc.o
 .comment       0x0000000000000043       0x44 ./Drivers/STM32F1xx_HAL_Driver/Src/stm32f1xx_hal_rcc_ex.o
 .comment       0x0000000000000043       0x44 ./Drivers/STM32F1xx_HAL_Driver/Src/stm32f1xx_hal_rtc.o
 .comment       0x0000000000000043       0x44 ./Drivers/STM32F1xx_HAL_Driver/Src/stm32f1xx_hal_tim.o
 .comment       0x0000000000000043       0x44 ./Drivers/STM32F1xx_HAL_Driver/Src/stm32f1xx_hal_tim_ex.o

.debug_info     0x0000000000000000    0x10aae
 .debug_info    0x0000000000000000      0x6d7 ./Core/Src/adc.o
 .debug_info    0x00000000000006d7      0xd37 ./Core/Src/can.o
 .debug_info    0x000000000000140e      0x3b8 ./Core/Src/can_rx_queue.o
 .debug_info    0x00000000000017c6      0x2bf ./Core/Src/dma.o
 .debug_info    0x0000000000001a85      0x2c5 ./Core/Src/gpio.o
 .debug_info    0x0000000000001d4a     0x1351 ./Core/Src/main.o
 .debug_info    0x000000000000309b      0x463 ./Core/Src/rtc.o
 .debug_info    0x00000000000034fe       0xa8 ./Core/Src/smhome_errors.o
 .debug_info    0x00000000000035a6      0xa6b ./Core/Src/smhome_proto.o
 .debug_info    0x0000000000004011     0x110b ./Core/Src/smhome_sensors.o
 .debug_info    0x000000000000511c      0x1ff ./Core/Src/stm32f1xx_hal_msp.o
 .debug_info    0x000000000000531b      0xab6 ./Core/Src/stm32f1xx_it.o
 .debug_info    0x0000000000005dd1      0x168 ./Core/Src/sysmem.o
 .debug_info    0x0000000000005f39      0x222 ./Core/Src/system_stm32f1xx.o
 .debug_info    0x000000000000615b      0x9dc ./Core/Src/tim.o
 .debug_info    0x0000000000006b37       0x23 ./Core/Startup/startup_stm32f103c6tx.o
 .debug_info    0x0000000000006b5a      0x6e6 ./Drivers/STM32F1xx_HAL_Driver/Src/stm32f1xx_hal.o
 .debug_info    0x0000000000007240      0xc50 ./Drivers/STM32F1xx_HAL_Driver/Src/stm32f1xx_hal_adc.o
 .debug_info    0x0000000000007e90      0xa10 ./Drivers/STM32F1xx_HAL_Driver/Src/stm32f1xx_hal_adc_ex.o
 .debug_info    0x00000000000088a0      0xf22 ./Drivers/STM32F1xx_HAL_Driver/Src/stm32f1xx_hal_can.o
 .debug_info    0x00000000000097c2      0xa69 ./Drivers/STM32F1xx_HAL_Driver/Src/stm32f1xx_hal_cortex.o
 .debug_info    0x000000000000a22b      0x6d2 ./Drivers/STM32F1xx_HAL_Driver/Src/stm32f1xx_hal_dma.o
 .debug_info    0x000000000000a8fd      0x5ab ./Drivers/STM32F1xx_HAL_Driver/Src/stm32f1xx_hal_gpio.o
 .debug_info    0x000000000000aea8      0x628 ./Drivers/STM32F1xx_HAL_Driver/Src/stm32f1xx_hal_pwr.o
 .debug_info    0x000000000000b4d0      0x7d5 ./Drivers/STM32F1xx_HAL_Driver/Src/stm32f1xx_hal_rcc.o
 .debug_info    0x000000000000bca5      0x3c0 ./Drivers/STM32F1xx_HAL_Driver/Src/stm32f1xx_hal_rcc_ex.o
 .debug_info    0x000000000000c065      0xc73 ./Drivers/STM32F1xx_HAL_Driver/Src/stm32f1xx_hal_rtc.o
 .debug_info    0x000000000000ccd8     0x293b ./Drivers/STM32F1xx_HAL_Driver/Src/stm32f1xx_hal_tim.o
 .debug_info    0x000000000000f613     0x149b ./Drivers/STM32F1xx_HAL_Driver/Src/stm32f1xx_hal_tim_ex.o

.debug_abbrev   0x0000000000000000     0x37db
 .debug_abbrev  0x0000000000000000      0x1d2 ./Core/Src/adc.o
 .debug_abbrev  0x00000000000001d2      0x2ce ./Core/Src/can.o
 .debug_abbrev  0x00000000000004a0      0x216 ./Core/Src/can_rx_queue.o
 .debug_abbrev  0x00000000000006b6       0xfc ./Core/Src/dma.o
 .debug_abbrev  0x00000000000007b2      0x13f ./Core/Src/gpio.o
 .debug_abbrev  0x00000000000008f1      0x32a ./Core/Src/main.o
 .debug_abbrev  0x0000000000000c1b      0x1e5 ./Core/Src/rtc.o
 .debug_abbrev  0x0000000000000e00       0x56 ./Core/Src/smhome_errors.o
 .debug_abbrev  0x0000000000000e56      0x2a7 ./Core/Src/smhome_proto.o
 .debug_abbrev  0x00000000000010fd      0x347 ./Core/Src/smhome_sensors.o
 .debug_abbrev  0x0000000000001444       0xdb ./Core/Src/stm32f1xx_hal_msp.o
 .debug_abbrev  0x000000000000151f      0x1da ./Core/Src/stm32f1xx_it.o
 .debug_abbrev  0x00000000000016f9       0xbc ./Core/Src/sysmem.o
 .debug_abbrev  0x00000000000017b5      0x13f ./Core/Src/system_stm32f1xx.o
 .debug_abbrev  0x00000000000018f4      0x229 ./Core/Src/tim.o
 .debug_abbrev  0x0000000000001b1d       0x12 ./Core/Startup/startup_stm32f103c6tx.o
 .debug_abbrev  0x0000000000001b2f      0x201 ./Drivers/STM32F1xx_HAL_Driver/Src/stm32f1xx_hal.o
 .debug_abbrev  0x0000000000001d30      0x225 ./Drivers/STM32F1xx_HAL_Driver/Src/stm32f1xx_hal_adc.o
 .debug_abbrev  0x0000000000001f55      0x249 ./Drivers/STM32F1xx_HAL_Driver/Src/stm32f1xx_hal_adc_ex.o
 .debug_abbrev  0x000000000000219e      0x20c ./Drivers/STM32F1xx_HAL_Driver/Src/stm32f1xx_hal_can.o
 .debug_abbrev  0x00000000000023aa      0x2f8 ./Drivers/STM32F1xx_HAL_Driver/Src/stm32f1xx_hal_cortex.o
 .debug_abbrev  0x00000000000026a2      0x20b ./Drivers/STM32F1xx_HAL_Driver/Src/stm32f1xx_hal_dma.o
 .debug_abbrev  0x00000000000028ad      0x1ca ./Drivers/STM32F1xx_HAL_Driver/Src/stm32f1xx_hal_gpio.o
 .debug_abbrev  0x0000000000002a77      0x1f6 ./Drivers/STM32F1xx_HAL_Driver/Src/stm32f1xx_hal_pwr.o
 .debug_abbrev  0x0000000000002c6d      0x2b3 ./Drivers/STM32F1xx_HAL_Driver/Src/stm32f1xx_hal_rcc.o
 .debug_abbrev  0x0000000000002f20      0x188 ./Drivers/STM32F1xx_HAL_Driver/Src/stm32f1xx_hal_rcc_ex.o
 .debug_abbrev  0x00000000000030a8      0x23a ./Drivers/STM32F1xx_HAL_Driver/Src/stm32f1xx_hal_rtc.o
 .debug_abbrev  0x00000000000032e2      0x277 ./Drivers/STM32F1xx_HAL_Driver/Src/stm32f1xx_hal_tim.o
 .debug_abbrev  0x0000000000003559      0x282 ./Drivers/STM32F1xx_HAL_Driver/Src/stm32f1xx_hal_tim_ex.o

.debug_aranges  0x0000000000000000     0x1108
 .debug_aranges
                0x0000000000000000       0x30 ./Core/Src/adc.o
 .debug_aranges
                0x0000000000000030       0x50 ./Core/Src/can.o
 .debug_aranges
                0x0000000000000080       0x58 ./Core/Src/can_rx_queue.o
 .debug_aranges
                0x00000000000000d8       0x20 ./Core/Src/dma.o
 .debug_aranges
                0x00000000000000f8       0x20 ./Core/Src/gpio.o
 .debug_aranges
                0x0000000000000118       0x38 ./Core/Src/main.o
 .debug_aranges
                0x0000000000000150       0x38 ./Core/Src/rtc.o
 .debug_aranges
                0x0000000000000188       0x20 ./Core/Src/smhome_errors.o
 .debug_aranges
                0x00000000000001a8       0x70 ./Core/Src/smhome_proto.o
 .debug_aranges
                0x0000000000000218       0xb0 ./Core/Src/smhome_sensors.o
 .debug_aranges
                0x00000000000002c8       0x20 ./Core/Src/stm32f1xx_hal_msp.o
 .debug_aranges
                0x00000000000002e8       0x80 ./Core/Src/stm32f1xx_it.o
 .debug_aranges
                0x0000000000000368       0x20 ./Core/Src/sysmem.o
 .debug_aranges
                0x0000000000000388       0x28 ./Core/Src/system_stm32f1xx.o
 .debug_aranges
                0x00000000000003b0       0x38 ./Core/Src/tim.o
 .debug_aranges
                0x00000000000003e8       0x28 ./Core/Startup/startup_stm32f103c6tx.o
 .debug_aranges
                0x0000000000000410       0xe0 ./Drivers/STM32F1xx_HAL_Driver/Src/stm32f1xx_hal.o
 .debug_aranges
                0x00000000000004f0       0xf0 ./Drivers/STM32F1xx_HAL_Driver/Src/stm32f1xx_hal_adc.o
 .debug_aranges
                0x00000000000005e0       0x80 ./Drivers/STM32F1xx_HAL_Driver/Src/stm32f1xx_hal_adc_ex.o
 .debug_aranges
                0x0000000000000660      0x138 ./Drivers/STM32F1xx_HAL_Driver/Src/stm32f1xx_hal_can.o
 .debug_aranges
                0x0000000000000798      0x100 ./Drivers/STM32F1xx_HAL_Driver/Src/stm32f1xx_hal_cortex.o
 .debug_aranges
                0x0000000000000898       0x80 ./Drivers/STM32F1xx_HAL_Driver/Src/stm32f1xx_hal_dma.o
 .debug_aranges
                0x0000000000000918       0x58 ./Drivers/STM32F1xx_HAL_Driver/Src/stm32f1xx_hal_gpio.o
 .debug_aranges
                0x0000000000000970       0xa8 ./Drivers/STM32F1xx_HAL_Driver/Src/stm32f1xx_hal_pwr.o
 .debug_aranges
                0x0000000000000a18       0x90 ./Drivers/STM32F1xx_HAL_Driver/Src/stm32f1xx_hal_rcc.o
 .debug_aranges
                0x0000000000000aa8       0x30 ./Drivers/STM32F1xx_HAL_Driver/Src/stm32f1xx_hal_rcc_ex.o
 .debug_aranges
                0x0000000000000ad8       0xf8 ./Drivers/STM32F1xx_HAL_Driver/Src/stm32f1xx_hal_rtc.o
 .debug_aranges
                0x0000000000000bd0      0x3d0 ./Drivers/STM32F1xx_HAL_Driver/Src/stm32f1xx_hal_tim.o
 .debug_aranges
                0x0000000000000fa0      0x168 ./Drivers/STM32F1xx_HAL_Driver/Src/stm32f1xx_hal_tim_ex.o

.debug_rnglists
                0x0000000000000000      0xced
 .debug_rnglists
                0x0000000000000000       0x21 ./Core/Src/adc.o
 .debug_rnglists
                0x0000000000000021       0x3a ./Core/Src/can.o
 .debug_rnglists
                0x000000000000005b       0x3d ./Core/Src/can_rx_queue.o
 .debug_rnglists
                0x0000000000000098       0x13 ./Core/Src/dma.o
 .debug_rnglists
                0x00000000000000ab       0x14 ./Core/Src/gpio.o
 .debug_rnglists
                0x00000000000000bf       0x27 ./Core/Src/main.o
 .debug_rnglists
                0x00000000000000e6       0x25 ./Core/Src/rtc.o
 .debug_rnglists
                0x000000000000010b       0x13 ./Core/Src/smhome_errors.o
 .debug_rnglists
                0x000000000000011e       0x58 ./Core/Src/smhome_proto.o
 .debug_rnglists
                0x0000000000000176       0x86 ./Core/Src/smhome_sensors.o
 .debug_rnglists
                0x00000000000001fc       0x13 ./Core/Src/stm32f1xx_hal_msp.o
 .debug_rnglists
                0x000000000000020f       0x5b ./Core/Src/stm32f1xx_it.o
 .debug_rnglists
                0x000000000000026a       0x13 ./Core/Src/sysmem.o
 .debug_rnglists
                0x000000000000027d       0x1a ./Core/Src/system_stm32f1xx.o
 .debug_rnglists
                0x0000000000000297       0x26 ./Core/Src/tim.o
 .debug_rnglists
                0x00000000000002bd       0x19 ./Core/Startup/startup_stm32f103c6tx.o
 .debug_rnglists
                0x00000000000002d6       0xa3 ./Drivers/STM32F1xx_HAL_Driver/Src/stm32f1xx_hal.o
 .debug_rnglists
                0x0000000000000379       0xbc ./Drivers/STM32F1xx_HAL_Driver/Src/stm32f1xx_hal_adc.o
 .debug_rnglists
                0x0000000000000435       0x65 ./Drivers/STM32F1xx_HAL_Driver/Src/stm32f1xx_hal_adc_ex.o
 .debug_rnglists
                0x000000000000049a       0xee ./Drivers/STM32F1xx_HAL_Driver/Src/stm32f1xx_hal_can.o
 .debug_rnglists
                0x0000000000000588       0xbb ./Drivers/STM32F1xx_HAL_Driver/Src/stm32f1xx_hal_cortex.o
 .debug_rnglists
                0x0000000000000643       0x64 ./Drivers/STM32F1xx_HAL_Driver/Src/stm32f1xx_hal_dma.o
 .debug_rnglists
                0x00000000000006a7       0x3f ./Drivers/STM32F1xx_HAL_Driver/Src/stm32f1xx_hal_gpio.o
 .debug_rnglists
                0x00000000000006e6       0x7a ./Drivers/STM32F1xx_HAL_Driver/Src/stm32f1xx_hal_pwr.o
 .debug_rnglists
                0x0000000000000760       0x6c ./Drivers/STM32F1xx_HAL_Driver/Src/stm32f1xx_hal_rcc.o
 .debug_rnglists
                0x00000000000007cc       0x21 ./Drivers/STM32F1xx_HAL_Driver/Src/stm32f1xx_hal_rcc_ex.o
 .debug_rnglists
                0x00000000000007ed       0xc1 ./Drivers/STM32F1xx_HAL_Driver/Src/stm32f1xx_hal_rtc.o
 .debug_rnglists
                0x00000000000008ae      0x31a ./Drivers/STM32F1xx_HAL_Driver/Src/stm32f1xx_hal_tim.o
 .debug_rnglists
                0x0000000000000bc8      0x125 ./Drivers/STM32F1xx_HAL_Driver/Src/stm32f1xx_hal_tim_ex.o

.debug_macro    0x0000000000000000    0x1b4aa
 .debug_macro   0x0000000000000000      0x313 ./Core/Src/adc.o
 .debug_macro   0x0000000000000313      0xa9c ./Core/Src/adc.o
 .debug_macro   0x0000000000000daf      0x22d ./Core/Src/adc.o
 .debug_macro   0x0000000000000fdc       0x2e ./Core/Src/adc.o
 .debug_macro   0x000000000000100a       0x22 ./Core/Src/adc.o
 .debug_macro   0x000000000000102c       0x22 ./Core/Src/adc.o
 .debug_macro   0x000000000000104e       0x8e ./Core/Src/adc.o
 .debug_macro   0x00000000000010dc       0x51 ./Core/Src/adc.o
 .debug_macro   0x000000000000112d      0x103 ./Core/Src/adc.o
 .debug_macro   0x0000000000001230       0x6a ./Core/Src/adc.o
 .debug_macro   0x000000000000129a      0x1df ./Core/Src/adc.o
 .debug_macro   0x0000000000001479       0x1c ./Core/Src/adc.o
 .debug_macro   0x0000000000001495       0x22 ./Core/Src/adc.o
 .debug_macro   0x00000000000014b7       0xbd ./Core/Src/adc.o
 .debug_macro   0x0000000000001574      0xd23 ./Core/Src/adc.o
 .debug_macro   0x0000000000002297     0xde75 ./Core/Src/adc.o
 .debug_macro   0x000000000001010c       0x6d ./Core/Src/adc.o
 .debug_macro   0x0000000000010179     0x348d ./Core/Src/adc.o
 .debug_macro   0x0000000000013606      0x174 ./Core/Src/adc.o
 .debug_macro   0x000000000001377a       0x5c ./Core/Src/adc.o
 .debug_macro   0x00000000000137d6      0x5bc ./Core/Src/adc.o
 .debug_macro   0x0000000000013d92      0x1b7 ./Core/Src/adc.o
 .debug_macro   0x0000000000013f49      0x1cb ./Core/Src/adc.o
 .debug_macro   0x0000000000014114      0x114 ./Core/Src/adc.o
 .debug_macro   0x0000000000014228      0x1b2 ./Core/Src/adc.o
 .debug_macro   0x00000000000143da       0x27 ./Core/Src/adc.o
 .debug_macro   0x0000000000014401      0x12f ./Core/Src/adc.o
 .debug_macro   0x0000000000014530      0x1bc ./Core/Src/adc.o
 .debug_macro   0x00000000000146ec       0x34 ./Core/Src/adc.o
 .debug_macro   0x0000000000014720       0x3c ./Core/Src/adc.o
 .debug_macro   0x000000000001475c      0x408 ./Core/Src/adc.o
 .debug_macro   0x0000000000014b64       0x57 ./Core/Src/adc.o
 .debug_macro   0x0000000000014bbb      0x46a ./Core/Src/adc.o
 .debug_macro   0x0000000000015025      0x1b5 ./Core/Src/adc.o
 .debug_macro   0x00000000000151da       0x87 ./Core/Src/adc.o
 .debug_macro   0x0000000000015261      0x183 ./Core/Src/adc.o
 .debug_macro   0x00000000000153e4      0x140 ./Core/Src/adc.o
 .debug_macro   0x0000000000015524      0x1ef ./Core/Src/adc.o
 .debug_macro   0x0000000000015713       0xeb ./Core/Src/adc.o
 .debug_macro   0x00000000000157fe      0x8ed ./Core/Src/adc.o
 .debug_macro   0x00000000000160eb       0x69 ./Core/Src/adc.o
 .debug_macro   0x0000000000016154       0x61 ./Core/Src/adc.o
 .debug_macro   0x00000000000161b5       0x24 ./Core/Src/adc.o
 .debug_macro   0x00000000000161d9       0x43 ./Core/Src/adc.o
 .debug_macro   0x000000000001621c       0x34 ./Core/Src/adc.o
 .debug_macro   0x0000000000016250       0x16 ./Core/Src/adc.o
 .debug_macro   0x0000000000016266       0x43 ./Core/Src/adc.o
 .debug_macro   0x00000000000162a9       0x34 ./Core/Src/adc.o
 .debug_macro   0x00000000000162dd       0x10 ./Core/Src/adc.o
 .debug_macro   0x00000000000162ed       0x58 ./Core/Src/adc.o
 .debug_macro   0x0000000000016345       0x8e ./Core/Src/adc.o
 .debug_macro   0x00000000000163d3       0x1c ./Core/Src/adc.o
 .debug_macro   0x00000000000163ef      0x177 ./Core/Src/adc.o
 .debug_macro   0x0000000000016566      0x369 ./Core/Src/adc.o
 .debug_macro   0x00000000000168cf       0x10 ./Core/Src/adc.o
 .debug_macro   0x00000000000168df       0x35 ./Core/Src/adc.o
 .debug_macro   0x0000000000016914       0x20 ./Core/Src/adc.o
 .debug_macro   0x0000000000016934       0x22 ./Core/Src/adc.o
 .debug_macro   0x0000000000016956       0x16 ./Core/Src/adc.o
 .debug_macro   0x000000000001696c       0x16 ./Core/Src/adc.o
 .debug_macro   0x0000000000016982       0x29 ./Core/Src/adc.o
 .debug_macro   0x00000000000169ab       0x66 ./Core/Src/adc.o
 .debug_macro   0x0000000000016a11       0x58 ./Core/Src/adc.o
 .debug_macro   0x0000000000016a69       0xf0 ./Core/Src/adc.o
 .debug_macro   0x0000000000016b59      0x313 ./Core/Src/can.o
 .debug_macro   0x0000000000016e6c      0x30d ./Core/Src/can_rx_queue.o
 .debug_macro   0x0000000000017179       0x5b ./Core/Src/can_rx_queue.o
 .debug_macro   0x00000000000171d4       0x94 ./Core/Src/can_rx_queue.o
 .debug_macro   0x0000000000017268       0x57 ./Core/Src/can_rx_queue.o
 .debug_macro   0x00000000000172bf       0x56 ./Core/Src/can_rx_queue.o
 .debug_macro   0x0000000000017315       0x52 ./Core/Src/can_rx_queue.o
 .debug_macro   0x0000000000017367      0x313 ./Core/Src/dma.o
 .debug_macro   0x000000000001767a      0x313 ./Core/Src/gpio.o
 .debug_macro   0x000000000001798d      0x362 ./Core/Src/main.o
 .debug_macro   0x0000000000017cef       0x7c ./Core/Src/main.o
 .debug_macro   0x0000000000017d6b      0x313 ./Core/Src/rtc.o
 .debug_macro   0x000000000001807e      0x317 ./Core/Src/smhome_errors.o
 .debug_macro   0x0000000000018395      0x330 ./Core/Src/smhome_proto.o
 .debug_macro   0x00000000000186c5      0x378 ./Core/Src/smhome_sensors.o
 .debug_macro   0x0000000000018a3d       0x16 ./Core/Src/smhome_sensors.o
 .debug_macro   0x0000000000018a53       0x97 ./Core/Src/smhome_sensors.o
 .debug_macro   0x0000000000018aea       0xfd ./Core/Src/smhome_sensors.o
 .debug_macro   0x0000000000018be7       0x10 ./Core/Src/smhome_sensors.o
 .debug_macro   0x0000000000018bf7       0x16 ./Core/Src/smhome_sensors.o
 .debug_macro   0x0000000000018c0d       0x16 ./Core/Src/smhome_sensors.o
 .debug_macro   0x0000000000018c23      0x147 ./Core/Src/smhome_sensors.o
 .debug_macro   0x0000000000018d6a       0x16 ./Core/Src/smhome_sensors.o
 .debug_macro   0x0000000000018d80       0x76 ./Core/Src/smhome_sensors.o
 .debug_macro   0x0000000000018df6      0x309 ./Core/Src/stm32f1xx_hal_msp.o
 .debug_macro   0x00000000000190ff      0x313 ./Core/Src/stm32f1xx_it.o
 .debug_macro   0x0000000000019412       0xff ./Core/Src/sysmem.o
 .debug_macro   0x0000000000019511      0x23c ./Core/Src/sysmem.o
 .debug_macro   0x000000000001974d      0x1c9 ./Core/Src/system_stm32f1xx.o
 .debug_macro   0x0000000000019916      0x317 ./Core/Src/tim.o
 .debug_macro   0x0000000000019c2d      0x1ed ./Drivers/STM32F1xx_HAL_Driver/Src/stm32f1xx_hal.o
 .debug_macro   0x0000000000019e1a      0x1e6 ./Drivers/STM32F1xx_HAL_Driver/Src/stm32f1xx_hal_adc.o
 .debug_macro   0x000000000001a000      0x1db ./Drivers/STM32F1xx_HAL_Driver/Src/stm32f1xx_hal_adc_ex.o
 .debug_macro   0x000000000001a1db      0x1d1 ./Drivers/STM32F1xx_HAL_Driver/Src/stm32f1xx_hal_can.o
 .debug_macro   0x000000000001a3ac      0x1c9 ./Drivers/STM32F1xx_HAL_Driver/Src/stm32f1xx_hal_cortex.o
 .debug_macro   0x000000000001a575      0x1c9 ./Drivers/STM32F1xx_HAL_Driver/Src/stm32f1xx_hal_dma.o
 .debug_macro   0x000000000001a73e      0x234 ./Drivers/STM32F1xx_HAL_Driver/Src/stm32f1xx_hal_gpio.o
 .debug_macro   0x000000000001a972      0x229 ./Drivers/STM32F1xx_HAL_Driver/Src/stm32f1xx_hal_pwr.o
 .debug_macro   0x000000000001ab9b      0x1db ./Drivers/STM32F1xx_HAL_Driver/Src/stm32f1xx_hal_rcc.o
 .debug_macro   0x000000000001ad76      0x1c9 ./Drivers/STM32F1xx_HAL_Driver/Src/stm32f1xx_hal_rcc_ex.o
 .debug_macro   0x000000000001af3f      0x1d8 ./Drivers/STM32F1xx_HAL_Driver/Src/stm32f1xx_hal_rtc.o
 .debug_macro   0x000000000001b117      0x1ca ./Drivers/STM32F1xx_HAL_Driver/Src/stm32f1xx_hal_tim.o
 .debug_macro   0x000000000001b2e1      0x1c9 ./Drivers/STM32F1xx_HAL_Driver/Src/stm32f1xx_hal_tim_ex.o

.debug_line     0x0000000000000000    0x16c8a
 .debug_line    0x0000000000000000      0x95e ./Core/Src/adc.o
 .debug_line    0x000000000000095e      0xa8f ./Core/Src/can.o
 .debug_line    0x00000000000013ed      0xa06 ./Core/Src/can_rx_queue.o
 .debug_line    0x0000000000001df3      0x8c6 ./Core/Src/dma.o
 .debug_line    0x00000000000026b9      0x900 ./Core/Src/gpio.o
 .debug_line    0x0000000000002fb9      0xa47 ./Core/Src/main.o
 .debug_line    0x0000000000003a00      0x95f ./Core/Src/rtc.o
 .debug_line    0x000000000000435f      0x8c6 ./Core/Src/smhome_errors.o
 .debug_line    0x0000000000004c25      0xe0e ./Core/Src/smhome_proto.o
 .debug_line    0x0000000000005a33      0xf1a ./Core/Src/smhome_sensors.o
 .debug_line    0x000000000000694d      0x8cc ./Core/Src/stm32f1xx_hal_msp.o
 .debug_line    0x0000000000007219      0x9ed ./Core/Src/stm32f1xx_it.o
 .debug_line    0x0000000000007c06      0x51c ./Core/Src/sysmem.o
 .debug_line    0x0000000000008122      0x779 ./Core/Src/system_stm32f1xx.o
 .debug_line    0x000000000000889b      0x956 ./Core/Src/tim.o
 .debug_line    0x00000000000091f1       0x78 ./Core/Startup/startup_stm32f103c6tx.o
 .debug_line    0x0000000000009269      0x9a6 ./Drivers/STM32F1xx_HAL_Driver/Src/stm32f1xx_hal.o
 .debug_line    0x0000000000009c0f     0x1023 ./Drivers/STM32F1xx_HAL_Driver/Src/stm32f1xx_hal_adc.o
 .debug_line    0x000000000000ac32      0xd5d ./Drivers/STM32F1xx_HAL_Driver/Src/stm32f1xx_hal_adc_ex.o
 .debug_line    0x000000000000b98f     0x114d ./Drivers/STM32F1xx_HAL_Driver/Src/stm32f1xx_hal_can.o
 .debug_line    0x000000000000cadc      0xb8e ./Drivers/STM32F1xx_HAL_Driver/Src/stm32f1xx_hal_cortex.o
 .debug_line    0x000000000000d66a      0xdff ./Drivers/STM32F1xx_HAL_Driver/Src/stm32f1xx_hal_dma.o
 .debug_line    0x000000000000e469      0xa2a ./Drivers/STM32F1xx_HAL_Driver/Src/stm32f1xx_hal_gpio.o
 .debug_line    0x000000000000ee93      0x928 ./Drivers/STM32F1xx_HAL_Driver/Src/stm32f1xx_hal_pwr.o
 .debug_line    0x000000000000f7bb      0xdaf ./Drivers/STM32F1xx_HAL_Driver/Src/stm32f1xx_hal_rcc.o
 .debug_line    0x000000000001056a      0x8ea ./Drivers/STM32F1xx_HAL_Driver/Src/stm32f1xx_hal_rcc_ex.o
 .debug_line    0x0000000000010e54     0x1118 ./Drivers/STM32F1xx_HAL_Driver/Src/stm32f1xx_hal_rtc.o
 .debug_line    0x0000000000011f6c     0x3449 ./Drivers/STM32F1xx_HAL_Driver/Src/stm32f1xx_hal_tim.o
 .debug_line    0x00000000000153b5     0x18d5 ./Drivers/STM32F1xx_HAL_Driver/Src/stm32f1xx_hal_tim_ex.o

.debug_str      0x0000000000000000    0x90def
 .debug_str     0x0000000000000000    0x8b520 ./Core/Src/adc.o
                                      0x8b90e (size before relaxing)
 .debug_str     0x000000000008b520      0x874 ./Core/Src/can.o
                                      0x8bea9 (size before relaxing)
 .debug_str     0x000000000008bd94       0xa3 ./Core/Src/can_rx_queue.o
                                      0x8b64c (size before relaxing)
 .debug_str     0x000000000008be37       0x29 ./Core/Src/dma.o
                                      0x8b7dc (size before relaxing)
 .debug_str     0x000000000008be60       0x68 ./Core/Src/gpio.o
                                      0x8b5b8 (size before relaxing)
 .debug_str     0x000000000008bec8      0x80c ./Core/Src/main.o
                                      0x8c4ec (size before relaxing)
 .debug_str     0x000000000008c6d4      0x193 ./Core/Src/rtc.o
                                      0x8b75c (size before relaxing)
 .debug_str     0x000000000008c867       0x26 ./Core/Src/smhome_errors.o
                                      0x8b4bf (size before relaxing)
 .debug_str     0x000000000008c88d      0x38d ./Core/Src/smhome_proto.o
                                      0x8bc5c (size before relaxing)
 .debug_str     0x000000000008cc1a      0x85e ./Core/Src/smhome_sensors.o
                                      0x8c954 (size before relaxing)
 .debug_str     0x000000000008d478       0x50 ./Core/Src/stm32f1xx_hal_msp.o
                                      0x8b540 (size before relaxing)
 .debug_str     0x000000000008d4c8      0x13f ./Core/Src/stm32f1xx_it.o
                                      0x8bd30 (size before relaxing)
 .debug_str     0x000000000008d607      0x4dc ./Core/Src/sysmem.o
                                       0x600a (size before relaxing)
 .debug_str     0x000000000008dae3       0x7e ./Core/Src/system_stm32f1xx.o
                                      0x87bde (size before relaxing)
 .debug_str     0x000000000008db61      0x15f ./Core/Src/tim.o
                                      0x8be54 (size before relaxing)
 .debug_str     0x000000000008dcc0       0x34 ./Core/Startup/startup_stm32f103c6tx.o
                                         0x74 (size before relaxing)
 .debug_str     0x000000000008dcf4      0x36f ./Drivers/STM32F1xx_HAL_Driver/Src/stm32f1xx_hal.o
                                      0x882d7 (size before relaxing)
 .debug_str     0x000000000008e063      0x373 ./Drivers/STM32F1xx_HAL_Driver/Src/stm32f1xx_hal_adc.o