Archive member included to satisfy reference by file (symbol)

/Applications/STM32CubeIDE.app/Contents/Eclipse/plugins/com.st.stm32cube.ide.mcu.externaltools.gnu-tools-for-stm32.11.3.rel1.macos64_1.1.100.202310310803/tools/bin/../lib/gcc/arm-none-eabi/11.3.1/../../../../arm-none-eabi/lib/thumb/v7-m/nofp/libc_nano.a(libc_a-exit.o)
                              /Applications/STM32CubeIDE.app/Contents/Eclipse/plugins/com.st.stm32cube.ide.mcu.externaltools.gnu-tools-for-stm32.11.3.rel1.macos64_1.1.100.202310310803/tools/bin/../lib/gcc/arm-none-eabi/11.3.1/../../../../arm-none-eabi/lib/thumb/v7-m/nofp/crt0.o (exit)
/Applications/STM32CubeIDE.app/Contents/Eclipse/plugins/com.st.stm32cube.ide.mcu.externaltools.gnu-tools-for-stm32.11.3.rel1.macos64_1.1.100.202310310803/tools/bin/../lib/gcc/arm-none-eabi/11.3.1/../../../../arm-none-eabi/lib/thumb/v7-m/nofp/libc_nano.a(libc_a-malloc.o)
                              ./Core/Src/can_rx_queue.o (malloc)
/Applications/STM32CubeIDE.app/Contents/Eclipse/plugins/com.st.stm32cube.ide.mcu.externaltools.gnu-tools-for-stm32.11.3.rel1.macos64_1.1.100.202310310803/tools/bin/../lib/gcc/arm-none-eabi/11.3.1/../../../../arm-none-eabi/lib/thumb/v7-m/nofp/libc_nano.a(libc_a-mallocr.o)
                              /Applications/STM32CubeIDE.app/Contents/Eclipse/plugins/com.st.stm32cube.ide.mcu.externaltools.gnu-tools-for-stm32.11.3.rel1.macos64_1.1.100.202310310803/tools/bin/../lib/gcc/arm-none-eabi/11.3.1/../../../../arm-none-eabi/lib/thumb/v7-m/nofp/libc_nano.a(libc_a-malloc.o) (_malloc_r)
/Applications/STM32CubeIDE.app/Contents/Eclipse/plugins/com.st.stm32cube.ide.mcu.externaltools.gnu-tools-for-stm32.11.3.rel1.macos64_1.1.100.202310310803/tools/bin/../lib/gcc/arm-none-eabi/11.3.1/../../../../arm-none-eabi/lib/thumb/v7-m/nofp/libc_nano.a(libc_a-mlock.o)
                              /Applications/STM32CubeIDE.app/Contents/Eclipse/plugins/com.st.stm32cube.ide.mcu.externaltools.gnu-tools-for-stm32.11.3.rel1.macos64_1.1.100.202310310803/tools/bin/../lib/gcc/arm-none-eabi/11.3.1/../../../../arm-none-eabi/lib/thumb/v7-m/nofp/libc_nano.a(libc_a-mallocr.o) (__malloc_lock)
/Applications/STM32CubeIDE.app/Contents/Eclipse/plugins/com.st.stm32cube.ide.mcu.externaltools.gnu-tools-for-stm32.11.3.rel1.macos64_1.1.100.202310310803/tools/bin/../lib/gcc/arm-none-eabi/11.3.1/../../../../arm-none-eabi/lib/thumb/v7-m/nofp/libc_nano.a(libc_a-findfp.o)
                              /Applications/STM32CubeIDE.app/Contents/Eclipse/plugins/com.st.stm32cube.ide.mcu.externaltools.gnu-tools-for-stm32.11.3.rel1.macos64_1.1.100.202310310803/tools/bin/../lib/gcc/arm-none-eabi/11.3.1/../../../../arm-none-eabi/lib/thumb/v7-m/nofp/libc_nano.a(libc_a-exit.o) (__stdio_exit_handler)
/Applications/STM32CubeIDE.app/Contents/Eclipse/plugins/com.st.stm32cube.ide.mcu.externaltools.gnu-tools-for-stm32.11.3.rel1.macos64_1.1.100.202310310803/tools/bin/../lib/gcc/arm-none-eabi/11.3.1/../../../../arm-none-eabi/lib/thumb/v7-m/nofp/libc_nano.a(libc_a-fwalk.o)
                              /Applications/STM32CubeIDE.app/Contents/Eclipse/plugins/com.st.stm32cube.ide.mcu.externaltools.gnu-tools-for-stm32.11.3.rel1.macos64_1.1.100.202310310803/tools/bin/../lib/gcc/arm-none-eabi/11.3.1/../../../../arm-none-eabi/lib/thumb/v7-m/nofp/libc_nano.a(libc_a-findfp.o) (_fwalk_sglue)
/Applications/STM32CubeIDE.app/Contents/Eclipse/plugins/com.st.stm32cube.ide.mcu.externaltools.gnu-tools-for-stm32.11.3.rel1.macos64_1.1.100.202310310803/tools/bin/../lib/gcc/arm-none-eabi/11.3.1/../../../../arm-none-eabi/lib/thumb/v7-m/nofp/libc_nano.a(libc_a-memset.o)
                              /Applications/STM32CubeIDE.app/Contents/Eclipse/plugins/com.st.stm32cube.ide.mcu.externaltools.gnu-tools-for-stm32.11.3.rel1.macos64_1.1.100.202310310803/tools/bin/../lib/gcc/arm-none-eabi/11.3.1/../../../../arm-none-eabi/lib/thumb/v7-m/nofp/crt0.o (memset)
/Applications/STM32CubeIDE.app/Contents/Eclipse/plugins/com.st.stm32cube.ide.mcu.externaltools.gnu-tools-for-stm32.11.3.rel1.macos64_1.1.100.202310310803/tools/bin/../lib/gcc/arm-none-eabi/11.3.1/../../../../arm-none-eabi/lib/thumb/v7-m/nofp/libc_nano.a(libc_a-impure.o)
                              /Applications/STM32CubeIDE.app/Contents/Eclipse/plugins/com.st.stm32cube.ide.mcu.externaltools.gnu-tools-for-stm32.11.3.rel1.macos64_1.1.100.202310310803/tools/bin/../lib/gcc/arm-none-eabi/11.3.1/../../../../arm-none-eabi/lib/thumb/v7-m/nofp/libc_nano.a(libc_a-malloc.o) (_impure_ptr)
/Applications/STM32CubeIDE.app/Contents/Eclipse/plugins/com.st.stm32cube.ide.mcu.externaltools.gnu-tools-for-stm32.11.3.rel1.macos64_1.1.100.202310310803/tools/bin/../lib/gcc/arm-none-eabi/11.3.1/../../../../arm-none-eabi/lib/thumb/v7-m/nofp/libc_nano.a(libc_a-sbrkr.o)
[...]
Memory Configuration

Name             Origin             Length             Attributes
RAM              0x0000000020000000 0x0000000000002800 xrw
FLASH            0x0000000008000000 0x0000000000008000 xr
*default*        0x0000000000000000 0xffffffffffffffff

Linker script and memory map

LOAD /Applications/STM32CubeIDE.app/Contents/Eclipse/plugins/com.st.stm32cube.ide.mcu.externaltools.gnu-tools-for-stm32.11.3.rel1.macos64_1.1.100.202310310803/tools/bin/../lib/gcc/arm-none-eabi/11.3.1/thumb/v7-m/nofp/crti.o
LOAD /Applications/STM32CubeIDE.app/Contents/Eclipse/plugins/com.st.stm32cube.ide.mcu.externaltools.gnu-tools-for-stm32.11.3.rel1.macos64_1.1.100.202310310803/tools/bin/../lib/gcc/arm-none-eabi/11.3.1/thumb/v7-m/nofp/crtbegin.o
LOAD /Applications/STM32CubeIDE.app/Contents/Eclipse/plugins/com.st.stm32cube.ide.mcu.externaltools.gnu-tools-for-stm32.11.3.rel1.macos64_1.1.100.202310310803/tools/bin/../lib/gcc/arm-none-eabi/11.3.1/../../../../arm-none-eabi/lib/thumb/v7-m/nofp/crt0.o
LOAD ./Core/Src/adc.o
LOAD ./Core/Src/can.o
LOAD ./Core/Src/can_rx_queue.o
LOAD ./Core/Src/dma.o
LOAD ./Core/Src/gpio.o
LOAD ./Core/Src/main.o
LOAD ./Core/Src/rtc.o
LOAD ./Core/Src/smhome_errors.o
LOAD ./Core/Src/smhome_proto.o
LOAD ./Core/Src/smhome_sensors.o
LOAD ./Core/Src/stm32f1xx_hal_msp.o
LOAD ./Core/Src/stm32f1xx_it.o
LOAD ./Core/Src/syscalls.o
LOAD ./Core/Src/sysmem.o
LOAD ./Core/Src/system_stm32f1xx.o
LOAD ./Core/Src/tim.o
LOAD ./Core/Startup/startup_stm32f103c6tx.o
LOAD ./Drivers/STM32F1xx_HAL_Driver/Src/stm32f1xx_hal.o
LOAD ./Drivers/STM32F1xx_HAL_Driver/Src/stm32f1xx_hal_adc.o
LOAD ./Drivers/STM32F1xx_HAL_Driver/Src/stm32f1xx_hal_adc_ex.o
LOAD ./Drivers/STM32F1xx_HAL_Driver/Src/stm32f1xx_hal_can.o
LOAD ./Drivers/STM32F1xx_HAL_Driver/Src/stm32f1xx_hal_cortex.o
LOAD ./Drivers/STM32F1xx_HAL_Driver/Src/stm32f1xx_hal_dma.o
LOAD ./Drivers/STM32F1xx_HAL_Driver/Src/stm32f1xx_hal_exti.o
LOAD ./Drivers/STM32F1xx_HAL_Driver/Src/stm32f1xx_hal_flash.o
LOAD ./Drivers/STM32F1xx_HAL_Driver/Src/stm32f1xx_hal_flash_ex.o
LOAD ./Drivers/STM32F1xx_HAL_Driver/Src/stm32f1xx_hal_gpio.o
LOAD ./Drivers/STM32F1xx_HAL_Driver/Src/stm32f1xx_hal_gpio_ex.o
LOAD ./Drivers/STM32F1xx_HAL_Driver/Src/stm32f1xx_hal_pwr.o
LOAD ./Drivers/STM32F1xx_HAL_Driver/Src/stm32f1xx_hal_rcc.o
LOAD ./Drivers/STM32F1xx_HAL_Driver/Src/stm32f1xx_hal_rcc_ex.o
LOAD ./Drivers/STM32F1xx_HAL_Driver/Src/stm32f1xx_hal_rtc.o
LOAD ./Drivers/STM32F1xx_HAL_Driver/Src/stm32f1xx_hal_rtc_ex.o
LOAD ./Drivers/STM32F1xx_HAL_Driver/Src/stm32f1xx_hal_tim.o
LOAD ./Drivers/STM32F1xx_HAL_Driver/Src/stm32f1xx_hal_tim_ex.o
START GROUP
LOAD /Applications/STM32CubeIDE.app/Contents/Eclipse/plugins/com.st.stm32cube.ide.mcu.externaltools.gnu-tools-for-stm32.11.3.rel1.macos64_1.1.100.202310310803/tools/bin/../lib/gcc/arm-none-eabi/11.3.1/../../../../arm-none-eabi/lib/thumb/v7-m/nofp/libc_nano.a
LOAD /Applications/STM32CubeIDE.app/Contents/Eclipse/plugins/com.st.stm32cube.ide.mcu.externaltools.gnu-tools-for-stm32.11.3.rel1.macos64_1.1.100.202310310803/tools/bin/../lib/gcc/arm-none-eabi/11.3.1/../../../../arm-none-eabi/lib/thumb/v7-m/nofp/libm.a
END GROUP
START GROUP
LOAD /Applications/STM32CubeIDE.app/Contents/Eclipse/plugins/com.st.stm32cube.ide.mcu.externaltools.gnu-tools-for-stm32.11.3.rel1.macos64_1.1.100.202310310803/tools/bin/../lib/gcc/arm-none-eabi/11.3.1/thumb/v7-m/nofp/libgcc.a
LOAD /Applications/STM32CubeIDE.app/Contents/Eclipse/plugins/com.st.stm32cube.ide.mcu.externaltools.gnu-tools-for-stm32.11.3.rel1.macos64_1.1.100.202310310803/tools/bin/../lib/gcc/arm-none-eabi/11.3.1/../../../../arm-none-eabi/lib/thumb/v7-m/nofp/libc_nano.a
END GROUP
START GROUP
LOAD /Applications/STM32CubeIDE.app/Contents/Eclipse/plugins/com.st.stm32cube.ide.mcu.externaltools.gnu-tools-for-stm32.11.3.rel1.macos64_1.1.100.202310310803/tools/bin/../lib/gcc/arm-none-eabi/11.3.1/thumb/v7-m/nofp/libgcc.a
LOAD /Applications/STM32CubeIDE.app/Contents/Eclipse/plugins/com.st.stm32cube.ide.mcu.externaltools.gnu-tools-for-stm32.11.3.rel1.macos64_1.1.100.202310310803/tools/bin/../lib/gcc/arm-none-eabi/11.3.1/../../../../arm-none-eabi/lib/thumb/v7-m/nofp/libc_nano.a
LOAD /Applications/STM32CubeIDE.app/Contents/Eclipse/plugins/com.st.stm32cube.ide.mcu.externaltools.gnu-tools-for-stm32.11.3.rel1.macos64_1.1.100.202310310803/tools/bin/../lib/gcc/arm-none-eabi/11.3.1/../../../../arm-none-eabi/lib/thumb/v7-m/nofp/libnosys.a
END GROUP
START GROUP
LOAD /Applications/STM32CubeIDE.app/Contents/Eclipse/plugins/com.st.stm32cube.ide.mcu.externaltools.gnu-tools-for-stm32.11.3.rel1.macos64_1.1.100.202310310803/tools/bin/../lib/gcc/arm-none-eabi/11.3.1/thumb/v7-m/nofp/libgcc.a
LOAD /Applications/STM32CubeIDE.app/Contents/Eclipse/plugins/com.st.stm32cube.ide.mcu.externaltools.gnu-tools-for-stm32.11.3.rel1.macos64_1.1.100.202310310803/tools/bin/../lib/gcc/arm-none-eabi/11.3.1/../../../../arm-none-eabi/lib/thumb/v7-m/nofp/libc_nano.a
LOAD /Applications/STM32CubeIDE.app/Contents/Eclipse/plugins/com.st.stm32cube.ide.mcu.externaltools.gnu-tools-for-stm32.11.3.rel1.macos64_1.1.100.202310310803/tools/bin/../lib/gcc/arm-none-eabi/11.3.1/../../../../arm-none-eabi/lib/thumb/v7-m/nofp/libnosys.a
END GROUP
LOAD /Applications/STM32CubeIDE.app/Contents/Eclipse/plugins/com.st.stm32cube.ide.mcu.externaltools.gnu-tools-for-stm32.11.3.rel1.macos64_1.1.100.202310310803/tools/bin/../lib/gcc/arm-none-eabi/11.3.1/thumb/v7-m/nofp/crtend.o
LOAD /Applications/STM32CubeIDE.app/Contents/Eclipse/plugins/com.st.stm32cube.ide.mcu.externaltools.gnu-tools-for-stm32.11.3.rel1.macos64_1.1.100.202310310803/tools/bin/../lib/gcc/arm-none-eabi/11.3.1/thumb/v7-m/nofp/crtn.o
                0x0000000020002800                _estack = (ORIGIN (RAM) + LENGTH (RAM))
                0x0000000000000200                _Min_Heap_Size = 0x200
                0x0000000000000400                _Min_Stack_Size = 0x400

.isr_vector     0x0000000008000000      0x10c
                0x0000000008000000                . = ALIGN (0x4)
 *(.isr_vector)
 .isr_vector    0x0000000008000000      0x10c ./Core/Startup/startup_stm32f103c6tx.o
                0x0000000008000000                g_pfnVectors
                0x000000000800010c                . = ALIGN (0x4)

.text           0x000000000800010c     0x5e34
                0x000000000800010c                . = ALIGN (0x4)
 *(.text)
 .text          0x000000000800010c       0x40 /Applications/STM32CubeIDE.app/Contents/Eclipse/plugins/com.st.stm32cube.ide.mcu.externaltools.gnu-tools-for-stm32.11.3.rel1.macos64_1.1.100.202310310803/tools/bin/../lib/gcc/arm-none-eabi/11.3.1/thumb/v7-m/nofp/crtbegin.o
 .text          0x000000000800014c       0x10 /Applications/STM32CubeIDE.app/Contents/Eclipse/plugins/com.st.stm32cube.ide.mcu.externaltools.gnu-tools-for-stm32.11.3.rel1.macos64_1.1.100.202310310803/tools/bin/../lib/gcc/arm-none-eabi/11.3.1/../../../../arm-none-eabi/lib/thumb/v7-m/nofp/libc_nano.a(libc_a-strlen.o)
                0x000000000800014c                strlen
 *(.text*)
 .text.MX_ADC1_Init
                0x000000000800015c       0x9c ./Core/Src/adc.o
                0x000000000800015c                MX_ADC1_Init
 .text.HAL_ADC_MspInit
                0x00000000080001f8       0x94 ./Core/Src/adc.o
                0x00000000080001f8                HAL_ADC_MspInit
 .text.HAL_ADC_MspDeInit
                0x000000000800028c       0x38 ./Core/Src/adc.o
                0x000000000800028c                HAL_ADC_MspDeInit
 .text.MX_CAN_Init
                0x00000000080002c4       0x6c ./Core/Src/can.o
                0x00000000080002c4                MX_CAN_Init
 .text.HAL_CAN_MspInit
                0x0000000008000330       0xb8 ./Core/Src/can.o
                0x0000000008000330                HAL_CAN_MspInit
 .text.CAN_ListenFilter_Init
                0x00000000080003e8       0xce ./Core/Src/can.o
                0x00000000080003e8                CAN_ListenFilter_Init
 .text.HAL_CAN_ErrorCallback
                0x00000000080004b6       0x12 ./Core/Src/can.o
                0x00000000080004b6                HAL_CAN_ErrorCallback
 .text.HAL_CAN_RxFifo0MsgPendingCallback
                0x00000000080004c8       0xa0 ./Core/Src/can.o
                0x00000000080004c8                HAL_CAN_RxFifo0MsgPendingCallback
 .text.CAN_Send_Packet
                0x0000000008000568       0x44 ./Core/Src/can.o
                0x0000000008000568                CAN_Send_Packet
 .text.q_Init   0x00000000080005ac       0x30 ./Core/Src/can_rx_queue.o
                0x00000000080005ac                q_Init
 .text.q_CreateEl
                0x00000000080005dc       0x52 ./Core/Src/can_rx_queue.o
                0x00000000080005dc                q_CreateEl
 .text.q_ClearPkt
                0x000000000800062e       0x16 ./Core/Src/can_rx_queue.o
                0x000000000800062e                q_ClearPkt
 .text.q_Push   0x0000000008000644       0x64 ./Core/Src/can_rx_queue.o
                0x0000000008000644                q_Push
 .text.q_Pop    0x00000000080006a8       0x54 ./Core/Src/can_rx_queue.o
                0x00000000080006a8                q_Pop
 .text.q_isEmpty
                0x00000000080006fc       0x20 ./Core/Src/can_rx_queue.o
                0x00000000080006fc                q_isEmpty
 .text.MX_DMA_Init
                0x000000000800071c       0x3c ./Core/Src/dma.o
                0x000000000800071c                MX_DMA_Init
 .text.MX_GPIO_Init
                0x0000000008000758      0x100 ./Core/Src/gpio.o
                0x0000000008000758                MX_GPIO_Init
 .text.main     0x0000000008000858      0x1e8 ./Core/Src/main.o
                0x0000000008000858                main
 .text.SystemClock_Config
                0x0000000008000a40       0xc0 ./Core/Src/main.o
                0x0000000008000a40                SystemClock_Config
 .text.sleepMode
                0x0000000008000b00       0x3c ./Core/Src/main.o
                0x0000000008000b00                sleepMode
 .text.Error_Handler
                0x0000000008000b3c        0xa ./Core/Src/main.o
                0x0000000008000b3c                Error_Handler
 *fill*         0x0000000008000b46        0x2 
 .text.MX_RTC_Init
                0x0000000008000b48       0x38 ./Core/Src/rtc.o
                0x0000000008000b48                MX_RTC_Init
 .text.HAL_RTC_MspInit
                0x0000000008000b80       0x48 ./Core/Src/rtc.o
                0x0000000008000b80                HAL_RTC_MspInit
 .text.getUpTime
                0x0000000008000bc8       0x64 ./Core/Src/rtc.o
                0x0000000008000bc8                getUpTime
 .text.SMHome_error
                0x0000000008000c2c        0xa ./Core/Src/smhome_errors.o
                0x0000000008000c2c                SMHome_error
 *fill*         0x0000000008000c36        0x2 
 .text.SMHome_InputSelector
                0x0000000008000c38       0xe8 ./Core/Src/smhome_proto.o
                0x0000000008000c38                SMHome_InputSelector
 .text.CAN_TxHeader_Create
                0x0000000008000d20       0x94 ./Core/Src/smhome_proto.o
                0x0000000008000d20                CAN_TxHeader_Create
 .text.SMHome_SendUID
                0x0000000008000db4      0x1b0 ./Core/Src/smhome_proto.o
                0x0000000008000db4                SMHome_SendUID
 .text.SMHome_SendUpTime
                0x0000000008000f64       0x74 ./Core/Src/smhome_proto.o
                0x0000000008000f64                SMHome_SendUpTime
 .text.SMHome_NetConf
                0x0000000008000fd8      0x16c ./Core/Src/smhome_proto.o
                0x0000000008000fd8                SMHome_NetConf
 .text.SMHome_SendSensorConf
                0x0000000008001144      0x104 ./Core/Src/smhome_proto.o
                0x0000000008001144                SMHome_SendSensorConf
 .text.SMHome_ReplySensorValue
                0x0000000008001248       0x98 ./Core/Src/smhome_proto.o
                0x0000000008001248                SMHome_ReplySensorValue
 .text.SMHome_SendSensorValue
                0x00000000080012e0       0xa8 ./Core/Src/smhome_proto.o
                0x00000000080012e0                SMHome_SendSensorValue
 .text.SMHome_SwitchSensorState
                0x0000000008001388       0x52 ./Core/Src/smhome_proto.o
                0x0000000008001388                SMHome_SwitchSensorState
 *fill*         0x00000000080013da        0x2 
 .text.SMHome_SendError
                0x00000000080013dc       0x98 ./Core/Src/smhome_proto.o
                0x00000000080013dc                SMHome_SendError
 .text.Sensor_DB_Init
                0x0000000008001474      0x2bc ./Core/Src/smhome_sensors.o
                0x0000000008001474                Sensor_DB_Init
 .text.EXTI15_10_IRQHandler
                0x0000000008001730       0x18 ./Core/Src/smhome_sensors.o
                0x0000000008001730                EXTI15_10_IRQHandler
 .text.EXTI0_IRQHandler
                0x0000000008001748        0xe ./Core/Src/smhome_sensors.o
                0x0000000008001748                EXTI0_IRQHandler
 .text.EXTI1_IRQHandler
                0x0000000008001756        0xe ./Core/Src/smhome_sensors.o
                0x0000000008001756                EXTI1_IRQHandler
 .text.EXTI2_IRQHandler
                0x0000000008001764        0xe ./Core/Src/smhome_sensors.o
                0x0000000008001764                EXTI2_IRQHandler
 .text.HAL_GPIO_EXTI_Callback
                0x0000000008001772       0x72 ./Core/Src/smhome_sensors.o
                0x0000000008001772                HAL_GPIO_EXTI_Callback
 .text.GetPortNum
                0x00000000080017e4       0x40 ./Core/Src/smhome_sensors.o
                0x00000000080017e4                GetPortNum
 .text.SMH_SensorDB_Add
                0x0000000008001824       0x30 ./Core/Src/smhome_sensors.o
                0x0000000008001824                SMH_SensorDB_Add
 .text.Sensor_Init
                0x0000000008001854       0xe0 ./Core/Src/smhome_sensors.o
                0x0000000008001854                Sensor_Init
 .text.Sensor_OFF
                0x0000000008001934       0x44 ./Core/Src/smhome_sensors.o
                0x0000000008001934                Sensor_OFF
 .text.Sensor_ON
                0x0000000008001978      0x12c ./Core/Src/smhome_sensors.o
                0x0000000008001978                Sensor_ON
 .text.Sensor_SetPollingOn
                0x0000000008001aa4       0x46 ./Core/Src/smhome_sensors.o
                0x0000000008001aa4                Sensor_SetPollingOn
 *fill*         0x0000000008001aea        0x2 
 .text.GetSensorByID
                0x0000000008001aec       0x40 ./Core/Src/smhome_sensors.o
                0x0000000008001aec                GetSensorByID
 .text.GetSensorByPinNum
                0x0000000008001b2c       0x4c ./Core/Src/smhome_sensors.o
                0x0000000008001b2c                GetSensorByPinNum
 .text.SMH_ADC_RunConversation
                0x0000000008001b78      0x188 ./Core/Src/smhome_sensors.o
                0x0000000008001b78                SMH_ADC_RunConversation
 .text.SMH_SensorDOPolling
                0x0000000008001d00       0xe8 ./Core/Src/smhome_sensors.o
                0x0000000008001d00                SMH_SensorDOPolling
 .text.SMH_SensorGetValue
                0x0000000008001de8       0xf8 ./Core/Src/smhome_sensors.o
                0x0000000008001de8                SMH_SensorGetValue
 .text.SMH_SensorSwitch
                0x0000000008001ee0       0x66 ./Core/Src/smhome_sensors.o
                0x0000000008001ee0                SMH_SensorSwitch
 *fill*         0x0000000008001f46        0x2 
 .text.HAL_MspInit
                0x0000000008001f48       0x64 ./Core/Src/stm32f1xx_hal_msp.o
                0x0000000008001f48                HAL_MspInit
 .text.NMI_Handler
                0x0000000008001fac        0x6 ./Core/Src/stm32f1xx_it.o
                0x0000000008001fac                NMI_Handler
 .text.HardFault_Handler
                0x0000000008001fb2        0x6 ./Core/Src/stm32f1xx_it.o
                0x0000000008001fb2                HardFault_Handler
 .text.MemManage_Handler
                0x0000000008001fb8        0x6 ./Core/Src/stm32f1xx_it.o
                0x0000000008001fb8                MemManage_Handler
 .text.BusFault_Handler
                0x0000000008001fbe        0x6 ./Core/Src/stm32f1xx_it.o
                0x0000000008001fbe                BusFault_Handler
 .text.UsageFault_Handler
                0x0000000008001fc4        0x6 ./Core/Src/stm32f1xx_it.o
                0x0000000008001fc4                UsageFault_Handler
 .text.SVC_Handler
                0x0000000008001fca        0xc ./Core/Src/stm32f1xx_it.o
                0x0000000008001fca                SVC_Handler
 .text.DebugMon_Handler
                0x0000000008001fd6        0xc ./Core/Src/stm32f1xx_it.o
                0x0000000008001fd6                DebugMon_Handler
 .text.PendSV_Handler
                0x0000000008001fe2        0xc ./Core/Src/stm32f1xx_it.o
                0x0000000008001fe2                PendSV_Handler
 .text.SysTick_Handler
                0x0000000008001fee        0xc ./Core/Src/stm32f1xx_it.o
                0x0000000008001fee                SysTick_Handler
 *fill*         0x0000000008001ffa        0x2 
 .text.DMA1_Channel1_IRQHandler
                0x0000000008001ffc       0x14 ./Core/Src/stm32f1xx_it.o
                0x0000000008001ffc                DMA1_Channel1_IRQHandler
 .text.USB_LP_CAN1_RX0_IRQHandler
                0x0000000008002010       0x14 ./Core/Src/stm32f1xx_it.o
                0x0000000008002010                USB_LP_CAN1_RX0_IRQHandler
 .text.CAN1_SCE_IRQHandler
                0x0000000008002024       0x14 ./Core/Src/stm32f1xx_it.o
                0x0000000008002024                CAN1_SCE_IRQHandler
 .text.TIM2_IRQHandler
                0x0000000008002038       0x14 ./Core/Src/stm32f1xx_it.o
                0x0000000008002038                TIM2_IRQHandler
 .text._sbrk    0x000000000800204c       0x6c ./Core/Src/sysmem.o
                0x000000000800204c                _sbrk
 .text.SystemInit
                0x00000000080020b8        0xc ./Core/Src/system_stm32f1xx.o
                0x00000000080020b8                SystemInit
 .text.MX_TIM2_Init
                0x00000000080020c4       0x9c ./Core/Src/tim.o
                0x00000000080020c4                MX_TIM2_Init
 .text.HAL_TIM_Base_MspInit
                0x0000000008002160       0x48 ./Core/Src/tim.o
                0x0000000008002160                HAL_TIM_Base_MspInit
 .text.HAL_TIM_PeriodElapsedCallback
                0x00000000080021a8       0x28 ./Core/Src/tim.o
                0x00000000080021a8                HAL_TIM_PeriodElapsedCallback
 .text.Reset_Handler
                0x00000000080021d0       0x48 ./Core/Startup/startup_stm32f103c6tx.o
                0x00000000080021d0                Reset_Handler
 .text.Default_Handler
                0x0000000008002218        0x2 ./Core/Startup/startup_stm32f103c6tx.o
                0x0000000008002218                USBWakeUp_IRQHandler
                0x0000000008002218                TIM1_CC_IRQHandler
                0x0000000008002218                PVD_IRQHandler
                0x0000000008002218                EXTI3_IRQHandler
                0x0000000008002218                ADC1_2_IRQHandler
                0x0000000008002218                SPI1_IRQHandler
                0x0000000008002218                TAMPER_IRQHandler
                0x0000000008002218                DMA1_Channel4_IRQHandler
                0x0000000008002218                RTC_IRQHandler
                0x0000000008002218                DMA1_Channel7_IRQHandler
                0x0000000008002218                CAN1_RX1_IRQHandler
                0x0000000008002218                I2C1_EV_IRQHandler
                0x0000000008002218                DMA1_Channel6_IRQHandler
                0x0000000008002218                TIM3_IRQHandler
                0x0000000008002218                RCC_IRQHandler
                0x0000000008002218                TIM1_TRG_COM_IRQHandler
                0x0000000008002218                Default_Handler
                0x0000000008002218                EXTI9_5_IRQHandler
                0x0000000008002218                DMA1_Channel5_IRQHandler
                0x0000000008002218                EXTI4_IRQHandler
                0x0000000008002218                USB_HP_CAN1_TX_IRQHandler
                0x0000000008002218                DMA1_Channel3_IRQHandler
                0x0000000008002218                TIM1_UP_IRQHandler
                0x0000000008002218                WWDG_IRQHandler
                0x0000000008002218                TIM1_BRK_IRQHandler
                0x0000000008002218                USART2_IRQHandler
                0x0000000008002218                DMA1_Channel2_IRQHandler
                0x0000000008002218                FLASH_IRQHandler
                0x0000000008002218                USART1_IRQHandler
                0x0000000008002218                I2C1_ER_IRQHandler
                0x0000000008002218                RTC_Alarm_IRQHandler
 *fill*         0x000000000800221a        0x2 
 .text.HAL_Init
                0x000000000800221c       0x2c ./Drivers/STM32F1xx_HAL_Driver/Src/stm32f1xx_hal.o
                0x000000000800221c                HAL_Init
 .text.HAL_InitTick
                0x0000000008002248       0x60 ./Drivers/STM32F1xx_HAL_Driver/Src/stm32f1xx_hal.o
                0x0000000008002248                HAL_InitTick
 .text.HAL_IncTick
                0x00000000080022a8       0x24 ./Drivers/STM32F1xx_HAL_Driver/Src/stm32f1xx_hal.o
                0x00000000080022a8                HAL_IncTick
 .text.HAL_GetTick
                0x00000000080022cc       0x14 ./Drivers/STM32F1xx_HAL_Driver/Src/stm32f1xx_hal.o
                0x00000000080022cc                HAL_GetTick
 .text.HAL_SuspendTick
                0x00000000080022e0       0x1c ./Drivers/STM32F1xx_HAL_Driver/Src/stm32f1xx_hal.o
                0x00000000080022e0                HAL_SuspendTick
 .text.HAL_ResumeTick
                0x00000000080022fc       0x1c ./Drivers/STM32F1xx_HAL_Driver/Src/stm32f1xx_hal.o
                0x00000000080022fc                HAL_ResumeTick
 .text.HAL_ADC_Init
                0x0000000008002318      0x1b0 ./Drivers/STM32F1xx_HAL_Driver/Src/stm32f1xx_hal_adc.o
                0x0000000008002318                HAL_ADC_Init
 .text.HAL_ADC_DeInit
                0x00000000080024c8      0x184 ./Drivers/STM32F1xx_HAL_Driver/Src/stm32f1xx_hal_adc.o
                0x00000000080024c8                HAL_ADC_DeInit
 .text.HAL_ADC_Start_DMA
                0x000000000800264c      0x1bc ./Drivers/STM32F1xx_HAL_Driver/Src/stm32f1xx_hal_adc.o
                0x000000000800264c                HAL_ADC_Start_DMA
 .text.HAL_ADC_Stop_DMA
                0x0000000008002808       0x98 ./Drivers/STM32F1xx_HAL_Driver/Src/stm32f1xx_hal_adc.o
                0x0000000008002808                HAL_ADC_Stop_DMA
 .text.HAL_ADC_ConvCpltCallback
                0x00000000080028a0       0x12 ./Drivers/STM32F1xx_HAL_Driver/Src/stm32f1xx_hal_adc.o
                0x00000000080028a0                HAL_ADC_ConvCpltCallback
 .text.HAL_ADC_ConvHalfCpltCallback
                0x00000000080028b2       0x12 ./Drivers/STM32F1xx_HAL_Driver/Src/stm32f1xx_hal_adc.o
                0x00000000080028b2                HAL_ADC_ConvHalfCpltCallback
 .text.HAL_ADC_ErrorCallback
                0x00000000080028c4       0x12 ./Drivers/STM32F1xx_HAL_Driver/Src/stm32f1xx_hal_adc.o
                0x00000000080028c4                HAL_ADC_ErrorCallback
 *fill*         0x00000000080028d6        0x2 
 .text.HAL_ADC_ConfigChannel
                0x00000000080028d8      0x1f0 ./Drivers/STM32F1xx_HAL_Driver/Src/stm32f1xx_hal_adc.o
                0x00000000080028d8                HAL_ADC_ConfigChannel
 .text.ADC_Enable
                0x0000000008002ac8       0xb4 ./Drivers/STM32F1xx_HAL_Driver/Src/stm32f1xx_hal_adc.o
                0x0000000008002ac8                ADC_Enable
 .text.ADC_ConversionStop_Disable
                0x0000000008002b7c       0x82 ./Drivers/STM32F1xx_HAL_Driver/Src/stm32f1xx_hal_adc.o
                0x0000000008002b7c                ADC_ConversionStop_Disable
 .text.ADC_DMAConvCplt
                0x0000000008002bfe       0x7c ./Drivers/STM32F1xx_HAL_Driver/Src/stm32f1xx_hal_adc.o
                0x0000000008002bfe                ADC_DMAConvCplt
 .text.ADC_DMAHalfConvCplt
                0x0000000008002c7a       0x1c ./Drivers/STM32F1xx_HAL_Driver/Src/stm32f1xx_hal_adc.o
                0x0000000008002c7a                ADC_DMAHalfConvCplt
 .text.ADC_DMAError
                0x0000000008002c96       0x34 ./Drivers/STM32F1xx_HAL_Driver/Src/stm32f1xx_hal_adc.o
                0x0000000008002c96                ADC_DMAError
 *fill*         0x0000000008002cca        0x2 
 .text.HAL_ADCEx_Calibration_Start
                0x0000000008002ccc      0x15c ./Drivers/STM32F1xx_HAL_Driver/Src/stm32f1xx_hal_adc_ex.o
                0x0000000008002ccc                HAL_ADCEx_Calibration_Start
 .text.HAL_CAN_Init
                0x0000000008002e28      0x1f6 ./Drivers/STM32F1xx_HAL_Driver/Src/stm32f1xx_hal_can.o
                0x0000000008002e28                HAL_CAN_Init
 .text.HAL_CAN_ConfigFilter
                0x000000000800301e      0x192 ./Drivers/STM32F1xx_HAL_Driver/Src/stm32f1xx_hal_can.o
                0x000000000800301e                HAL_CAN_ConfigFilter
 .text.HAL_CAN_Start
                0x00000000080031b0       0x88 ./Drivers/STM32F1xx_HAL_Driver/Src/stm32f1xx_hal_can.o
                0x00000000080031b0                HAL_CAN_Start
 .text.HAL_CAN_AddTxMessage
                0x0000000008003238      0x19e ./Drivers/STM32F1xx_HAL_Driver/Src/stm32f1xx_hal_can.o
                0x0000000008003238                HAL_CAN_AddTxMessage
 .text.HAL_CAN_GetTxMailboxesFreeLevel
                0x00000000080033d6       0x68 ./Drivers/STM32F1xx_HAL_Driver/Src/stm32f1xx_hal_can.o
                0x00000000080033d6                HAL_CAN_GetTxMailboxesFreeLevel
 .text.HAL_CAN_GetRxMessage
                0x000000000800343e      0x242 ./Drivers/STM32F1xx_HAL_Driver/Src/stm32f1xx_hal_can.o
                0x000000000800343e                HAL_CAN_GetRxMessage
 .text.HAL_CAN_ActivateNotification
                0x0000000008003680       0x4a ./Drivers/STM32F1xx_HAL_Driver/Src/stm32f1xx_hal_can.o
                0x0000000008003680                HAL_CAN_ActivateNotification
 .text.HAL_CAN_IRQHandler
                0x00000000080036ca      0x36e ./Drivers/STM32F1xx_HAL_Driver/Src/stm32f1xx_hal_can.o
                0x00000000080036ca                HAL_CAN_IRQHandler
 .text.HAL_CAN_TxMailbox0CompleteCallback
                0x0000000008003a38       0x12 ./Drivers/STM32F1xx_HAL_Driver/Src/stm32f1xx_hal_can.o
                0x0000000008003a38                HAL_CAN_TxMailbox0CompleteCallback
 .text.HAL_CAN_TxMailbox1CompleteCallback
                0x0000000008003a4a       0x12 ./Drivers/STM32F1xx_HAL_Driver/Src/stm32f1xx_hal_can.o
                0x0000000008003a4a                HAL_CAN_TxMailbox1CompleteCallback
 .text.HAL_CAN_TxMailbox2CompleteCallback
                0x0000000008003a5c       0x12 ./Drivers/STM32F1xx_HAL_Driver/Src/stm32f1xx_hal_can.o
                0x0000000008003a5c                HAL_CAN_TxMailbox2CompleteCallback
 .text.HAL_CAN_TxMailbox0AbortCallback
                0x0000000008003a6e       0x12 ./Drivers/STM32F1xx_HAL_Driver/Src/stm32f1xx_hal_can.o
                0x0000000008003a6e                HAL_CAN_TxMailbox0AbortCallback
 .text.HAL_CAN_TxMailbox1AbortCallback
                0x0000000008003a80       0x12 ./Drivers/STM32F1xx_HAL_Driver/Src/stm32f1xx_hal_can.o
                0x0000000008003a80                HAL_CAN_TxMailbox1AbortCallback
 .text.HAL_CAN_TxMailbox2AbortCallback
                0x0000000008003a92       0x12 ./Drivers/STM32F1xx_HAL_Driver/Src/stm32f1xx_hal_can.o
                0x0000000008003a92                HAL_CAN_TxMailbox2AbortCallback
 .text.HAL_CAN_RxFifo0FullCallback
                0x0000000008003aa4       0x12 ./Drivers/STM32F1xx_HAL_Driver/Src/stm32f1xx_hal_can.o
                0x0000000008003aa4                HAL_CAN_RxFifo0FullCallback
 .text.HAL_CAN_RxFifo1MsgPendingCallback
                0x0000000008003ab6       0x12 ./Drivers/STM32F1xx_HAL_Driver/Src/stm32f1xx_hal_can.o
                0x0000000008003ab6                HAL_CAN_RxFifo1MsgPendingCallback
 .text.HAL_CAN_RxFifo1FullCallback
                0x0000000008003ac8       0x12 ./Drivers/STM32F1xx_HAL_Driver/Src/stm32f1xx_hal_can.o
                0x0000000008003ac8                HAL_CAN_RxFifo1FullCallback
 .text.HAL_CAN_SleepCallback
                0x0000000008003ada       0x12 ./Drivers/STM32F1xx_HAL_Driver/Src/stm32f1xx_hal_can.o
                0x0000000008003ada                HAL_CAN_SleepCallback
 .text.HAL_CAN_WakeUpFromRxMsgCallback
                0x0000000008003aec       0x12 ./Drivers/STM32F1xx_HAL_Driver/Src/stm32f1xx_hal_can.o
                0x0000000008003aec                HAL_CAN_WakeUpFromRxMsgCallback
 *fill*         0x0000000008003afe        0x2 
 .text.__NVIC_SetPriorityGrouping
                0x0000000008003b00       0x48 ./Drivers/STM32F1xx_HAL_Driver/Src/stm32f1xx_hal_cortex.o
 .text.__NVIC_GetPriorityGrouping
                0x0000000008003b48       0x1c ./Drivers/STM32F1xx_HAL_Driver/Src/stm32f1xx_hal_cortex.o
 .text.__NVIC_EnableIRQ
                0x0000000008003b64       0x38 ./Drivers/STM32F1xx_HAL_Driver/Src/stm32f1xx_hal_cortex.o
 .text.__NVIC_DisableIRQ
                0x0000000008003b9c       0x48 ./Drivers/STM32F1xx_HAL_Driver/Src/stm32f1xx_hal_cortex.o
 .text.__NVIC_SetPriority
                0x0000000008003be4       0x54 ./Drivers/STM32F1xx_HAL_Driver/Src/stm32f1xx_hal_cortex.o
 .text.NVIC_EncodePriority
                0x0000000008003c38       0x64 ./Drivers/STM32F1xx_HAL_Driver/Src/stm32f1xx_hal_cortex.o
 .text.SysTick_Config
                0x0000000008003c9c       0x44 ./Drivers/STM32F1xx_HAL_Driver/Src/stm32f1xx_hal_cortex.o
 .text.HAL_NVIC_SetPriorityGrouping
                0x0000000008003ce0       0x16 ./Drivers/STM32F1xx_HAL_Driver/Src/stm32f1xx_hal_cortex.o
                0x0000000008003ce0                HAL_NVIC_SetPriorityGrouping
 .text.HAL_NVIC_SetPriority
                0x0000000008003cf6       0x38 ./Drivers/STM32F1xx_HAL_Driver/Src/stm32f1xx_hal_cortex.o
                0x0000000008003cf6                HAL_NVIC_SetPriority
 .text.HAL_NVIC_EnableIRQ
                0x0000000008003d2e       0x1c ./Drivers/STM32F1xx_HAL_Driver/Src/stm32f1xx_hal_cortex.o
                0x0000000008003d2e                HAL_NVIC_EnableIRQ
 .text.HAL_NVIC_DisableIRQ
                0x0000000008003d4a       0x1c ./Drivers/STM32F1xx_HAL_Driver/Src/stm32f1xx_hal_cortex.o
                0x0000000008003d4a                HAL_NVIC_DisableIRQ
 .text.HAL_SYSTICK_Config
                0x0000000008003d66       0x18 ./Drivers/STM32F1xx_HAL_Driver/Src/stm32f1xx_hal_cortex.o
                0x0000000008003d66                HAL_SYSTICK_Config
 *fill*         0x0000000008003d7e        0x2 
 .text.HAL_DMA_Init
                0x0000000008003d80       0xb4 ./Drivers/STM32F1xx_HAL_Driver/Src/stm32f1xx_hal_dma.o
                0x0000000008003d80                HAL_DMA_Init
 .text.HAL_DMA_DeInit
                0x0000000008003e34       0xb8 ./Drivers/STM32F1xx_HAL_Driver/Src/stm32f1xx_hal_dma.o
                0x0000000008003e34                HAL_DMA_DeInit
 .text.HAL_DMA_Start_IT
                0x0000000008003eec       0xc0 ./Drivers/STM32F1xx_HAL_Driver/Src/stm32f1xx_hal_dma.o
                0x0000000008003eec                HAL_DMA_Start_IT
 .text.HAL_DMA_Abort
                0x0000000008003fac       0x76 ./Drivers/STM32F1xx_HAL_Driver/Src/stm32f1xx_hal_dma.o
                0x0000000008003fac                HAL_DMA_Abort
 *fill*         0x0000000008004022        0x2 
 .text.HAL_DMA_IRQHandler
                0x0000000008004024      0x20c ./Drivers/STM32F1xx_HAL_Driver/Src/stm32f1xx_hal_dma.o
                0x0000000008004024                HAL_DMA_IRQHandler
 .text.DMA_SetConfig
                0x0000000008004230       0x5a ./Drivers/STM32F1xx_HAL_Driver/Src/stm32f1xx_hal_dma.o
 *fill*         0x000000000800428a        0x2 
 .text.HAL_GPIO_Init
                0x000000000800428c      0x2f8 ./Drivers/STM32F1xx_HAL_Driver/Src/stm32f1xx_hal_gpio.o
                0x000000000800428c                HAL_GPIO_Init
 .text.HAL_GPIO_DeInit
                0x0000000008004584      0x168 ./Drivers/STM32F1xx_HAL_Driver/Src/stm32f1xx_hal_gpio.o
                0x0000000008004584                HAL_GPIO_DeInit
 .text.HAL_GPIO_ReadPin
                0x00000000080046ec       0x2e ./Drivers/STM32F1xx_HAL_Driver/Src/stm32f1xx_hal_gpio.o
                0x00000000080046ec                HAL_GPIO_ReadPin
 .text.HAL_GPIO_WritePin
                0x000000000800471a       0x30 ./Drivers/STM32F1xx_HAL_Driver/Src/stm32f1xx_hal_gpio.o
                0x000000000800471a                HAL_GPIO_WritePin
 *fill*         0x000000000800474a        0x2 
 .text.HAL_GPIO_EXTI_IRQHandler
                0x000000000800474c       0x30 ./Drivers/STM32F1xx_HAL_Driver/Src/stm32f1xx_hal_gpio.o
                0x000000000800474c                HAL_GPIO_EXTI_IRQHandler
 .text.HAL_PWR_EnableBkUpAccess
                0x000000000800477c       0x18 ./Drivers/STM32F1xx_HAL_Driver/Src/stm32f1xx_hal_pwr.o
                0x000000000800477c                HAL_PWR_EnableBkUpAccess
 .text.HAL_PWR_EnterSLEEPMode
                0x0000000008004794       0x38 ./Drivers/STM32F1xx_HAL_Driver/Src/stm32f1xx_hal_pwr.o
                0x0000000008004794                HAL_PWR_EnterSLEEPMode
 .text.HAL_RCC_OscConfig
                0x00000000080047cc      0x504 ./Drivers/STM32F1xx_HAL_Driver/Src/stm32f1xx_hal_rcc.o
                0x00000000080047cc                HAL_RCC_OscConfig
 .text.HAL_RCC_ClockConfig
                0x0000000008004cd0      0x1d4 ./Drivers/STM32F1xx_HAL_Driver/Src/stm32f1xx_hal_rcc.o
                0x0000000008004cd0                HAL_RCC_ClockConfig
 .text.HAL_RCC_GetSysClockFreq
                0x0000000008004ea4       0xa8 ./Drivers/STM32F1xx_HAL_Driver/Src/stm32f1xx_hal_rcc.o
                0x0000000008004ea4                HAL_RCC_GetSysClockFreq
 .text.HAL_RCC_GetHCLKFreq
                0x0000000008004f4c       0x14 ./Drivers/STM32F1xx_HAL_Driver/Src/stm32f1xx_hal_rcc.o
                0x0000000008004f4c                HAL_RCC_GetHCLKFreq
 .text.HAL_RCC_GetPCLK2Freq
                0x0000000008004f60       0x28 ./Drivers/STM32F1xx_HAL_Driver/Src/stm32f1xx_hal_rcc.o
                0x0000000008004f60                HAL_RCC_GetPCLK2Freq
 .text.RCC_Delay
                0x0000000008004f88       0x3c ./Drivers/STM32F1xx_HAL_Driver/Src/stm32f1xx_hal_rcc.o
 .text.HAL_RCCEx_PeriphCLKConfig
                0x0000000008004fc4      0x16c ./Drivers/STM32F1xx_HAL_Driver/Src/stm32f1xx_hal_rcc_ex.o
                0x0000000008004fc4                HAL_RCCEx_PeriphCLKConfig
 .text.HAL_RCCEx_GetPeriphCLKFreq
                0x0000000008005130      0x16c ./Drivers/STM32F1xx_HAL_Driver/Src/stm32f1xx_hal_rcc_ex.o
                0x0000000008005130                HAL_RCCEx_GetPeriphCLKFreq
 .text.HAL_RTC_Init
                0x000000000800529c      0x118 ./Drivers/STM32F1xx_HAL_Driver/Src/stm32f1xx_hal_rtc.o
                0x000000000800529c                HAL_RTC_Init
 .text.HAL_RTC_WaitForSynchro
                0x00000000080053b4       0x5a ./Drivers/STM32F1xx_HAL_Driver/Src/stm32f1xx_hal_rtc.o
                0x00000000080053b4                HAL_RTC_WaitForSynchro
 .text.RTC_EnterInitMode
                0x000000000800540e       0x50 ./Drivers/STM32F1xx_HAL_Driver/Src/stm32f1xx_hal_rtc.o
 .text.RTC_ExitInitMode
                0x000000000800545e       0x50 ./Drivers/STM32F1xx_HAL_Driver/Src/stm32f1xx_hal_rtc.o
 .text.HAL_TIM_Base_Init
                0x00000000080054ae       0x9e ./Drivers/STM32F1xx_HAL_Driver/Src/stm32f1xx_hal_tim.o
                0x00000000080054ae                HAL_TIM_Base_Init
 .text.HAL_TIM_Base_Start_IT
                0x000000000800554c       0x98 ./Drivers/STM32F1xx_HAL_Driver/Src/stm32f1xx_hal_tim.o
                0x000000000800554c                HAL_TIM_Base_Start_IT
 .text.HAL_TIM_IRQHandler
                0x00000000080055e4      0x210 ./Drivers/STM32F1xx_HAL_Driver/Src/stm32f1xx_hal_tim.o
                0x00000000080055e4                HAL_TIM_IRQHandler
 .text.HAL_TIM_ConfigClockSource
                0x00000000080057f4      0x18e ./Drivers/STM32F1xx_HAL_Driver/Src/stm32f1xx_hal_tim.o
                0x00000000080057f4                HAL_TIM_ConfigClockSource
 .text.HAL_TIM_OC_DelayElapsedCallback
                0x0000000008005982       0x12 ./Drivers/STM32F1xx_HAL_Driver/Src/stm32f1xx_hal_tim.o
                0x0000000008005982                HAL_TIM_OC_DelayElapsedCallback
 .text.HAL_TIM_IC_CaptureCallback
                0x0000000008005994       0x12 ./Drivers/STM32F1xx_HAL_Driver/Src/stm32f1xx_hal_tim.o
                0x0000000008005994                HAL_TIM_IC_CaptureCallback
 .text.HAL_TIM_PWM_PulseFinishedCallback
                0x00000000080059a6       0x12 ./Drivers/STM32F1xx_HAL_Driver/Src/stm32f1xx_hal_tim.o
                0x00000000080059a6                HAL_TIM_PWM_PulseFinishedCallback
 .text.HAL_TIM_TriggerCallback
                0x00000000080059b8       0x12 ./Drivers/STM32F1xx_HAL_Driver/Src/stm32f1xx_hal_tim.o
                0x00000000080059b8                HAL_TIM_TriggerCallback
 *fill*         0x00000000080059ca        0x2 
 .text.TIM_Base_SetConfig
                0x00000000080059cc       0xb0 ./Drivers/STM32F1xx_HAL_Driver/Src/stm32f1xx_hal_tim.o
                0x00000000080059cc                TIM_Base_SetConfig
 .text.TIM_TI1_ConfigInputStage
                0x0000000008005a7c       0x5c ./Drivers/STM32F1xx_HAL_Driver/Src/stm32f1xx_hal_tim.o
 .text.TIM_TI2_ConfigInputStage
                0x0000000008005ad8       0x5e ./Drivers/STM32F1xx_HAL_Driver/Src/stm32f1xx_hal_tim.o
 .text.TIM_ITRx_SetConfig
                0x0000000008005b36       0x34 ./Drivers/STM32F1xx_HAL_Driver/Src/stm32f1xx_hal_tim.o
 .text.TIM_ETR_SetConfig
                0x0000000008005b6a       0x3e ./Drivers/STM32F1xx_HAL_Driver/Src/stm32f1xx_hal_tim.o
                0x0000000008005b6a                TIM_ETR_SetConfig
 .text.HAL_TIMEx_MasterConfigSynchronization
                0x0000000008005ba8       0xb0 ./Drivers/STM32F1xx_HAL_Driver/Src/stm32f1xx_hal_tim_ex.o
                0x0000000008005ba8                HAL_TIMEx_MasterConfigSynchronization
 .text.HAL_TIMEx_CommutCallback
                0x0000000008005c58       0x12 ./Drivers/STM32F1xx_HAL_Driver/Src/stm32f1xx_hal_tim_ex.o
                0x0000000008005c58                HAL_TIMEx_CommutCallback
 .text.HAL_TIMEx_BreakCallback
                0x0000000008005c6a       0x12 ./Drivers/STM32F1xx_HAL_Driver/Src/stm32f1xx_hal_tim_ex.o
                0x0000000008005c6a                HAL_TIMEx_BreakCallback
 .text.malloc   0x0000000008005c7c       0x10 /Applications/STM32CubeIDE.app/Contents/Eclipse/plugins/com.st.stm32cube.ide.mcu.externaltools.gnu-tools-for-stm32.11.3.rel1.macos64_1.1.100.202310310803/tools/bin/../lib/gcc/arm-none-eabi/11.3.1/../../../../arm-none-eabi/lib/thumb/v7-m/nofp/libc_nano.a(libc_a-malloc.o)
                0x0000000008005c7c                malloc
 .text.free     0x0000000008005c8c       0x10 /Applications/STM32CubeIDE.app/Contents/Eclipse/plugins/com.st.stm32cube.ide.mcu.externaltools.gnu-tools-for-stm32.11.3.rel1.macos64_1.1.100.202310310803/tools/bin/../lib/gcc/arm-none-eabi/11.3.1/../../../../arm-none-eabi/lib/thumb/v7-m/nofp/libc_nano.a(libc_a-malloc.o)
                0x0000000008005c8c                free
 .text.sbrk_aligned
                0x0000000008005c9c       0x40 /Applications/STM32CubeIDE.app/Contents/Eclipse/plugins/com.st.stm32cube.ide.mcu.externaltools.gnu-tools-for-stm32.11.3.rel1.macos64_1.1.100.202310310803/tools/bin/../lib/gcc/arm-none-eabi/11.3.1/../../../../arm-none-eabi/lib/thumb/v7-m/nofp/libc_nano.a(libc_a-mallocr.o)
 .text._malloc_r
                0x0000000008005cdc      0x100 /Applications/STM32CubeIDE.app/Contents/Eclipse/plugins/com.st.stm32cube.ide.mcu.externaltools.gnu-tools-for-stm32.11.3.rel1.macos64_1.1.100.202310310803/tools/bin/../lib/gcc/arm-none-eabi/11.3.1/../../../../arm-none-eabi/lib/thumb/v7-m/nofp/libc_nano.a(libc_a-mallocr.o)
                0x0000000008005cdc                _malloc_r
 .text.__malloc_lock
                0x0000000008005ddc        0xc /Applications/STM32CubeIDE.app/Contents/Eclipse/plugins/com.st.stm32cube.ide.mcu.externaltools.gnu-tools-for-stm32.11.3.rel1.macos64_1.1.100.202310310803/tools/bin/../lib/gcc/arm-none-eabi/11.3.1/../../../../arm-none-eabi/lib/thumb/v7-m/nofp/libc_nano.a(libc_a-mlock.o)
                0x0000000008005ddc                __malloc_lock
 .text.__malloc_unlock
                0x0000000008005de8        0xc /Applications/STM32CubeIDE.app/Contents/Eclipse/plugins/com.st.stm32cube.ide.mcu.externaltools.gnu-tools-for-stm32.11.3.rel1.macos64_1.1.100.202310310803/tools/bin/../lib/gcc/arm-none-eabi/11.3.1/../../../../arm-none-eabi/lib/thumb/v7-m/nofp/libc_nano.a(libc_a-mlock.o)
                0x0000000008005de8                __malloc_unlock
 .text.memset   0x0000000008005df4       0x10 /Applications/STM32CubeIDE.app/Contents/Eclipse/plugins/com.st.stm32cube.ide.mcu.externaltools.gnu-tools-for-stm32.11.3.rel1.macos64_1.1.100.202310310803/tools/bin/../lib/gcc/arm-none-eabi/11.3.1/../../../../arm-none-eabi/lib/thumb/v7-m/nofp/libc_nano.a(libc_a-memset.o)
                0x0000000008005df4                memset
 .text._sbrk_r  0x0000000008005e04       0x20 /Applications/STM32CubeIDE.app/Contents/Eclipse/plugins/com.st.stm32cube.ide.mcu.externaltools.gnu-tools-for-stm32.11.3.rel1.macos64_1.1.100.202310310803/tools/bin/../lib/gcc/arm-none-eabi/11.3.1/../../../../arm-none-eabi/lib/thumb/v7-m/nofp/libc_nano.a(libc_a-sbrkr.o)
                0x0000000008005e04                _sbrk_r
 .text.__errno  0x0000000008005e24        0xc /Applications/STM32CubeIDE.app/Contents/Eclipse/plugins/com.st.stm32cube.ide.mcu.externaltools.gnu-tools-for-stm32.11.3.rel1.macos64_1.1.100.202310310803/tools/bin/../lib/gcc/arm-none-eabi/11.3.1/../../../../arm-none-eabi/lib/thumb/v7-m/nofp/libc_nano.a(libc_a-errno.o)
                0x0000000008005e24                __errno
 .text.__libc_init_array
                0x0000000008005e30       0x48 /Applications/STM32CubeIDE.app/Contents/Eclipse/plugins/com.st.stm32cube.ide.mcu.externaltools.gnu-tools-for-stm32.11.3.rel1.macos64_1.1.100.202310310803/tools/bin/../lib/gcc/arm-none-eabi/11.3.1/../../../../arm-none-eabi/lib/thumb/v7-m/nofp/libc_nano.a(libc_a-init.o)
                0x0000000008005e30                __libc_init_array
 .text.__retarget_lock_acquire_recursive
                0x0000000008005e78        0x2 /Applications/STM32CubeIDE.app/Contents/Eclipse/plugins/com.st.stm32cube.ide.mcu.externaltools.gnu-tools-for-stm32.11.3.rel1.macos64_1.1.100.202310310803/tools/bin/../lib/gcc/arm-none-eabi/11.3.1/../../../../arm-none-eabi/lib/thumb/v7-m/nofp/libc_nano.a(libc_a-lock.o)
                0x0000000008005e78                __retarget_lock_acquire_recursive
 .text.__retarget_lock_release_recursive
                0x0000000008005e7a        0x2 /Applications/STM32CubeIDE.app/Contents/Eclipse/plugins/com.st.stm32cube.ide.mcu.externaltools.gnu-tools-for-stm32.11.3.rel1.macos64_1.1.100.202310310803/tools/bin/../lib/gcc/arm-none-eabi/11.3.1/../../../../arm-none-eabi/lib/thumb/v7-m/nofp/libc_nano.a(libc_a-lock.o)
                0x0000000008005e7a                __retarget_lock_release_recursive
 .text.memcpy   0x0000000008005e7c       0x1c /Applications/STM32CubeIDE.app/Contents/Eclipse/plugins/com.st.stm32cube.ide.mcu.externaltools.gnu-tools-for-stm32.11.3.rel1.macos64_1.1.100.202310310803/tools/bin/../lib/gcc/arm-none-eabi/11.3.1/../../../../arm-none-eabi/lib/thumb/v7-m/nofp/libc_nano.a(libc_a-memcpy-stub.o)
                0x0000000008005e7c                memcpy
 .text._free_r  0x0000000008005e98       0x90 /Applications/STM32CubeIDE.app/Contents/Eclipse/plugins/com.st.stm32cube.ide.mcu.externaltools.gnu-tools-for-stm32.11.3.rel1.macos64_1.1.100.202310310803/tools/bin/../lib/gcc/arm-none-eabi/11.3.1/../../../../arm-none-eabi/lib/thumb/v7-m/nofp/libc_nano.a(libc_a-freer.o)
                0x0000000008005e98                _free_r
 *(.glue_7)
 .glue_7        0x0000000008005f28        0x0 linker stubs
 *(.glue_7t)
 .glue_7t       0x0000000008005f28        0x0 linker stubs
 *(.eh_frame)
 .eh_frame      0x0000000008005f28        0x0 /Applications/STM32CubeIDE.app/Contents/Eclipse/plugins/com.st.stm32cube.ide.mcu.externaltools.gnu-tools-for-stm32.11.3.rel1.macos64_1.1.100.202310310803/tools/bin/../lib/gcc/arm-none-eabi/11.3.1/thumb/v7-m/nofp/crtbegin.o
 *(.init)
 .init          0x0000000008005f28        0x4 /Applications/STM32CubeIDE.app/Contents/Eclipse/plugins/com.st.stm32cube.ide.mcu.externaltools.gnu-tools-for-stm32.11.3.rel1.macos64_1.1.100.202310310803/tools/bin/../lib/gcc/arm-none-eabi/11.3.1/thumb/v7-m/nofp/crti.o
                0x0000000008005f28                _init
 .init          0x0000000008005f2c        0x8 /Applications/STM32CubeIDE.app/Contents/Eclipse/plugins/com.st.stm32cube.ide.mcu.externaltools.gnu-tools-for-stm32.11.3.rel1.macos64_1.1.100.202310310803/tools/bin/../lib/gcc/arm-none-eabi/11.3.1/thumb/v7-m/nofp/crtn.o
 *(.fini)
 .fini          0x0000000008005f34        0x4 /Applications/STM32CubeIDE.app/Contents/Eclipse/plugins/com.st.stm32cube.ide.mcu.externaltools.gnu-tools-for-stm32.11.3.rel1.macos64_1.1.100.202310310803/tools/bin/../lib/gcc/arm-none-eabi/11.3.1/thumb/v7-m/nofp/crti.o
                0x0000000008005f34                _fini
 .fini          0x0000000008005f38        0x8 /Applications/STM32CubeIDE.app/Contents/Eclipse/plugins/com.st.stm32cube.ide.mcu.externaltools.gnu-tools-for-stm32.11.3.rel1.macos64_1.1.100.202310310803/tools/bin/../lib/gcc/arm-none-eabi/11.3.1/thumb/v7-m/nofp/crtn.o
                0x0000000008005f40                . = ALIGN (0x4)
                0x0000000008005f40                _etext = .

.vfp11_veneer   0x0000000008005f40        0x0
 .vfp11_veneer  0x0000000008005f40        0x0 linker stubs

.v4_bx          0x0000000008005f40        0x0
 .v4_bx         0x0000000008005f40        0x0 linker stubs

.iplt           0x0000000008005f40        0x0
 .iplt          0x0000000008005f40        0x0 /Applications/STM32CubeIDE.app/Contents/Eclipse/plugins/com.st.stm32cube.ide.mcu.externaltools.gnu-tools-for-stm32.11.3.rel1.macos64_1.1.100.202310310803/tools/bin/../lib/gcc/arm-none-eabi/11.3.1/thumb/v7-m/nofp/crtbegin.o

.rodata         0x0000000008005f40       0x74
                0x0000000008005f40                . = ALIGN (0x4)
 *(.rodata)
 .rodata        0x0000000008005f40       0x31 ./Core/Src/smhome_sensors.o
 *(.rodata*)
 *fill*         0x0000000008005f71        0x3 
 .rodata.AHBPrescTable
                0x0000000008005f74       0x10 ./Core/Src/system_stm32f1xx.o
                0x0000000008005f74                AHBPrescTable
 .rodata.APBPrescTable
                0x0000000008005f84        0x8 ./Core/Src/system_stm32f1xx.o
                0x0000000008005f84                APBPrescTable
 .rodata.aPLLMULFactorTable.1
                0x0000000008005f8c       0x10 ./Drivers/STM32F1xx_HAL_Driver/Src/stm32f1xx_hal_rcc.o
 .rodata.aPredivFactorTable.0
                0x0000000008005f9c        0x2 ./Drivers/STM32F1xx_HAL_Driver/Src/stm32f1xx_hal_rcc.o
 *fill*         0x0000000008005f9e        0x2 
 .rodata.aPLLMULFactorTable.1
                0x0000000008005fa0       0x10 ./Drivers/STM32F1xx_HAL_Driver/Src/stm32f1xx_hal_rcc_ex.o
 .rodata.aPredivFactorTable.0
                0x0000000008005fb0        0x2 ./Drivers/STM32F1xx_HAL_Driver/Src/stm32f1xx_hal_rcc_ex.o
                0x0000000008005fb4                . = ALIGN (0x4)
 *fill*         0x0000000008005fb2        0x2 

.rel.dyn        0x0000000008005fb4        0x0
 .rel.iplt      0x0000000008005fb4        0x0 /Applications/STM32CubeIDE.app/Contents/Eclipse/plugins/com.st.stm32cube.ide.mcu.externaltools.gnu-tools-for-stm32.11.3.rel1.macos64_1.1.100.202310310803/tools/bin/../lib/gcc/arm-none-eabi/11.3.1/thumb/v7-m/nofp/crtbegin.o

.ARM.extab      0x0000000008005fb4        0x0
                0x0000000008005fb4                . = ALIGN (0x4)
 *(.ARM.extab* .gnu.linkonce.armextab.*)
                0x0000000008005fb4                . = ALIGN (0x4)

.ARM            0x0000000008005fb4        0x0
                0x0000000008005fb4                . = ALIGN (0x4)
                0x0000000008005fb4                __exidx_start = .
 *(.ARM.exidx*)
                0x0000000008005fb4                __exidx_end = .
                0x0000000008005fb4                . = ALIGN (0x4)

.preinit_array  0x0000000008005fb4        0x0
                0x0000000008005fb4                . = ALIGN (0x4)
                0x0000000008005fb4                PROVIDE (__preinit_array_start = .)
 *(.preinit_array*)
                0x0000000008005fb4                PROVIDE (__preinit_array_end = .)
                0x0000000008005fb4                . = ALIGN (0x4)

.init_array     0x0000000008005fb4        0x4
                0x0000000008005fb4                . = ALIGN (0x4)
                0x0000000008005fb4                PROVIDE (__init_array_start = .)
 *(SORT_BY_NAME(.init_array.*))
 *(.init_array*)
 .init_array    0x0000000008005fb4        0x4 /Applications/STM32CubeIDE.app/Contents/Eclipse/plugins/com.st.stm32cube.ide.mcu.externaltools.gnu-tools-for-stm32.11.3.rel1.macos64_1.1.100.202310310803/tools/bin/../lib/gcc/arm-none-eabi/11.3.1/thumb/v7-m/nofp/crtbegin.o
                0x0000000008005fb8                PROVIDE (__init_array_end = .)
                0x0000000008005fb8                . = ALIGN (0x4)

.fini_array     0x0000000008005fb8        0x4
                0x0000000008005fb8                . = ALIGN (0x4)
                [!provide]                        PROVIDE (__fini_array_start = .)
 *(SORT_BY_NAME(.fini_array.*))
 *(.fini_array*)
 .fini_array    0x0000000008005fb8        0x4 /Applications/STM32CubeIDE.app/Contents/Eclipse/plugins/com.st.stm32cube.ide.mcu.externaltools.gnu-tools-for-stm32.11.3.rel1.macos64_1.1.100.202310310803/tools/bin/../lib/gcc/arm-none-eabi/11.3.1/thumb/v7-m/nofp/crtbegin.o
                [!provide]                        PROVIDE (__fini_array_end = .)
                0x0000000008005fbc                . = ALIGN (0x4)
                0x0000000008005fbc                _sidata = LOADADDR (.data)

.data           0x0000000020000000       0x5c load address 0x0000000008005fbc
                0x0000000020000000                . = ALIGN (0x4)
                0x0000000020000000                _sdata = .
 *(.data)
 *(.data*)
 .data.SystemCoreClock
                0x0000000020000000        0x4 ./Core/Src/system_stm32f1xx.o
                0x0000000020000000                SystemCoreClock
 .data.uwTickPrio
                0x0000000020000004        0x4 ./Drivers/STM32F1xx_HAL_Driver/Src/stm32f1xx_hal.o
                0x0000000020000004                uwTickPrio
 .data.uwTickFreq
                0x0000000020000008        0x1 ./Drivers/STM32F1xx_HAL_Driver/Src/stm32f1xx_hal.o
                0x0000000020000008                uwTickFreq
 *fill*         0x0000000020000009        0x3 
 .data._impure_data
                0x000000002000000c       0x4c /Applications/STM32CubeIDE.app/Contents/Eclipse/plugins/com.st.stm32cube.ide.mcu.externaltools.gnu-tools-for-stm32.11.3.rel1.macos64_1.1.100.202310310803/tools/bin/../lib/gcc/arm-none-eabi/11.3.1/../../../../arm-none-eabi/lib/thumb/v7-m/nofp/libc_nano.a(libc_a-impure.o)
                0x000000002000000c                _impure_data
 .data._impure_ptr
                0x0000000020000058        0x4 /Applications/STM32CubeIDE.app/Contents/Eclipse/plugins/com.st.stm32cube.ide.mcu.externaltools.gnu-tools-for-stm32.11.3.rel1.macos64_1.1.100.202310310803/tools/bin/../lib/gcc/arm-none-eabi/11.3.1/../../../../arm-none-eabi/lib/thumb/v7-m/nofp/libc_nano.a(libc_a-impure.o)
                0x0000000020000058                _impure_ptr
 *(.RamFunc)
 *(.RamFunc*)
                0x000000002000005c                . = ALIGN (0x4)
                0x000000002000005c                _edata = .

.igot.plt       0x000000002000005c        0x0 load address 0x0000000008006018
 .igot.plt      0x000000002000005c        0x0 /Applications/STM32CubeIDE.app/Contents/Eclipse/plugins/com.st.stm32cube.ide.mcu.externaltools.gnu-tools-for-stm32.11.3.rel1.macos64_1.1.100.202310310803/tools/bin/../lib/gcc/arm-none-eabi/11.3.1/thumb/v7-m/nofp/crtbegin.o
                0x000000002000005c                . = ALIGN (0x4)

.bss            0x000000002000005c      0x2c4 load address 0x0000000008006018
                0x000000002000005c                _sbss = .
                0x000000002000005c                __bss_start__ = _sbss
 *(.bss)
 .bss           0x000000002000005c       0x1c /Applications/STM32CubeIDE.app/Contents/Eclipse/plugins/com.st.stm32cube.ide.mcu.externaltools.gnu-tools-for-stm32.11.3.rel1.macos64_1.1.100.202310310803/tools/bin/../lib/gcc/arm-none-eabi/11.3.1/thumb/v7-m/nofp/crtbegin.o
 *(.bss*)
 .bss.hadc1     0x0000000020000078       0x30 ./Core/Src/adc.o
                0x0000000020000078                hadc1
 .bss.hdma_adc1
                0x00000000200000a8       0x44 ./Core/Src/adc.o
                0x00000000200000a8                hdma_adc1
 .bss.TxMailbox
                0x00000000200000ec        0x4 ./Core/Src/can.o
                0x00000000200000ec                TxMailbox
 .bss.hcan      0x00000000200000f0       0x28 ./Core/Src/can.o
                0x00000000200000f0                hcan
 .bss.qpkt      0x0000000020000118       0x10 ./Core/Src/can_rx_queue.o
                0x0000000020000118                qpkt
 .bss.idBase0   0x0000000020000128        0x4 ./Core/Src/main.o
                0x0000000020000128                idBase0
 .bss.idBase1   0x000000002000012c        0x4 ./Core/Src/main.o
                0x000000002000012c                idBase1
 .bss.idBase2   0x0000000020000130        0x4 ./Core/Src/main.o
                0x0000000020000130                idBase2
 .bss.idBase3   0x0000000020000134        0x4 ./Core/Src/main.o
                0x0000000020000134                idBase3
 .bss.THIS_CANID
                0x0000000020000138        0x1 ./Core/Src/main.o
                0x0000000020000138                THIS_CANID
 .bss.doPolling
                0x0000000020000139        0x1 ./Core/Src/main.o
                0x0000000020000139                doPolling
 *fill*         0x000000002000013a        0x2 
 .bss.CAN_Masters
                0x000000002000013c        0x2 ./Core/Src/main.o
                0x000000002000013c                CAN_Masters
 *fill*         0x000000002000013e        0x2 
 .bss.hrtc      0x0000000020000140       0x14 ./Core/Src/rtc.o
                0x0000000020000140                hrtc
 .bss.TxHeader  0x0000000020000154       0x18 ./Core/Src/smhome_proto.o
                0x0000000020000154                TxHeader
 .bss.TxData    0x000000002000016c        0x8 ./Core/Src/smhome_proto.o
                0x000000002000016c                TxData
 .bss.SENSOR_DB
                0x0000000020000174        0x4 ./Core/Src/smhome_sensors.o
                0x0000000020000174                SENSOR_DB
 .bss.cur_sens_val
                0x0000000020000178        0x6 ./Core/Src/smhome_sensors.o
                0x0000000020000178                cur_sens_val
 *fill*         0x000000002000017e        0x2 
 .bss.SMH_ConvResultArray
                0x0000000020000180        0x4 ./Core/Src/smhome_sensors.o
                0x0000000020000180                SMH_ConvResultArray
 .bss.SMH_ADC_TotChannels
                0x0000000020000184        0x1 ./Core/Src/smhome_sensors.o
                0x0000000020000184                SMH_ADC_TotChannels
 *fill*         0x0000000020000185        0x3 
 .bss.__sbrk_heap_end
                0x0000000020000188        0x4 ./Core/Src/sysmem.o
 .bss.htim2     0x000000002000018c       0x48 ./Core/Src/tim.o
                0x000000002000018c                htim2
 .bss.uwTick    0x00000000200001d4        0x4 ./Drivers/STM32F1xx_HAL_Driver/Src/stm32f1xx_hal.o
                0x00000000200001d4                uwTick
 .bss.__malloc_free_list
                0x00000000200001d8        0x4 /Applications/STM32CubeIDE.app/Contents/Eclipse/plugins/com.st.stm32cube.ide.mcu.externaltools.gnu-tools-for-stm32.11.3.rel1.macos64_1.1.100.202310310803/tools/bin/../lib/gcc/arm-none-eabi/11.3.1/../../../../arm-none-eabi/lib/thumb/v7-m/nofp/libc_nano.a(libc_a-mallocr.o)
                0x00000000200001d8                __malloc_free_list
 .bss.__malloc_sbrk_start
                0x00000000200001dc        0x4 /Applications/STM32CubeIDE.app/Contents/Eclipse/plugins/com.st.stm32cube.ide.mcu.externaltools.gnu-tools-for-stm32.11.3.rel1.macos64_1.1.100.202310310803/tools/bin/../lib/gcc/arm-none-eabi/11.3.1/../../../../arm-none-eabi/lib/thumb/v7-m/nofp/libc_nano.a(libc_a-mallocr.o)
                0x00000000200001dc                __malloc_sbrk_start
 .bss.__sf      0x00000000200001e0      0x138 /Applications/STM32CubeIDE.app/Contents/Eclipse/plugins/com.st.stm32cube.ide.mcu.externaltools.gnu-tools-for-stm32.11.3.rel1.macos64_1.1.100.202310310803/tools/bin/../lib/gcc/arm-none-eabi/11.3.1/../../../../arm-none-eabi/lib/thumb/v7-m/nofp/libc_nano.a(libc_a-findfp.o)
                0x00000000200001e0                __sf
 .bss.__lock___malloc_recursive_mutex
                0x0000000020000318        0x1 /Applications/STM32CubeIDE.app/Contents/Eclipse/plugins/com.st.stm32cube.ide.mcu.externaltools.gnu-tools-for-stm32.11.3.rel1.macos64_1.1.100.202310310803/tools/bin/../lib/gcc/arm-none-eabi/11.3.1/../../../../arm-none-eabi/lib/thumb/v7-m/nofp/libc_nano.a(libc_a-lock.o)
                0x0000000020000318                __lock___malloc_recursive_mutex
 *fill*         0x0000000020000319        0x3 
 .bss.errno     0x000000002000031c        0x4 /Applications/STM32CubeIDE.app/Contents/Eclipse/plugins/com.st.stm32cube.ide.mcu.externaltools.gnu-tools-for-stm32.11.3.rel1.macos64_1.1.100.202310310803/tools/bin/../lib/gcc/arm-none-eabi/11.3.1/../../../../arm-none-eabi/lib/thumb/v7-m/nofp/libc_nano.a(libc_a-reent.o)
                0x000000002000031c                errno
 *(COMMON)
                0x0000000020000320                . = ALIGN (0x4)
                0x0000000020000320                _ebss = .
                0x0000000020000320                __bss_end__ = _ebss

._user_heap_stack
                0x0000000020000320      0x600 load address 0x0000000008006018
                0x0000000020000320                . = ALIGN (0x8)
                [!provide]                        PROVIDE (end = .)
                0x0000000020000320                PROVIDE (_end = .)
                0x0000000020000520                . = (. + _Min_Heap_Size)
 *fill*         0x0000000020000320      0x200 
                0x0000000020000920                . = (. + _Min_Stack_Size)
 *fill*         0x0000000020000520      0x400 
                0x0000000020000920                . = ALIGN (0x8)

/DISCARD/
 libc.a(*)
 libm.a(*)
 libgcc.a(*)

.ARM.attributes
                0x0000000000000000       0x29
 *(.ARM.attributes)
 .ARM.attributes
                0x0000000000000000       0x1d /Applications/STM32CubeIDE.app/Contents/Eclipse/plugins/com.st.stm32cube.ide.mcu.externaltools.gnu-tools-for-stm32.11.3.rel1.macos64_1.1.100.202310310803/tools/bin/../lib/gcc/arm-none-eabi/11.3.1/thumb/v7-m/nofp/crti.o
 .ARM.attributes
                0x000000000000001d       0x2d /Applications/STM32CubeIDE.app/Contents/Eclipse/plugins/com.st.stm32cube.ide.mcu.externaltools.gnu-tools-for-stm32.11.3.rel1.macos64_1.1.100.202310310803/tools/bin/../lib/gcc/arm-none-eabi/11.3.1/thumb/v7-m/nofp/crtbegin.o
 .ARM.attributes
                0x000000000000004a       0x2d ./Core/Src/adc.o
 .ARM.attributes
                0x0000000000000077       0x2d ./Core/Src/can.o
 .ARM.attributes
                0x00000000000000a4       0x2d ./Core/Src/can_rx_queue.o
 .ARM.attributes
                0x00000000000000d1       0x2d ./Core/Src/dma.o
 .ARM.attributes
                0x00000000000000fe       0x2d ./Core/Src/gpio.o
 .ARM.attributes
                0x000000000000012b       0x2d ./Core/Src/main.o
 .ARM.attributes
                0x0000000000000158       0x2d ./Core/Src/rtc.o
 .ARM.attributes
                0x0000000000000185       0x2d ./Core/Src/smhome_errors.o
 .ARM.attributes
                0x00000000000001b2       0x2d ./Core/Src/smhome_proto.o
 .ARM.attributes
                0x00000000000001df       0x2d ./Core/Src/smhome_sensors.o
 .ARM.attributes
                0x000000000000020c       0x2d ./Core/Src/stm32f1xx_hal_msp.o
 .ARM.attributes
                0x0000000000000239       0x2d ./Core/Src/stm32f1xx_it.o
 .ARM.attributes
                0x0000000000000266       0x2d ./Core/Src/sysmem.o
 .ARM.attributes
                0x0000000000000293       0x2d ./Core/Src/system_stm32f1xx.o
 .ARM.attributes
                0x00000000000002c0       0x2d ./Core/Src/tim.o
 .ARM.attributes
                0x00000000000002ed       0x21 ./Core/Startup/startup_stm32f103c6tx.o
 .ARM.attributes
                0x000000000000030e       0x2d ./Drivers/STM32F1xx_HAL_Driver/Src/stm32f1xx_hal.o
 .ARM.attributes
                0x000000000000033b       0x2d ./Drivers/STM32F1xx_HAL_Driver/Src/stm32f1xx_hal_adc.o
 .ARM.attributes
                0x0000000000000368       0x2d ./Drivers/STM32F1xx_HAL_Driver/Src/stm32f1xx_hal_adc_ex.o
 .ARM.attributes
                0x0000000000000395       0x2d ./Drivers/STM32F1xx_HAL_Driver/Src/stm32f1xx_hal_can.o
 .ARM.attributes
                0x00000000000003c2       0x2d ./Drivers/STM32F1xx_HAL_Driver/Src/stm32f1xx_hal_cortex.o
 .ARM.attributes
                0x00000000000003ef       0x2d ./Drivers/STM32F1xx_HAL_Driver/Src/stm32f1xx_hal_dma.o
 .ARM.attributes
                0x000000000000041c       0x2d ./Drivers/STM32F1xx_HAL_Driver/Src/stm32f1xx_hal_gpio.o
 .ARM.attributes
                0x0000000000000449       0x2d ./Drivers/STM32F1xx_HAL_Driver/Src/stm32f1xx_hal_pwr.o
 .ARM.attributes
                0x0000000000000476       0x2d ./Drivers/STM32F1xx_HAL_Driver/Src/stm32f1xx_hal_rcc.o
 .ARM.attributes
                0x00000000000004a3       0x2d ./Drivers/STM32F1xx_HAL_Driver/Src/stm32f1xx_hal_rcc_ex.o
 .ARM.attributes
                0x00000000000004d0       0x2d ./Drivers/STM32F1xx_HAL_Driver/Src/stm32f1xx_hal_rtc.o
 .ARM.attributes
                0x00000000000004fd       0x2d ./Drivers/STM32F1xx_HAL_Driver/Src/stm32f1xx_hal_tim.o
 .ARM.attributes
                0x000000000000052a       0x2d ./Drivers/STM32F1xx_HAL_Driver/Src/stm32f1xx_hal_tim_ex.o
 .ARM.attributes
                0x0000000000000557       0x2d /Applications/STM32CubeIDE.app/Contents/Eclipse/plugins/com.st.stm32cube.ide.mcu.externaltools.gnu-tools-for-stm32.11.3.rel1.macos64_1.1.100.202310310803/tools/bin/../lib/gcc/arm-none-eabi/11.3.1/../../../../arm-none-eabi/lib/thumb/v7-m/nofp/libc_nano.a(libc_a-malloc.o)
 .ARM.attributes
                0x0000000000000584       0x2d /Applications/STM32CubeIDE.app/Contents/Eclipse/plugins/com.st.stm32cube.ide.mcu.externaltools.gnu-tools-for-stm32.11.3.rel1.macos64_1.1.100.202310310803/tools/bin/../lib/gcc/arm-none-eabi/11.3.1/../../../../arm-none-eabi/lib/thumb/v7-m/nofp/libc_nano.a(libc_a-mallocr.o)
 .ARM.attributes
                0x00000000000005b1       0x2d /Applications/STM32CubeIDE.app/Contents/Eclipse/plugins/com.st.stm32cube.ide.mcu.externaltools.gnu-tools-for-stm32.11.3.rel1.macos64_1.1.100.202310310803/tools/bin/../lib/gcc/arm-none-eabi/11.3.1/../../../../arm-none-eabi/lib/thumb/v7-m/nofp/libc_nano.a(libc_a-mlock.o)
 .ARM.attributes
                0x00000000000005de       0x2d /Applications/STM32CubeIDE.app/Contents/Eclipse/plugins/com.st.stm32cube.ide.mcu.externaltools.gnu-tools-for-stm32.11.3.rel1.macos64_1.1.100.202310310803/tools/bin/../lib/gcc/arm-none-eabi/11.3.1/../../../../arm-none-eabi/lib/thumb/v7-m/nofp/libc_nano.a(libc_a-findfp.o)
 .ARM.attributes
                0x000000000000060b       0x2d /Applications/STM32CubeIDE.app/Contents/Eclipse/plugins/com.st.stm32cube.ide.mcu.externaltools.gnu-tools-for-stm32.11.3.rel1.macos64_1.1.100.202310310803/tools/bin/../lib/gcc/arm-none-eabi/11.3.1/../../../../arm-none-eabi/lib/thumb/v7-m/nofp/libc_nano.a(libc_a-memset.o)
 .ARM.attributes
                0x0000000000000638       0x2d /Applications/STM32CubeIDE.app/Contents/Eclipse/plugins/com.st.stm32cube.ide.mcu.externaltools.gnu-tools-for-stm32.11.3.rel1.macos64_1.1.100.202310310803/tools/bin/../lib/gcc/arm-none-eabi/11.3.1/../../../../arm-none-eabi/lib/thumb/v7-m/nofp/libc_nano.a(libc_a-impure.o)
 .ARM.attributes
                0x0000000000000665       0x2d /Applications/STM32CubeIDE.app/Contents/Eclipse/plugins/com.st.stm32cube.ide.mcu.externaltools.gnu-tools-for-stm32.11.3.rel1.macos64_1.1.100.202310310803/tools/bin/../lib/gcc/arm-none-eabi/11.3.1/../../../../arm-none-eabi/lib/thumb/v7-m/nofp/libc_nano.a(libc_a-sbrkr.o)
 .ARM.attributes
                0x0000000000000692       0x2d /Applications/STM32CubeIDE.app/Contents/Eclipse/plugins/com.st.stm32cube.ide.mcu.externaltools.gnu-tools-for-stm32.11.3.rel1.macos64_1.1.100.202310310803/tools/bin/../lib/gcc/arm-none-eabi/11.3.1/../../../../arm-none-eabi/lib/thumb/v7-m/nofp/libc_nano.a(libc_a-errno.o)
 .ARM.attributes
                0x00000000000006bf       0x2d /Applications/STM32CubeIDE.app/Contents/Eclipse/plugins/com.st.stm32cube.ide.mcu.externaltools.gnu-tools-for-stm32.11.3.rel1.macos64_1.1.100.202310310803/tools/bin/../lib/gcc/arm-none-eabi/11.3.1/../../../../arm-none-eabi/lib/thumb/v7-m/nofp/libc_nano.a(libc_a-init.o)
 .ARM.attributes
                0x00000000000006ec       0x2d /Applications/STM32CubeIDE.app/Contents/Eclipse/plugins/com.st.stm32cube.ide.mcu.externaltools.gnu-tools-for-stm32.11.3.rel1.macos64_1.1.100.202310310803/tools/bin/../lib/gcc/arm-none-eabi/11.3.1/../../../../arm-none-eabi/lib/thumb/v7-m/nofp/libc_nano.a(libc_a-lock.o)
 .ARM.attributes
                0x0000000000000719       0x2d /Applications/STM32CubeIDE.app/Contents/Eclipse/plugins/com.st.stm32cube.ide.mcu.externaltools.gnu-tools-for-stm32.11.3.rel1.macos64_1.1.100.202310310803/tools/bin/../lib/gcc/arm-none-eabi/11.3.1/../../../../arm-none-eabi/lib/thumb/v7-m/nofp/libc_nano.a(libc_a-memcpy-stub.o)
 .ARM.attributes
                0x0000000000000746       0x17 /Applications/STM32CubeIDE.app/Contents/Eclipse/plugins/com.st.stm32cube.ide.mcu.externaltools.gnu-tools-for-stm32.11.3.rel1.macos64_1.1.100.202310310803/tools/bin/../lib/gcc/arm-none-eabi/11.3.1/../../../../arm-none-eabi/lib/thumb/v7-m/nofp/libc_nano.a(libc_a-strlen.o)
 .ARM.attributes
                0x000000000000075d       0x2d /Applications/STM32CubeIDE.app/Contents/Eclipse/plugins/com.st.stm32cube.ide.mcu.externaltools.gnu-tools-for-stm32.11.3.rel1.macos64_1.1.100.202310310803/tools/bin/../lib/gcc/arm-none-eabi/11.3.1/../../../../arm-none-eabi/lib/thumb/v7-m/nofp/libc_nano.a(libc_a-freer.o)
 .ARM.attributes
                0x000000000000078a       0x2d /Applications/STM32CubeIDE.app/Contents/Eclipse/plugins/com.st.stm32cube.ide.mcu.externaltools.gnu-tools-for-stm32.11.3.rel1.macos64_1.1.100.202310310803/tools/bin/../lib/gcc/arm-none-eabi/11.3.1/../../../../arm-none-eabi/lib/thumb/v7-m/nofp/libc_nano.a(libc_a-reent.o)
 .ARM.attributes
                0x00000000000007b7       0x1d /Applications/STM32CubeIDE.app/Contents/Eclipse/plugins/com.st.stm32cube.ide.mcu.externaltools.gnu-tools-for-stm32.11.3.rel1.macos64_1.1.100.202310310803/tools/bin/../lib/gcc/arm-none-eabi/11.3.1/thumb/v7-m/nofp/crtn.o
OUTPUT(SMHome_2RelayBoardRound_v12_2.elf elf32-littlearm)
LOAD linker stubs
LOAD /Applications/STM32CubeIDE.app/Contents/Eclipse/plugins/com.st.stm32cube.ide.mcu.externaltools.gnu-tools-for-stm32.11.3.rel1.macos64_1.1.100.202310310803/tools/bin/../lib/gcc/arm-none-eabi/11.3.1/../../../../arm-none-eabi/lib/thumb/v7-m/nofp/libc.a
LOAD /Applications/STM32CubeIDE.app/Contents/Eclipse/plugins/com.st.stm32cube.ide.mcu.externaltools.gnu-tools-for-stm32.11.3.rel1.macos64_1.1.100.202310310803/tools/bin/../lib/gcc/arm-none-eabi/11.3.1/../../../../arm-none-eabi/lib/thumb/v7-m/nofp/libm.a
LOAD /Applications/STM32CubeIDE.app/Contents/Eclipse/plugins/com.st.stm32cube.ide.mcu.externaltools.gnu-tools-for-stm32.11.3.rel1.macos64_1.1.100.202310310803/tools/bin/../lib/gcc/arm-none-eabi/11.3.1/thumb/v7-m/nofp/libgcc.a

.comment        0x0000000000000000       0x43
 .comment       0x0000000000000000       0x43 /Applications/STM32CubeIDE.app/Contents/Eclipse/plugins/com.st.stm32cube.ide.mcu.externaltools.gnu-tools-for-stm32.11.3.rel1.macos64_1.1.100.202310310803/tools/bin/../lib/gcc/arm-none-eabi/11.3.1/thumb/v7-m/nofp/crtbegin.o
                                         0x44 (size before relaxing)
 .comment       0x0000000000000043       0x44 ./Core/Src/adc.o
 .comment       0x0000000000000043       0x44 ./Core/Src/can.o
 .comment       0x0000000000000043       0x44 ./Core/Src/can_rx_queue.o
 .comment       0x0000000000000043       0x44 ./Core/Src/dma.o
 .comment       0x0000000000000043       0x44 ./Core/Src/gpio.o
 .comment       0x0000000000000043       0x44 ./Core/Src/main.o
 .comment       0x0000000000000043       0x44 ./Core/Src/rtc.o
 .comment       0x0000000000000043       0x44 ./Core/Src/smhome_errors.o
 .comment       0x0000000000000043       0x44 ./Core/Src/smhome_proto.o
 .comment       0x0000000000000043       0x44 ./Core/Src/smhome_sensors.o
 .comment       0x0000000000000043       0x44 ./Core/Src/stm32f1xx_hal_msp.o
 .comment       0x0000000000000043       0x44 ./Core/Src/stm32f1xx_it.o
 .comment       0x0000000000000043       0x44 ./Core/Src/sysmem.o
 .comment       0x0000000000000043       0x44 ./Core/Src/system_stm32f1xx.o
 .comment       0x0000000000000043       0x44 ./Core/Src/tim.o
 .comment       0x0000000000000043       0x44 ./Drivers/STM32F1xx_HAL_Driver/Src/stm32f1xx_hal.o
 .comment       0x0000000000000043       0x44 ./Drivers/STM32F1xx_HAL_Driver/Src/stm32f1xx_hal_adc.o
 .comment       0x0000000000000043       0x44 ./Drivers/STM32F1xx_HAL_Driver/Src/stm32f1xx_hal_adc_ex.o
 .comment       0x0000000000000043       0x44 ./Drivers/STM32F1xx_HAL_Driver/Src/stm32f1xx_hal_can.o
 .comment       0x0000000000000043       0x44 ./Drivers/STM32F1xx_HAL_Driver/Src/stm32f1xx_hal_cortex.o
 .comment       0x0000000000000043       0x44 ./Drivers/STM32F1xx_HAL_Driver/Src/stm32f1xx_hal_dma.o
 .comment       0x0000000000000043       0x44 ./Drivers/STM32F1xx_HAL_Driver/Src/stm32f1xx_hal_gpio.o
 .comment       0x0000000000000043       0x44 ./Drivers/STM32F1xx_HAL_Driver/Src/stm32f1xx_hal_pwr.o
 .comment       0x0000000000000043       0x44 ./Drivers/STM32F1xx_HAL_Driver/Src/stm32f1xx_hal_rcc.o
 .comment       0x0000000000000043       0x44 ./Drivers/STM32F1xx_HAL_Driver/Src/stm32f1xx_hal_rcc_ex.o
 .comment       0x0000000000000043       0x44 ./Drivers/STM32F1xx_HAL_Driver/Src/stm32f1xx_hal_rtc.o
 .comment       0x0000000000000043       0x44 ./Drivers/STM32F1xx_HAL_Driver/Src/stm32f1xx_hal_tim.o
 .comment       0x0000000000000043       0x44 ./Drivers/STM32F1xx_HAL_Driver/Src/stm32f1xx_hal_tim_ex.o

.debug_info     0x0000000000000000    0x10a28
 .debug_info    0x0000000000000000      0x6d7 ./Core/Src/adc.o
 .debug_info    0x00000000000006d7      0xd37 ./Core/Src/can.o
 .debug_info    0x000000000000140e      0x3b8 ./Core/Src/can_rx_queue.o
 .debug_info    0x00000000000017c6      0x2bf ./Core/Src/dma.o
 .debug_info    0x0000000000001a85      0x2c5 ./Core/Src/gpio.o
 .debug_info    0x0000000000001d4a     0x1351 ./Core/Src/main.o
 .debug_info    0x000000000000309b      0x463 ./Core/Src/rtc.o
 .debug_info    0x00000000000034fe       0xa8 ./Core/Src/smhome_errors.o
 .debug_info    0x00000000000035a6      0xa04 ./Core/Src/smhome_proto.o
 .debug_info    0x0000000000003faa     0x10ec ./Core/Src/smhome_sensors.o
 .debug_info    0x0000000000005096      0x1ff ./Core/Src/stm32f1xx_hal_msp.o
 .debug_info    0x0000000000005295      0xab6 ./Core/Src/stm32f1xx_it.o
 .debug_info    0x0000000000005d4b      0x168 ./Core/Src/sysmem.o
 .debug_info    0x0000000000005eb3      0x222 ./Core/Src/system_stm32f1xx.o
 .debug_info    0x00000000000060d5      0x9dc ./Core/Src/tim.o
 .debug_info    0x0000000000006ab1       0x23 ./Core/Startup/startup_stm32f103c6tx.o
 .debug_info    0x0000000000006ad4      0x6e6 ./Drivers/STM32F1xx_HAL_Driver/Src/stm32f1xx_hal.o
 .debug_info    0x00000000000071ba      0xc50 ./Drivers/STM32F1xx_HAL_Driver/Src/stm32f1xx_hal_adc.o
 .debug_info    0x0000000000007e0a      0xa10 ./Drivers/STM32F1xx_HAL_Driver/Src/stm32f1xx_hal_adc_ex.o
 .debug_info    0x000000000000881a      0xf22 ./Drivers/STM32F1xx_HAL_Driver/Src/stm32f1xx_hal_can.o
 .debug_info    0x000000000000973c      0xa69 ./Drivers/STM32F1xx_HAL_Driver/Src/stm32f1xx_hal_cortex.o
 .debug_info    0x000000000000a1a5      0x6d2 ./Drivers/STM32F1xx_HAL_Driver/Src/stm32f1xx_hal_dma.o
 .debug_info    0x000000000000a877      0x5ab ./Drivers/STM32F1xx_HAL_Driver/Src/stm32f1xx_hal_gpio.o
 .debug_info    0x000000000000ae22      0x628 ./Drivers/STM32F1xx_HAL_Driver/Src/stm32f1xx_hal_pwr.o
 .debug_info    0x000000000000b44a      0x7d5 ./Drivers/STM32F1xx_HAL_Driver/Src/stm32f1xx_hal_rcc.o
 .debug_info    0x000000000000bc1f      0x3c0 ./Drivers/STM32F1xx_HAL_Driver/Src/stm32f1xx_hal_rcc_ex.o
 .debug_info    0x000000000000bfdf      0xc73 ./Drivers/STM32F1xx_HAL_Driver/Src/stm32f1xx_hal_rtc.o
 .debug_info    0x000000000000cc52     0x293b ./Drivers/STM32F1xx_HAL_Driver/Src/stm32f1xx_hal_tim.o
 .debug_info    0x000000000000f58d     0x149b ./Drivers/STM32F1xx_HAL_Driver/Src/stm32f1xx_hal_tim_ex.o

.debug_abbrev   0x0000000000000000     0x37b5
 .debug_abbrev  0x0000000000000000      0x1d2 ./Core/Src/adc.o
 .debug_abbrev  0x00000000000001d2      0x2ce ./Core/Src/can.o
 .debug_abbrev  0x00000000000004a0      0x216 ./Core/Src/can_rx_queue.o
 .debug_abbrev  0x00000000000006b6       0xfc ./Core/Src/dma.o
 .debug_abbrev  0x00000000000007b2      0x13f ./Core/Src/gpio.o
 .debug_abbrev  0x00000000000008f1      0x32a ./Core/Src/main.o
 .debug_abbrev  0x0000000000000c1b      0x1e5 ./Core/Src/rtc.o
 .debug_abbrev  0x0000000000000e00       0x56 ./Core/Src/smhome_errors.o
 .debug_abbrev  0x0000000000000e56      0x280 ./Core/Src/smhome_proto.o
 .debug_abbrev  0x00000000000010d6      0x348 ./Core/Src/smhome_sensors.o
 .debug_abbrev  0x000000000000141e       0xdb ./Core/Src/stm32f1xx_hal_msp.o
 .debug_abbrev  0x00000000000014f9      0x1da ./Core/Src/stm32f1xx_it.o
 .debug_abbrev  0x00000000000016d3       0xbc ./Core/Src/sysmem.o
 .debug_abbrev  0x000000000000178f      0x13f ./Core/Src/system_stm32f1xx.o
 .debug_abbrev  0x00000000000018ce      0x229 ./Core/Src/tim.o
 .debug_abbrev  0x0000000000001af7       0x12 ./Core/Startup/startup_stm32f103c6tx.o
 .debug_abbrev  0x0000000000001b09      0x201 ./Drivers/STM32F1xx_HAL_Driver/Src/stm32f1xx_hal.o
 .debug_abbrev  0x0000000000001d0a      0x225 ./Drivers/STM32F1xx_HAL_Driver/Src/stm32f1xx_hal_adc.o
 .debug_abbrev  0x0000000000001f2f      0x249 ./Drivers/STM32F1xx_HAL_Driver/Src/stm32f1xx_hal_adc_ex.o
 .debug_abbrev  0x0000000000002178      0x20c ./Drivers/STM32F1xx_HAL_Driver/Src/stm32f1xx_hal_can.o
 .debug_abbrev  0x0000000000002384      0x2f8 ./Drivers/STM32F1xx_HAL_Driver/Src/stm32f1xx_hal_cortex.o
 .debug_abbrev  0x000000000000267c      0x20b ./Drivers/STM32F1xx_HAL_Driver/Src/stm32f1xx_hal_dma.o
 .debug_abbrev  0x0000000000002887      0x1ca ./Drivers/STM32F1xx_HAL_Driver/Src/stm32f1xx_hal_gpio.o
 .debug_abbrev  0x0000000000002a51      0x1f6 ./Drivers/STM32F1xx_HAL_Driver/Src/stm32f1xx_hal_pwr.o
 .debug_abbrev  0x0000000000002c47      0x2b3 ./Drivers/STM32F1xx_HAL_Driver/Src/stm32f1xx_hal_rcc.o
 .debug_abbrev  0x0000000000002efa      0x188 ./Drivers/STM32F1xx_HAL_Driver/Src/stm32f1xx_hal_rcc_ex.o
 .debug_abbrev  0x0000000000003082      0x23a ./Drivers/STM32F1xx_HAL_Driver/Src/stm32f1xx_hal_rtc.o
 .debug_abbrev  0x00000000000032bc      0x277 ./Drivers/STM32F1xx_HAL_Driver/Src/stm32f1xx_hal_tim.o
 .debug_abbrev  0x0000000000003533      0x282 ./Drivers/STM32F1xx_HAL_Driver/Src/stm32f1xx_hal_tim_ex.o

.debug_aranges  0x0000000000000000     0x10f8
 .debug_aranges
                0x0000000000000000       0x30 ./Core/Src/adc.o
 .debug_aranges
                0x0000000000000030       0x50 ./Core/Src/can.o
 .debug_aranges
                0x0000000000000080       0x58 ./Core/Src/can_rx_queue.o
 .debug_aranges
                0x00000000000000d8       0x20 ./Core/Src/dma.o
 .debug_aranges
                0x00000000000000f8       0x20 ./Core/Src/gpio.o
 .debug_aranges
                0x0000000000000118       0x38 ./Core/Src/main.o
 .debug_aranges
                0x0000000000000150       0x38 ./Core/Src/rtc.o
 .debug_aranges
                0x0000000000000188       0x20 ./Core/Src/smhome_errors.o
 .debug_aranges
                0x00000000000001a8       0x68 ./Core/Src/smhome_proto.o
 .debug_aranges
                0x0000000000000210       0xa8 ./Core/Src/smhome_sensors.o
 .debug_aranges
                0x00000000000002b8       0x20 ./Core/Src/stm32f1xx_hal_msp.o
 .debug_aranges
                0x00000000000002d8       0x80 ./Core/Src/stm32f1xx_it.o
 .debug_aranges
                0x0000000000000358       0x20 ./Core/Src/sysmem.o
 .debug_aranges
                0x0000000000000378       0x28 ./Core/Src/system_stm32f1xx.o
 .debug_aranges
                0x00000000000003a0       0x38 ./Core/Src/tim.o
 .debug_aranges
                0x00000000000003d8       0x28 ./Core/Startup/startup_stm32f103c6tx.o
 .debug_aranges
                0x0000000000000400       0xe0 ./Drivers/STM32F1xx_HAL_Driver/Src/stm32f1xx_hal.o
 .debug_aranges
                0x00000000000004e0       0xf0 ./Drivers/STM32F1xx_HAL_Driver/Src/stm32f1xx_hal_adc.o
 .debug_aranges
                0x00000000000005d0       0x80 ./Drivers/STM32F1xx_HAL_Driver/Src/stm32f1xx_hal_adc_ex.o
 .debug_aranges
                0x0000000000000650      0x138 ./Drivers/STM32F1xx_HAL_Driver/Src/stm32f1xx_hal_can.o
 .debug_aranges
                0x0000000000000788      0x100 ./Drivers/STM32F1xx_HAL_Driver/Src/stm32f1xx_hal_cortex.o
 .debug_aranges
                0x0000000000000888       0x80 ./Drivers/STM32F1xx_HAL_Driver/Src/stm32f1xx_hal_dma.o
 .debug_aranges
                0x0000000000000908       0x58 ./Drivers/STM32F1xx_HAL_Driver/Src/stm32f1xx_hal_gpio.o
 .debug_aranges
                0x0000000000000960       0xa8 ./Drivers/STM32F1xx_HAL_Driver/Src/stm32f1xx_hal_pwr.o
 .debug_aranges
                0x0000000000000a08       0x90 ./Drivers/STM32F1xx_HAL_Driver/Src/stm32f1xx_hal_rcc.o
 .debug_aranges
                0x0000000000000a98       0x30 ./Drivers/STM32F1xx_HAL_Driver/Src/stm32f1xx_hal_rcc_ex.o
 .debug_aranges
                0x0000000000000ac8       0xf8 ./Drivers/STM32F1xx_HAL_Driver/Src/stm32f1xx_hal_rtc.o
 .debug_aranges
                0x0000000000000bc0      0x3d0 ./Drivers/STM32F1xx_HAL_Driver/Src/stm32f1xx_hal_tim.o
 .debug_aranges
                0x0000000000000f90      0x168 ./Drivers/STM32F1xx_HAL_Driver/Src/stm32f1xx_hal_tim_ex.o

.debug_rnglists
                0x0000000000000000      0xcdf
 .debug_rnglists
                0x0000000000000000       0x21 ./Core/Src/adc.o
 .debug_rnglists
                0x0000000000000021       0x3a ./Core/Src/can.o
 .debug_rnglists
                0x000000000000005b       0x3d ./Core/Src/can_rx_queue.o
 .debug_rnglists
                0x0000000000000098       0x13 ./Core/Src/dma.o
 .debug_rnglists
                0x00000000000000ab       0x14 ./Core/Src/gpio.o
 .debug_rnglists
                0x00000000000000bf       0x27 ./Core/Src/main.o
 .debug_rnglists
                0x00000000000000e6       0x25 ./Core/Src/rtc.o
 .debug_rnglists
                0x000000000000010b       0x13 ./Core/Src/smhome_errors.o
 .debug_rnglists
                0x000000000000011e       0x51 ./Core/Src/smhome_proto.o
 .debug_rnglists
                0x000000000000016f       0x7f ./Core/Src/smhome_sensors.o
 .debug_rnglists
                0x00000000000001ee       0x13 ./Core/Src/stm32f1xx_hal_msp.o
 .debug_rnglists
                0x0000000000000201       0x5b ./Core/Src/stm32f1xx_it.o
 .debug_rnglists
                0x000000000000025c       0x13 ./Core/Src/sysmem.o
 .debug_rnglists
                0x000000000000026f       0x1a ./Core/Src/system_stm32f1xx.o
 .debug_rnglists
                0x0000000000000289       0x26 ./Core/Src/tim.o
 .debug_rnglists
                0x00000000000002af       0x19 ./Core/Startup/startup_stm32f103c6tx.o
 .debug_rnglists
                0x00000000000002c8       0xa3 ./Drivers/STM32F1xx_HAL_Driver/Src/stm32f1xx_hal.o
 .debug_rnglists
                0x000000000000036b       0xbc ./Drivers/STM32F1xx_HAL_Driver/Src/stm32f1xx_hal_adc.o
 .debug_rnglists
                0x0000000000000427       0x65 ./Drivers/STM32F1xx_HAL_Driver/Src/stm32f1xx_hal_adc_ex.o
 .debug_rnglists
                0x000000000000048c       0xee ./Drivers/STM32F1xx_HAL_Driver/Src/stm32f1xx_hal_can.o
 .debug_rnglists
                0x000000000000057a       0xbb ./Drivers/STM32F1xx_HAL_Driver/Src/stm32f1xx_hal_cortex.o
 .debug_rnglists
                0x0000000000000635       0x64 ./Drivers/STM32F1xx_HAL_Driver/Src/stm32f1xx_hal_dma.o
 .debug_rnglists
                0x0000000000000699       0x3f ./Drivers/STM32F1xx_HAL_Driver/Src/stm32f1xx_hal_gpio.o
 .debug_rnglists
                0x00000000000006d8       0x7a ./Drivers/STM32F1xx_HAL_Driver/Src/stm32f1xx_hal_pwr.o
 .debug_rnglists
                0x0000000000000752       0x6c ./Drivers/STM32F1xx_HAL_Driver/Src/stm32f1xx_hal_rcc.o
 .debug_rnglists
                0x00000000000007be       0x21 ./Drivers/STM32F1xx_HAL_Driver/Src/stm32f1xx_hal_rcc_ex.o
 .debug_rnglists
                0x00000000000007df       0xc1 ./Drivers/STM32F1xx_HAL_Driver/Src/stm32f1xx_hal_rtc.o
 .debug_rnglists
                0x00000000000008a0      0x31a ./Drivers/STM32F1xx_HAL_Driver/Src/stm32f1xx_hal_tim.o
 .debug_rnglists
                0x0000000000000bba      0x125 ./Drivers/STM32F1xx_HAL_Driver/Src/stm32f1xx_hal_tim_ex.o

.debug_macro    0x0000000000000000    0x1b492
 .debug_macro   0x0000000000000000      0x313 ./Core/Src/adc.o
 .debug_macro   0x0000000000000313      0xa9c ./Core/Src/adc.o
 .debug_macro   0x0000000000000daf      0x22d ./Core/Src/adc.o
 .debug_macro   0x0000000000000fdc       0x2e ./Core/Src/adc.o
 .debug_macro   0x000000000000100a       0x22 ./Core/Src/adc.o
 .debug_macro   0x000000000000102c       0x22 ./Core/Src/adc.o
 .debug_macro   0x000000000000104e       0x8e ./Core/Src/adc.o
 .debug_macro   0x00000000000010dc       0x51 ./Core/Src/adc.o
 .debug_macro   0x000000000000112d      0x103 ./Core/Src/adc.o
 .debug_macro   0x0000000000001230       0x6a ./Core/Src/adc.o
 .debug_macro   0x000000000000129a      0x1df ./Core/Src/adc.o
 .debug_macro   0x0000000000001479       0x1c ./Core/Src/adc.o
 .debug_macro   0x0000000000001495       0x22 ./Core/Src/adc.o
 .debug_macro   0x00000000000014b7       0xbd ./Core/Src/adc.o
 .debug_macro   0x0000000000001574      0xd23 ./Core/Src/adc.o
 .debug_macro   0x0000000000002297     0xde75 ./Core/Src/adc.o
 .debug_macro   0x000000000001010c       0x6d ./Core/Src/adc.o
 .debug_macro   0x0000000000010179     0x348d ./Core/Src/adc.o
 .debug_macro   0x0000000000013606      0x174 ./Core/Src/adc.o
 .debug_macro   0x000000000001377a       0x5c ./Core/Src/adc.o
 .debug_macro   0x00000000000137d6      0x5bc ./Core/Src/adc.o
 .debug_macro   0x0000000000013d92      0x1b7 ./Core/Src/adc.o
 .debug_macro   0x0000000000013f49      0x1cb ./Core/Src/adc.o
 .debug_macro   0x0000000000014114      0x114 ./Core/Src/adc.o
 .debug_macro   0x0000000000014228      0x1b2 ./Core/Src/adc.o
 .debug_macro   0x00000000000143da       0x27 ./Core/Src/adc.o
 .debug_macro   0x0000000000014401      0x12f ./Core/Src/adc.o
 .debug_macro   0x0000000000014530      0x1bc ./Core/Src/adc.o
 .debug_macro   0x00000000000146ec       0x34 ./Core/Src/adc.o
 .debug_macro   0x0000000000014720       0x3c ./Core/Src/adc.o
 .debug_macro   0x000000000001475c      0x408 ./Core/Src/adc.o
 .debug_macro   0x0000000000014b64       0x57 ./Core/Src/adc.o
 .debug_macro   0x0000000000014bbb      0x46a ./Core/Src/adc.o
 .debug_macro   0x0000000000015025      0x1b5 ./Core/Src/adc.o
 .debug_macro   0x00000000000151da       0x87 ./Core/Src/adc.o
 .debug_macro   0x0000000000015261      0x183 ./Core/Src/adc.o
 .debug_macro   0x00000000000153e4      0x140 ./Core/Src/adc.o
 .debug_macro   0x0000000000015524      0x1ef ./Core/Src/adc.o
 .debug_macro   0x0000000000015713       0xeb ./Core/Src/adc.o
 .debug_macro   0x00000000000157fe      0x8ed ./Core/Src/adc.o
 .debug_macro   0x00000000000160eb       0x69 ./Core/Src/adc.o
 .debug_macro   0x0000000000016154       0x61 ./Core/Src/adc.o
 .debug_macro   0x00000000000161b5       0x24 ./Core/Src/adc.o
 .debug_macro   0x00000000000161d9       0x43 ./Core/Src/adc.o
 .debug_macro   0x000000000001621c       0x34 ./Core/Src/adc.o
 .debug_macro   0x0000000000016250       0x16 ./Core/Src/adc.o
 .debug_macro   0x0000000000016266       0x43 ./Core/Src/adc.o
 .debug_macro   0x00000000000162a9       0x34 ./Core/Src/adc.o
 .debug_macro   0x00000000000162dd       0x10 ./Core/Src/adc.o
 .debug_macro   0x00000000000162ed       0x58 ./Core/Src/adc.o
 .debug_macro   0x0000000000016345       0x8e ./Core/Src/adc.o
 .debug_macro   0x00000000000163d3       0x1c ./Core/Src/adc.o
 .debug_macro   0x00000000000163ef      0x177 ./Core/Src/adc.o
 .debug_macro   0x0000000000016566      0x369 ./Core/Src/adc.o
 .debug_macro   0x00000000000168cf       0x10 ./Core/Src/adc.o
 .debug_macro   0x00000000000168df       0x35 ./Core/Src/adc.o
 .debug_macro   0x0000000000016914       0x20 ./Core/Src/adc.o
 .debug_macro   0x0000000000016934       0x22 ./Core/Src/adc.o
 .debug_macro   0x0000000000016956       0x16 ./Core/Src/adc.o
 .debug_macro   0x000000000001696c       0x16 ./Core/Src/adc.o
 .debug_macro   0x0000000000016982       0x29 ./Core/Src/adc.o
 .debug_macro   0x00000000000169ab       0x66 ./Core/Src/adc.o
 .debug_macro   0x0000000000016a11       0x58 ./Core/Src/adc.o
 .debug_macro   0x0000000000016a69       0xf0 ./Core/Src/adc.o
 .debug_macro   0x0000000000016b59      0x313 ./Core/Src/can.o
 .debug_macro   0x0000000000016e6c      0x30d ./Core/Src/can_rx_queue.o
 .debug_macro   0x0000000000017179       0x5b ./Core/Src/can_rx_queue.o
 .debug_macro   0x00000000000171d4       0x94 ./Core/Src/can_rx_queue.o
 .debug_macro   0x0000000000017268       0x57 ./Core/Src/can_rx_queue.o
 .debug_macro   0x00000000000172bf       0x56 ./Core/Src/can_rx_queue.o
 .debug_macro   0x0000000000017315       0x52 ./Core/Src/can_rx_queue.o
 .debug_macro   0x0000000000017367      0x313 ./Core/Src/dma.o
 .debug_macro   0x000000000001767a      0x313 ./Core/Src/gpio.o
 .debug_macro   0x000000000001798d      0x362 ./Core/Src/main.o
 .debug_macro   0x0000000000017cef       0x70 ./Core/Src/main.o
 .debug_macro   0x0000000000017d5f      0x313 ./Core/Src/rtc.o
 .debug_macro   0x0000000000018072      0x317 ./Core/Src/smhome_errors.o
 .debug_macro   0x0000000000018389      0x330 ./Core/Src/smhome_proto.o
 .debug_macro   0x00000000000186b9      0x378 ./Core/Src/smhome_sensors.o
 .debug_macro   0x0000000000018a31       0x16 ./Core/Src/smhome_sensors.o
 .debug_macro   0x0000000000018a47       0x97 ./Core/Src/smhome_sensors.o
 .debug_macro   0x0000000000018ade       0xfd ./Core/Src/smhome_sensors.o
 .debug_macro   0x0000000000018bdb       0x10 ./Core/Src/smhome_sensors.o
 .debug_macro   0x0000000000018beb       0x16 ./Core/Src/smhome_sensors.o
 .debug_macro   0x0000000000018c01       0x16 ./Core/Src/smhome_sensors.o
 .debug_macro   0x0000000000018c17      0x147 ./Core/Src/smhome_sensors.o
 .debug_macro   0x0000000000018d5e       0x16 ./Core/Src/smhome_sensors.o
 .debug_macro   0x0000000000018d74       0x6a ./Core/Src/smhome_sensors.o
 .debug_macro   0x0000000000018dde      0x309 ./Core/Src/stm32f1xx_hal_msp.o
 .debug_macro   0x00000000000190e7      0x313 ./Core/Src/stm32f1xx_it.o
 .debug_macro   0x00000000000193fa       0xff ./Core/Src/sysmem.o
 .debug_macro   0x00000000000194f9      0x23c ./Core/Src/sysmem.o
 .debug_macro   0x0000000000019735      0x1c9 ./Core/Src/system_stm32f1xx.o
 .debug_macro   0x00000000000198fe      0x317 ./Core/Src/tim.o
 .debug_macro   0x0000000000019c15      0x1ed ./Drivers/STM32F1xx_HAL_Driver/Src/stm32f1xx_hal.o
 .debug_macro   0x0000000000019e02      0x1e6 ./Drivers/STM32F1xx_HAL_Driver/Src/stm32f1xx_hal_adc.o
 .debug_macro   0x0000000000019fe8      0x1db ./Drivers/STM32F1xx_HAL_Driver/Src/stm32f1xx_hal_adc_ex.o
 .debug_macro   0x000000000001a1c3      0x1d1 ./Drivers/STM32F1xx_HAL_Driver/Src/stm32f1xx_hal_can.o
 .debug_macro   0x000000000001a394      0x1c9 ./Drivers/STM32F1xx_HAL_Driver/Src/stm32f1xx_hal_cortex.o
 .debug_macro   0x000000000001a55d      0x1c9 ./Drivers/STM32F1xx_HAL_Driver/Src/stm32f1xx_hal_dma.o
 .debug_macro   0x000000000001a726      0x234 ./Drivers/STM32F1xx_HAL_Driver/Src/stm32f1xx_hal_gpio.o
 .debug_macro   0x000000000001a95a      0x229 ./Drivers/STM32F1xx_HAL_Driver/Src/stm32f1xx_hal_pwr.o
 .debug_macro   0x000000000001ab83      0x1db ./Drivers/STM32F1xx_HAL_Driver/Src/stm32f1xx_hal_rcc.o
 .debug_macro   0x000000000001ad5e      0x1c9 ./Drivers/STM32F1xx_HAL_Driver/Src/stm32f1xx_hal_rcc_ex.o
 .debug_macro   0x000000000001af27      0x1d8 ./Drivers/STM32F1xx_HAL_Driver/Src/stm32f1xx_hal_rtc.o
 .debug_macro   0x000000000001b0ff      0x1ca ./Drivers/STM32F1xx_HAL_Driver/Src/stm32f1xx_hal_tim.o
 .debug_macro   0x000000000001b2c9      0x1c9 ./Drivers/STM32F1xx_HAL_Driver/Src/stm32f1xx_hal_tim_ex.o

.debug_line     0x0000000000000000    0x16b65
 .debug_line    0x0000000000000000      0x95e ./Core/Src/adc.o
 .debug_line    0x000000000000095e      0xa8f ./Core/Src/can.o
 .debug_line    0x00000000000013ed      0xa06 ./Core/Src/can_rx_queue.o
 .debug_line    0x0000000000001df3      0x8c6 ./Core/Src/dma.o
 .debug_line    0x00000000000026b9      0x900 ./Core/Src/gpio.o
 .debug_line    0x0000000000002fb9      0xa47 ./Core/Src/main.o
 .debug_line    0x0000000000003a00      0x95f ./Core/Src/rtc.o
 .debug_line    0x000000000000435f      0x8c6 ./Core/Src/smhome_errors.o
 .debug_line    0x0000000000004c25      0xd69 ./Core/Src/smhome_proto.o
 .debug_line    0x000000000000598e      0xe9a ./Core/Src/smhome_sensors.o
 .debug_line    0x0000000000006828      0x8cc ./Core/Src/stm32f1xx_hal_msp.o
 .debug_line    0x00000000000070f4      0x9ed ./Core/Src/stm32f1xx_it.o
 .debug_line    0x0000000000007ae1      0x51c ./Core/Src/sysmem.o
 .debug_line    0x0000000000007ffd      0x779 ./Core/Src/system_stm32f1xx.o
 .debug_line    0x0000000000008776      0x956 ./Core/Src/tim.o
 .debug_line    0x00000000000090cc       0x78 ./Core/Startup/startup_stm32f103c6tx.o
 .debug_line    0x0000000000009144      0x9a6 ./Drivers/STM32F1xx_HAL_Driver/Src/stm32f1xx_hal.o
 .debug_line    0x0000000000009aea     0x1023 ./Drivers/STM32F1xx_HAL_Driver/Src/stm32f1xx_hal_adc.o
 .debug_line    0x000000000000ab0d      0xd5d ./Drivers/STM32F1xx_HAL_Driver/Src/stm32f1xx_hal_adc_ex.o
 .debug_line    0x000000000000b86a     0x114d ./Drivers/STM32F1xx_HAL_Driver/Src/stm32f1xx_hal_can.o
 .debug_line    0x000000000000c9b7      0xb8e ./Drivers/STM32F1xx_HAL_Driver/Src/stm32f1xx_hal_cortex.o
 .debug_line    0x000000000000d545      0xdff ./Drivers/STM32F1xx_HAL_Driver/Src/stm32f1xx_hal_dma.o
 .debug_line    0x000000000000e344      0xa2a ./Drivers/STM32F1xx_HAL_Driver/Src/stm32f1xx_hal_gpio.o
 .debug_line    0x000000000000ed6e      0x928 ./Drivers/STM32F1xx_HAL_Driver/Src/stm32f1xx_hal_pwr.o
 .debug_line    0x000000000000f696      0xdaf ./Drivers/STM32F1xx_HAL_Driver/Src/stm32f1xx_hal_rcc.o
 .debug_line    0x0000000000010445      0x8ea ./Drivers/STM32F1xx_HAL_Driver/Src/stm32f1xx_hal_rcc_ex.o
 .debug_line    0x0000000000010d2f     0x1118 ./Drivers/STM32F1xx_HAL_Driver/Src/stm32f1xx_hal_rtc.o
 .debug_line    0x0000000000011e47     0x3449 ./Drivers/STM32F1xx_HAL_Driver/Src/stm32f1xx_hal_tim.o
 .debug_line    0x0000000000015290     0x18d5 ./Drivers/STM32F1xx_HAL_Driver/Src/stm32f1xx_hal_tim_ex.o

.debug_str      0x0000000000000000    0x90e00
 .debug_str     0x0000000000000000    0x8b520 ./Core/Src/adc.o
                                      0x8b90e (size before relaxing)
 .debug_str     0x000000000008b520      0x874 ./Core/Src/can.o
                                      0x8bea9 (size before relaxing)
 .debug_str     0x000000000008bd94       0xa3 ./Core/Src/can_rx_queue.o
                                      0x8b64c (size before relaxing)
 .debug_str     0x000000000008be37       0x29 ./Core/Src/dma.o
                                      0x8b7dc (size before relaxing)
 .debug_str     0x000000000008be60       0x68 ./Core/Src/gpio.o
                                      0x8b5b8 (size before relaxing)
 .debug_str     0x000000000008bec8      0x7a3 ./Core/Src/main.o
                                      0x8c483 (size before relaxing)
 .debug_str     0x000000000008c66b      0x193 ./Core/Src/rtc.o
                                      0x8b75c (size before relaxing)
 .debug_str     0x000000000008c7fe       0x26 ./Core/Src/smhome_errors.o
                                      0x8b4bf (size before relaxing)
 .debug_str     0x000000000008c824      0x3fd ./Core/Src/smhome_proto.o
                                      0x8bc84 (size before relaxing)
 .debug_str     0x000000000008cc21      0x868 ./Core/Src/smhome_sensors.o
                                      0x8c993 (size before relaxing)
 .debug_str     0x000000000008d489       0x50 ./Core/Src/stm32f1xx_hal_msp.o
                                      0x8b540 (size before relaxing)
 .debug_str     0x000000000008d4d9      0x13f ./Core/Src/stm32f1xx_it.o
                                      0x8bd30 (size before relaxing)
 .debug_str     0x000000000008d618      0x4dc ./Core/Src/sysmem.o
                                       0x600a (size before relaxing)
 .debug_str     0x000000000008daf4       0x7e ./Core/Src/system_stm32f1xx.o
                                      0x87bde (size before relaxing)
 .debug_str     0x000000000008db72      0x15f ./Core/Src/tim.o
                                      0x8be54 (size before relaxing)
 .debug_str     0x000000000008dcd1       0x34 ./Core/Startup/startup_stm32f103c6tx.o
                                         0x74 (size before relaxing)
 .debug_str     0x000000000008dd05      0x36f ./Drivers/STM32F1xx_HAL_Driver/Src/stm32f1xx_hal.o
                                      0x882d7 (size before relaxing)
 .debug_str     0x000000000008e074      0x373 ./Drivers/STM32F1xx_HAL_Driver/Src/stm32f1xx_hal_adc.o
                                      0x882c2 (size before relaxing)